<html>
<body>
<pre>
<h1>µVision Build Log</h1>
<h2>Tool Versions:</h2>
IDE-Version: ¦ÌVision V5.14.0.0
Copyright (C) 2015 ARM Ltd and ARM Germany GmbH. All rights reserved.
License Information: W think, CS, LIC=0VRJJ-UIB9H-PH389-4SYZB-R47U2-SMSL8
 
Tool Versions:
Toolchain:       MDK-ARM Professional  Version: 5.14.0.0
Toolchain Path:  D:\MDK\ARM\ARMCC\Bin
C Compiler:      Armcc.exe V5.05 update 1 (build 106)
Assembler:       Armasm.exe V5.05 update 1 (build 106)
Linker/Locator:  ArmLink.exe V5.05 update 1 (build 106)
Library Manager: ArmAr.exe V5.05 update 1 (build 106)
Hex Converter:   FromElf.exe V5.05 update 1 (build 106)
CPU DLL:         SARMCM3.DLL V5.14.0.0
Dialog DLL:      DCM.DLL V1.13.1.0
Target DLL:      Segger\JL2CM3.dll V2.99.13.0
Dialog DLL:      TCM.DLL V1.14.4.0
 
<h2>Project:</h2>
C:\Users\think\Desktop\gz\fd\free-flight-in-the-wind-tunnel\MDK-ARM\windtunnel.uvprojx
Project File Date:  11/02/2016

<h2>Output:</h2>
Build target 'windtunnel Configuration'
compiling freertos.c...
..\Src\freertos.c(108): warning:  #188-D: enumerated type mixed with another type
        osThreadDef(AS5600_Thread1,AS5600Thread,0,0,512);
..\Src\freertos.c(111): warning:  #188-D: enumerated type mixed with another type
        osThreadDef(StartSampleThread,StartSampleThread,1,0,512);
..\Src\freertos.c(114): warning:  #188-D: enumerated type mixed with another type
        osThreadDef(Data_Receive_Thread3,DataReceiveThread,3,0,512);
..\Src\freertos.c(117): warning:  #188-D: enumerated type mixed with another type
        osThreadDef(StartMsgSendThread, StartMsgSendThread,2, 0, 128);
..\Src\freertos.c(83): warning:  #177-D: variable "Hall" was declared but never referenced
      uint16_t Hall[4];
..\Src\freertos.c(84): warning:  #177-D: variable "data" was declared but never referenced
        uint8_t data;
..\Src\freertos.c(203): warning:  #177-D: variable "uxSavedInterruptStatus" was declared but never referenced
        UBaseType_t uxSavedInterruptStatus;
..\Src\freertos.c: 7 warnings, 0 errors
linking...
Program Size: Code=25984 RO-data=896 RW-data=184 ZI-data=18752  
"windtunnel Configuration\windtunnel Configuration.axf" - 0 Error(s), 7 Warning(s).

<h2>Collection of Component include folders:</h2>
  C:\Users\think\Desktop\gz\fd\free-flight-in-the-wind-tunnel\MDK-ARM\RTE
  D:\MDK\ARM\PACK\Keil\STM32F4xx_DFP\1.0.8\Device\Include

<h2>Collection of Component Files used:</h2>
</pre>
</body>
</html>
