Component: ARM Compiler 5.05 update 1 (build 106) Tool: armlink [4d0efa]

==============================================================================

Section Cross References

    stm32f4xx_hal_pwr_ex.o(i.HAL_PWREx_ControlVoltageScaling) refers to stm32f4xx_hal.o(i.HAL_GetTick) for HAL_GetTick
    stm32f4xx_hal_pwr_ex.o(i.HAL_PWREx_DisableBkUpReg) refers to stm32f4xx_hal.o(i.HAL_GetTick) for HAL_GetTick
    stm32f4xx_hal_pwr_ex.o(i.HAL_PWREx_EnableBkUpReg) refers to stm32f4xx_hal.o(i.HAL_GetTick) for HAL_GetTick
    stm32f4xx_hal.o(i.HAL_DeInit) refers to stm32f4xx_hal.o(i.HAL_MspDeInit) for HAL_MspDeInit
    stm32f4xx_hal.o(i.HAL_Delay) refers to stm32f4xx_hal.o(i.HAL_GetTick) for HAL_GetTick
    stm32f4xx_hal.o(i.HAL_GetTick) refers to stm32f4xx_hal.o(.data) for .data
    stm32f4xx_hal.o(i.HAL_IncTick) refers to stm32f4xx_hal.o(.data) for .data
    stm32f4xx_hal.o(i.HAL_Init) refers to stm32f4xx_hal_cortex.o(i.HAL_NVIC_SetPriorityGrouping) for HAL_NVIC_SetPriorityGrouping
    stm32f4xx_hal.o(i.HAL_Init) refers to stm32f4xx_hal.o(i.HAL_InitTick) for HAL_InitTick
    stm32f4xx_hal.o(i.HAL_Init) refers to stm32f4xx_hal_msp.o(i.HAL_MspInit) for HAL_MspInit
    stm32f4xx_hal.o(i.HAL_InitTick) refers to stm32f4xx_hal_rcc.o(i.HAL_RCC_GetHCLKFreq) for HAL_RCC_GetHCLKFreq
    stm32f4xx_hal.o(i.HAL_InitTick) refers to stm32f4xx_hal_cortex.o(i.HAL_SYSTICK_Config) for HAL_SYSTICK_Config
    stm32f4xx_hal.o(i.HAL_InitTick) refers to stm32f4xx_hal_cortex.o(i.HAL_NVIC_SetPriority) for HAL_NVIC_SetPriority
    stm32f4xx_hal_rcc.o(i.HAL_RCC_ClockConfig) refers to stm32f4xx_hal.o(i.HAL_GetTick) for HAL_GetTick
    stm32f4xx_hal_rcc.o(i.HAL_RCC_ClockConfig) refers to stm32f4xx_hal.o(i.HAL_InitTick) for HAL_InitTick
    stm32f4xx_hal_rcc.o(i.HAL_RCC_GetHCLKFreq) refers to stm32f4xx_hal_rcc.o(i.HAL_RCC_GetSysClockFreq) for HAL_RCC_GetSysClockFreq
    stm32f4xx_hal_rcc.o(i.HAL_RCC_GetHCLKFreq) refers to stm32f4xx_hal_rcc.o(.constdata) for .constdata
    stm32f4xx_hal_rcc.o(i.HAL_RCC_GetHCLKFreq) refers to system_stm32f4xx.o(.data) for SystemCoreClock
    stm32f4xx_hal_rcc.o(i.HAL_RCC_GetPCLK1Freq) refers to stm32f4xx_hal_rcc.o(i.HAL_RCC_GetHCLKFreq) for HAL_RCC_GetHCLKFreq
    stm32f4xx_hal_rcc.o(i.HAL_RCC_GetPCLK1Freq) refers to stm32f4xx_hal_rcc.o(.constdata) for .constdata
    stm32f4xx_hal_rcc.o(i.HAL_RCC_GetPCLK2Freq) refers to stm32f4xx_hal_rcc.o(i.HAL_RCC_GetHCLKFreq) for HAL_RCC_GetHCLKFreq
    stm32f4xx_hal_rcc.o(i.HAL_RCC_GetPCLK2Freq) refers to stm32f4xx_hal_rcc.o(.constdata) for .constdata
    stm32f4xx_hal_rcc.o(i.HAL_RCC_MCOConfig) refers to stm32f4xx_hal_gpio.o(i.HAL_GPIO_Init) for HAL_GPIO_Init
    stm32f4xx_hal_rcc.o(i.HAL_RCC_NMI_IRQHandler) refers to stm32f4xx_hal_rcc.o(i.HAL_RCC_CSSCallback) for HAL_RCC_CSSCallback
    stm32f4xx_hal_rcc.o(i.HAL_RCC_OscConfig) refers to stm32f4xx_hal.o(i.HAL_GetTick) for HAL_GetTick
    stm32f4xx_hal_flash_ex.o(i.HAL_FLASHEx_Erase) refers to stm32f4xx_hal_flash.o(i.FLASH_WaitForLastOperation) for FLASH_WaitForLastOperation
    stm32f4xx_hal_flash_ex.o(i.HAL_FLASHEx_Erase) refers to stm32f4xx_hal_flash_ex.o(i.FLASH_MassErase) for FLASH_MassErase
    stm32f4xx_hal_flash_ex.o(i.HAL_FLASHEx_Erase) refers to stm32f4xx_hal_flash_ex.o(i.FLASH_Erase_Sector) for FLASH_Erase_Sector
    stm32f4xx_hal_flash_ex.o(i.HAL_FLASHEx_Erase) refers to stm32f4xx_hal_flash.o(.bss) for pFlash
    stm32f4xx_hal_flash_ex.o(i.HAL_FLASHEx_Erase_IT) refers to stm32f4xx_hal_flash_ex.o(i.FLASH_Erase_Sector) for FLASH_Erase_Sector
    stm32f4xx_hal_flash_ex.o(i.HAL_FLASHEx_Erase_IT) refers to stm32f4xx_hal_flash_ex.o(i.FLASH_MassErase) for FLASH_MassErase
    stm32f4xx_hal_flash_ex.o(i.HAL_FLASHEx_Erase_IT) refers to stm32f4xx_hal_flash.o(.bss) for pFlash
    stm32f4xx_hal_flash_ex.o(i.HAL_FLASHEx_OBProgram) refers to stm32f4xx_hal_flash.o(i.FLASH_WaitForLastOperation) for FLASH_WaitForLastOperation
    stm32f4xx_hal_flash_ex.o(i.HAL_FLASHEx_OBProgram) refers to stm32f4xx_hal_flash.o(.bss) for pFlash
    stm32f4xx_hal_pwr.o(i.HAL_PWR_PVD_IRQHandler) refers to stm32f4xx_hal_pwr.o(i.HAL_PWR_PVDCallback) for HAL_PWR_PVDCallback
    stm32f4xx_hal_spi.o(i.HAL_SPI_DMAStop) refers to stm32f4xx_hal_dma.o(i.HAL_DMA_Abort) for HAL_DMA_Abort
    stm32f4xx_hal_spi.o(i.HAL_SPI_DeInit) refers to spi.o(i.HAL_SPI_MspDeInit) for HAL_SPI_MspDeInit
    stm32f4xx_hal_spi.o(i.HAL_SPI_IRQHandler) refers to stm32f4xx_hal_spi.o(i.HAL_SPI_ErrorCallback) for HAL_SPI_ErrorCallback
    stm32f4xx_hal_spi.o(i.HAL_SPI_Init) refers to spi.o(i.HAL_SPI_MspInit) for HAL_SPI_MspInit
    stm32f4xx_hal_spi.o(i.HAL_SPI_Receive) refers to stm32f4xx_hal_spi.o(i.HAL_SPI_TransmitReceive) for HAL_SPI_TransmitReceive
    stm32f4xx_hal_spi.o(i.HAL_SPI_Receive) refers to stm32f4xx_hal_spi.o(i.SPI_WaitOnFlagUntilTimeout) for SPI_WaitOnFlagUntilTimeout
    stm32f4xx_hal_spi.o(i.HAL_SPI_Receive_DMA) refers to stm32f4xx_hal_spi.o(i.HAL_SPI_TransmitReceive_DMA) for HAL_SPI_TransmitReceive_DMA
[...]
    i.USART1_IRQHandler                      0x08004b00   Section        0  stm32f4xx_it.o(i.USART1_IRQHandler)
    i.__scatterload_copy                     0x08004b50   Section       14  handlers.o(i.__scatterload_copy)
    i.__scatterload_null                     0x08004b5e   Section        2  handlers.o(i.__scatterload_null)
    i.__scatterload_zeroinit                 0x08004b60   Section       14  handlers.o(i.__scatterload_zeroinit)
    i._mav_finalize_message_chan_send        0x08004b70   Section        0  mavlink_task.o(i._mav_finalize_message_chan_send)
    _mav_finalize_message_chan_send          0x08004b71   Thumb Code   190  mavlink_task.o(i._mav_finalize_message_chan_send)
    i._mavlink_send_uart                     0x08004c38   Section        0  mavlink_task.o(i._mavlink_send_uart)
    _mavlink_send_uart                       0x08004c39   Thumb Code    34  mavlink_task.o(i._mavlink_send_uart)
    i.comm_send_ch                           0x08004c5c   Section        0  freertos.o(i.comm_send_ch)
    i.crc_accumulate                         0x08004c74   Section        0  mavlink_task.o(i.crc_accumulate)
    crc_accumulate                           0x08004c75   Thumb Code    28  mavlink_task.o(i.crc_accumulate)
    i.inHandlerMode                          0x08004c90   Section        0  cmsis_os.o(i.inHandlerMode)
    inHandlerMode                            0x08004c91   Thumb Code    12  cmsis_os.o(i.inHandlerMode)
    i.main                                   0x08004c9c   Section        0  main.o(i.main)
    i.makeFreeRtosPriority                   0x08004d58   Section        0  cmsis_os.o(i.makeFreeRtosPriority)
    makeFreeRtosPriority                     0x08004d59   Thumb Code    12  cmsis_os.o(i.makeFreeRtosPriority)
    i.mav_array_memcpy                       0x08004d64   Section        0  mavlink_task.o(i.mav_array_memcpy)
    mav_array_memcpy                         0x08004d65   Thumb Code    12  mavlink_task.o(i.mav_array_memcpy)
    i.mavlink_frame_char_buffer              0x08004d70   Section        0  mavlink_task.o(i.mavlink_frame_char_buffer)
    mavlink_frame_char_buffer                0x08004d71   Thumb Code   340  mavlink_task.o(i.mavlink_frame_char_buffer)
    i.mavlink_msg_sensors_send               0x08004ec8   Section        0  mavlink_task.o(i.mavlink_msg_sensors_send)
    mavlink_msg_sensors_send                 0x08004ec9   Thumb Code    50  mavlink_task.o(i.mavlink_msg_sensors_send)
    i.mavlink_update_checksum                0x08004efa   Section        0  mavlink_task.o(i.mavlink_update_checksum)
    mavlink_update_checksum                  0x08004efb   Thumb Code    10  mavlink_task.o(i.mavlink_update_checksum)
    i.osDelay                                0x08004f04   Section        0  cmsis_os.o(i.osDelay)
    i.osKernelStart                          0x08004f12   Section        0  cmsis_os.o(i.osKernelStart)
    i.osMessageCreate                        0x08004f1c   Section        0  cmsis_os.o(i.osMessageCreate)
    i.osSemaphoreRelease                     0x08004f28   Section        0  cmsis_os.o(i.osSemaphoreRelease)
    i.osSemaphoreWait                        0x08004f70   Section        0  cmsis_os.o(i.osSemaphoreWait)
    i.osSystickHandler                       0x08004fd0   Section        0  cmsis_os.o(i.osSystickHandler)
    i.osThreadCreate                         0x08004fe4   Section        0  cmsis_os.o(i.osThreadCreate)
    i.prvAddCurrentTaskToDelayedList         0x0800501c   Section        0  tasks.o(i.prvAddCurrentTaskToDelayedList)
    prvAddCurrentTaskToDelayedList           0x0800501d   Thumb Code    48  tasks.o(i.prvAddCurrentTaskToDelayedList)
    i.prvCheckForValidListAndQueue           0x08005050   Section        0  timers.o(i.prvCheckForValidListAndQueue)
    prvCheckForValidListAndQueue             0x08005051   Thumb Code    68  timers.o(i.prvCheckForValidListAndQueue)
    i.prvCheckTasksWaitingTermination        0x080050a4   Section        0  tasks.o(i.prvCheckTasksWaitingTermination)
    prvCheckTasksWaitingTermination          0x080050a5   Thumb Code    76  tasks.o(i.prvCheckTasksWaitingTermination)
    i.prvCopyDataFromQueue                   0x080050f8   Section        0  queue.o(i.prvCopyDataFromQueue)
    prvCopyDataFromQueue                     0x080050f9   Thumb Code    38  queue.o(i.prvCopyDataFromQueue)
    i.prvCopyDataToQueue                     0x0800511e   Section        0  queue.o(i.prvCopyDataToQueue)
    prvCopyDataToQueue                       0x0800511f   Thumb Code   110  queue.o(i.prvCopyDataToQueue)
    i.prvHeapInit                            0x0800518c   Section        0  heap_4.o(i.prvHeapInit)
    prvHeapInit                              0x0800518d   Thumb Code    66  heap_4.o(i.prvHeapInit)
    i.prvIdleTask                            0x080051d8   Section        0  tasks.o(i.prvIdleTask)
    prvIdleTask                              0x080051d9   Thumb Code    20  tasks.o(i.prvIdleTask)
    i.prvInsertBlockIntoFreeList             0x080051f0   Section        0  heap_4.o(i.prvInsertBlockIntoFreeList)
    prvInsertBlockIntoFreeList               0x080051f1   Thumb Code    72  heap_4.o(i.prvInsertBlockIntoFreeList)
    i.prvInsertTimerInActiveList             0x0800523c   Section        0  timers.o(i.prvInsertTimerInActiveList)
    prvInsertTimerInActiveList               0x0800523d   Thumb Code    52  timers.o(i.prvInsertTimerInActiveList)
    i.prvProcessReceivedCommands             0x08005274   Section        0  timers.o(i.prvProcessReceivedCommands)
    prvProcessReceivedCommands               0x08005275   Thumb Code   176  timers.o(i.prvProcessReceivedCommands)
    i.prvProcessTimerOrBlockTask             0x08005328   Section        0  timers.o(i.prvProcessTimerOrBlockTask)
    prvProcessTimerOrBlockTask               0x08005329   Thumb Code   136  timers.o(i.prvProcessTimerOrBlockTask)
    i.prvResetNextTaskUnblockTime            0x080053b4   Section        0  tasks.o(i.prvResetNextTaskUnblockTime)
    prvResetNextTaskUnblockTime              0x080053b5   Thumb Code    26  tasks.o(i.prvResetNextTaskUnblockTime)
    i.prvSampleTimeNow                       0x080053d4   Section        0  timers.o(i.prvSampleTimeNow)
    prvSampleTimeNow                         0x080053d5   Thumb Code    36  timers.o(i.prvSampleTimeNow)
    i.prvSwitchTimerLists                    0x080053fc   Section        0  timers.o(i.prvSwitchTimerLists)
    prvSwitchTimerLists                      0x080053fd   Thumb Code    92  timers.o(i.prvSwitchTimerLists)
    i.prvTaskExitError                       0x0800545c   Section        0  port.o(i.prvTaskExitError)
    prvTaskExitError                         0x0800545d   Thumb Code    20  port.o(i.prvTaskExitError)
    i.prvTestWaitCondition                   0x08005474   Section        0  event_groups.o(i.prvTestWaitCondition)
    prvTestWaitCondition                     0x08005475   Thumb Code    20  event_groups.o(i.prvTestWaitCondition)
    i.prvTimerTask                           0x08005488   Section        0  timers.o(i.prvTimerTask)
    prvTimerTask                             0x08005489   Thumb Code    32  timers.o(i.prvTimerTask)
    i.prvUnlockQueue                         0x080054ac   Section        0  queue.o(i.prvUnlockQueue)
    prvUnlockQueue                           0x080054ad   Thumb Code   100  queue.o(i.prvUnlockQueue)
    i.pvPortMalloc                           0x08005510   Section        0  heap_4.o(i.pvPortMalloc)
    i.pvTaskIncrementMutexHeldCount          0x080055cc   Section        0  tasks.o(i.pvTaskIncrementMutexHeldCount)
    i.pxPortInitialiseStack                  0x080055e4   Section        0  port.o(i.pxPortInitialiseStack)
    i.uxListRemove                           0x0800560c   Section        0  list.o(i.uxListRemove)
    i.uxTaskResetEventItemValue              0x08005630   Section        0  tasks.o(i.uxTaskResetEventItemValue)
    i.vEventGroupSetBitsCallback             0x08005648   Section        0  event_groups.o(i.vEventGroupSetBitsCallback)
    i.vListInitialise                        0x0800564c   Section        0  list.o(i.vListInitialise)
    i.vListInitialiseItem                    0x08005662   Section        0  list.o(i.vListInitialiseItem)
    i.vListInsert                            0x08005668   Section        0  list.o(i.vListInsert)
    i.vListInsertEnd                         0x08005698   Section        0  list.o(i.vListInsertEnd)
    i.vPortEnterCritical                     0x080056b0   Section        0  port.o(i.vPortEnterCritical)
    i.vPortExitCritical                      0x080056e4   Section        0  port.o(i.vPortExitCritical)
    i.vPortFree                              0x08005708   Section        0  heap_4.o(i.vPortFree)
    i.vPortSetupTimerInterrupt               0x08005750   Section        0  port.o(i.vPortSetupTimerInterrupt)
    i.vPortValidateInterruptPriority         0x08005770   Section        0  port.o(i.vPortValidateInterruptPriority)
    i.vPortYield                             0x080057b0   Section        0  port.o(i.vPortYield)
    i.vQueueAddToRegistry                    0x080057c8   Section        0  queue.o(i.vQueueAddToRegistry)
    i.vQueueWaitForMessageRestricted         0x080057f0   Section        0  queue.o(i.vQueueWaitForMessageRestricted)
    i.vTaskDelay                             0x08005828   Section        0  tasks.o(i.vTaskDelay)
    i.vTaskDelayUntil                        0x08005878   Section        0  tasks.o(i.vTaskDelayUntil)
    i.vTaskMissedYield                       0x080058f4   Section        0  tasks.o(i.vTaskMissedYield)
    i.vTaskPlaceOnEventList                  0x08005900   Section        0  tasks.o(i.vTaskPlaceOnEventList)
    i.vTaskPlaceOnEventListRestricted        0x08005958   Section        0  tasks.o(i.vTaskPlaceOnEventListRestricted)
    i.vTaskPlaceOnUnorderedEventList         0x0800599c   Section        0  tasks.o(i.vTaskPlaceOnUnorderedEventList)
    i.vTaskPriorityInherit                   0x08005a08   Section        0  tasks.o(i.vTaskPriorityInherit)
    i.vTaskSetTimeOutState                   0x08005a8c   Section        0  tasks.o(i.vTaskSetTimeOutState)
    i.vTaskStartScheduler                    0x08005aa8   Section        0  tasks.o(i.vTaskStartScheduler)
    i.vTaskSuspendAll                        0x08005afc   Section        0  tasks.o(i.vTaskSuspendAll)
    i.vTaskSwitchContext                     0x08005b0c   Section        0  tasks.o(i.vTaskSwitchContext)
    i.xEventGroupCreate                      0x08005b60   Section        0  event_groups.o(i.xEventGroupCreate)
    i.xEventGroupSetBits                     0x08005b7c   Section        0  event_groups.o(i.xEventGroupSetBits)
    i.xEventGroupSetBitsFromISR              0x08005bec   Section        0  event_groups.o(i.xEventGroupSetBitsFromISR)
    i.xEventGroupWaitBits                    0x08005bfc   Section        0  event_groups.o(i.xEventGroupWaitBits)
    i.xPortStartScheduler                    0x08005cc4   Section        0  port.o(i.xPortStartScheduler)
    i.xPortSysTickHandler                    0x08005d48   Section        0  port.o(i.xPortSysTickHandler)
    i.xQueueGenericCreate                    0x08005d6c   Section        0  queue.o(i.xQueueGenericCreate)
    i.xQueueGenericReceive                   0x08005db4   Section        0  queue.o(i.xQueueGenericReceive)
    i.xQueueGenericReset                     0x08005ee2   Section        0  queue.o(i.xQueueGenericReset)
    i.xQueueGenericSend                      0x08005f4c   Section        0  queue.o(i.xQueueGenericSend)
    i.xQueueGenericSendFromISR               0x08006060   Section        0  queue.o(i.xQueueGenericSendFromISR)
    i.xQueueReceiveFromISR                   0x080060f2   Section        0  queue.o(i.xQueueReceiveFromISR)
    i.xTaskCheckForTimeOut                   0x08006168   Section        0  tasks.o(i.xTaskCheckForTimeOut)
    i.xTaskGenericCreate                     0x080061c0   Section        0  tasks.o(i.xTaskGenericCreate)
    i.xTaskGetSchedulerState                 0x08006344   Section        0  tasks.o(i.xTaskGetSchedulerState)
    i.xTaskGetTickCount                      0x08006360   Section        0  tasks.o(i.xTaskGetTickCount)
    i.xTaskIncrementTick                     0x08006378   Section        0  tasks.o(i.xTaskIncrementTick)
    i.xTaskPriorityDisinherit                0x08006438   Section        0  tasks.o(i.xTaskPriorityDisinherit)
    i.xTaskRemoveFromEventList               0x080064b0   Section        0  tasks.o(i.xTaskRemoveFromEventList)
    i.xTaskRemoveFromUnorderedEventList      0x0800651c   Section        0  tasks.o(i.xTaskRemoveFromUnorderedEventList)
    i.xTaskResumeAll                         0x08006580   Section        0  tasks.o(i.xTaskResumeAll)
    i.xTimerCreateTimerTask                  0x0800662c   Section        0  timers.o(i.xTimerCreateTimerTask)
    i.xTimerGenericCommand                   0x08006670   Section        0  timers.o(i.xTimerGenericCommand)
    i.xTimerPendFunctionCallFromISR          0x080066c0   Section        0  timers.o(i.xTimerPendFunctionCallFromISR)
    .constdata                               0x080066e8   Section       16  stm32f4xx_hal_rcc.o(.constdata)
    .constdata                               0x080066f8   Section      108  freertos.o(.constdata)
    .constdata                               0x08006764   Section      256  mavlink_task.o(.constdata)
    mavlink_message_crcs                     0x08006764   Data         256  mavlink_task.o(.constdata)
    .conststring                             0x08006864   Section       92  freertos.o(.conststring)
    .data                                    0x20000000   Section        4  stm32f4xx_hal.o(.data)
    uwTick                                   0x20000000   Data           4  stm32f4xx_hal.o(.data)
    .data                                    0x20000004   Section        4  system_stm32f4xx.o(.data)
    .data                                    0x20000008   Section       56  tasks.o(.data)
    uxTasksDeleted                           0x2000000c   Data           4  tasks.o(.data)
    uxCurrentNumberOfTasks                   0x20000010   Data           4  tasks.o(.data)
    xTickCount                               0x20000014   Data           4  tasks.o(.data)
    uxTopReadyPriority                       0x20000018   Data           4  tasks.o(.data)
    xSchedulerRunning                        0x2000001c   Data           4  tasks.o(.data)
    uxPendedTicks                            0x20000020   Data           4  tasks.o(.data)
    xYieldPending                            0x20000024   Data           4  tasks.o(.data)
    xNumOfOverflows                          0x20000028   Data           4  tasks.o(.data)
    uxTaskNumber                             0x2000002c   Data           4  tasks.o(.data)
    xNextTaskUnblockTime                     0x20000030   Data           4  tasks.o(.data)
    uxSchedulerSuspended                     0x20000034   Data           4  tasks.o(.data)
    pxDelayedTaskList                        0x20000038   Data           4  tasks.o(.data)
    pxOverflowDelayedTaskList                0x2000003c   Data           4  tasks.o(.data)
    .data                                    0x20000040   Section       24  heap_4.o(.data)
    pxEnd                                    0x20000040   Data           4  heap_4.o(.data)
    xFreeBytesRemaining                      0x20000044   Data           4  heap_4.o(.data)
    xMinimumEverFreeBytesRemaining           0x20000048   Data           4  heap_4.o(.data)
    xBlockAllocatedBit                       0x2000004c   Data           4  heap_4.o(.data)
    xStart                                   0x20000050   Data           8  heap_4.o(.data)
    .data                                    0x20000058   Section       12  port.o(.data)
    ucMaxSysCallPriority                     0x20000058   Data           1  port.o(.data)
    uxCriticalNesting                        0x2000005c   Data           4  port.o(.data)
    ulMaxPRIGROUPValue                       0x20000060   Data           4  port.o(.data)
    .data                                    0x20000064   Section       16  timers.o(.data)
    xTimerQueue                              0x20000064   Data           4  timers.o(.data)
    xLastTime                                0x20000068   Data           4  timers.o(.data)
    pxCurrentTimerList                       0x2000006c   Data           4  timers.o(.data)
    pxOverflowTimerList                      0x20000070   Data           4  timers.o(.data)
    .data                                    0x20000074   Section       64  freertos.o(.data)
    flag                                     0x20000074   Data           1  freertos.o(.data)
    flag_1                                   0x20000075   Data           1  freertos.o(.data)
    flag_2                                   0x20000076   Data           1  freertos.o(.data)
    flag_3                                   0x20000077   Data           1  freertos.o(.data)
    temp_cnt1                                0x2000007a   Data           2  freertos.o(.data)
    temp_cnt1_2                              0x2000007c   Data           2  freertos.o(.data)
    temp_cnt2                                0x2000007e   Data           2  freertos.o(.data)
    temp_cnt2_2                              0x20000080   Data           2  freertos.o(.data)
    temp_cnt3                                0x20000082   Data           2  freertos.o(.data)
    temp_cnt3_2                              0x20000084   Data           2  freertos.o(.data)
    temp_cnt4                                0x20000086   Data           2  freertos.o(.data)
    temp_cnt4_2                              0x20000088   Data           2  freertos.o(.data)
    Motor_RPM_1                              0x200000a4   Data           8  freertos.o(.data)
    value                                    0x200000ac   Data           8  freertos.o(.data)
    .data                                    0x200000b4   Section        1  i2c_soft.o(.data)
    .data                                    0x200000b5   Section        2  mavlink_task.o(.data)
    .bss                                     0x200000b8   Section      240  tasks.o(.bss)
    pxReadyTasksLists                        0x200000b8   Data         140  tasks.o(.bss)
    xDelayedTaskList1                        0x20000144   Data          20  tasks.o(.bss)
    xDelayedTaskList2                        0x20000158   Data          20  tasks.o(.bss)
    xPendingReadyList                        0x2000016c   Data          20  tasks.o(.bss)
    xTasksWaitingTermination                 0x20000180   Data          20  tasks.o(.bss)
    xSuspendedTaskList                       0x20000194   Data          20  tasks.o(.bss)
    .bss                                     0x200001a8   Section       64  queue.o(.bss)
    .bss                                     0x200001e8   Section    15360  heap_4.o(.bss)
    ucHeap                                   0x200001e8   Data       15360  heap_4.o(.bss)
    .bss                                     0x20003de8   Section       40  timers.o(.bss)
    xActiveTimerList1                        0x20003de8   Data          20  timers.o(.bss)
    xActiveTimerList2                        0x20003dfc   Data          20  timers.o(.bss)
    .bss                                     0x20003e10   Section      256  freertos.o(.bss)
    .bss                                     0x20003f10   Section       88  spi.o(.bss)
    .bss                                     0x20003f68   Section      240  tim.o(.bss)
    .bss                                     0x20004058   Section      272  usart.o(.bss)
    .bss                                     0x20004168   Section       16  as5600.o(.bss)
    .bss                                     0x20004178   Section     1136  mavlink_task.o(.bss)
    m_mavlink_status                         0x20004178   Data          48  mavlink_task.o(.bss)
    m_mavlink_buffer                         0x200041a8   Data        1088  mavlink_task.o(.bss)
    STACK                                    0x200045e8   Section     1024  startup_stm32f407xx.o(STACK)

    Global Symbols

    Symbol Name                              Value     Ov Type        Size  Object(Section)

    BuildAttributes$$THM_ISAv4$E$P$D$K$B$S$7EM$VFPi3$EXTD16$VFPS$VFMA$PE$A:L22UL41UL21$X:L11$S22US41US21$IEEE1$IW$USESV6$~STKCKD$USESV7$~SHL$OSPACE$ROPI$EBA8$MICROLIB$REQ8$PRES8$EABIv2 0x00000000   Number         0  anon$$obj.o ABSOLUTE
    __ARM_use_no_argv                        0x00000000   Number         0  main.o ABSOLUTE
    __cpp_initialize__aeabi_                  - Undefined Weak Reference
    __cxa_finalize                            - Undefined Weak Reference
    __decompress                              - Undefined Weak Reference
    _clock_init                               - Undefined Weak Reference
    _microlib_exit                            - Undefined Weak Reference
    __Vectors_Size                           0x00000188   Number         0  startup_stm32f407xx.o ABSOLUTE
    __Vectors                                0x08000000   Data           4  startup_stm32f407xx.o(RESET)
    __Vectors_End                            0x08000188   Data           0  startup_stm32f407xx.o(RESET)
    __main                                   0x08000189   Thumb Code     0  entry.o(.ARM.Collect$$$$00000000)
    _main_stk                                0x08000189   Thumb Code     0  entry2.o(.ARM.Collect$$$$00000001)
    _main_scatterload                        0x0800018d   Thumb Code     0  entry5.o(.ARM.Collect$$$$00000004)
    __main_after_scatterload                 0x08000191   Thumb Code     0  entry5.o(.ARM.Collect$$$$00000004)
    _main_clock                              0x08000191   Thumb Code     0  entry7b.o(.ARM.Collect$$$$00000008)
    _main_cpp_init                           0x08000191   Thumb Code     0  entry8b.o(.ARM.Collect$$$$0000000A)
    _main_init                               0x08000191   Thumb Code     0  entry9a.o(.ARM.Collect$$$$0000000B)
    __rt_final_cpp                           0x08000199   Thumb Code     0  entry10a.o(.ARM.Collect$$$$0000000D)
    __rt_final_exit                          0x08000199   Thumb Code     0  entry11a.o(.ARM.Collect$$$$0000000F)
    SVC_Handler                              0x0800019d   Thumb Code    28  port.o(.emb_text)
    __asm___6_port_c_39a90d8d__prvStartFirstTask 0x080001bd   Thumb Code    28  port.o(.emb_text)
    __asm___6_port_c_39a90d8d__prvEnableVFP  0x080001dd   Thumb Code    16  port.o(.emb_text)
    PendSV_Handler                           0x080001f1   Thumb Code    84  port.o(.emb_text)
    ulPortSetInterruptMask                   0x08000249   Thumb Code    14  port.o(.emb_text)
    vPortClearInterruptMask                  0x08000257   Thumb Code     6  port.o(.emb_text)
    vPortGetIPSR                             0x0800025d   Thumb Code     6  port.o(.emb_text)
    Reset_Handler                            0x08000265   Thumb Code     8  startup_stm32f407xx.o(.text)
    NMI_Handler                              0x0800026d   Thumb Code     2  startup_stm32f407xx.o(.text)
    HardFault_Handler                        0x0800026f   Thumb Code     2  startup_stm32f407xx.o(.text)
    MemManage_Handler                        0x08000271   Thumb Code     2  startup_stm32f407xx.o(.text)
    BusFault_Handler                         0x08000273   Thumb Code     2  startup_stm32f407xx.o(.text)
    UsageFault_Handler                       0x08000275   Thumb Code     2  startup_stm32f407xx.o(.text)
    DebugMon_Handler                         0x08000279   Thumb Code     2  startup_stm32f407xx.o(.text)
    ADC_IRQHandler                           0x0800027f   Thumb Code     0  startup_stm32f407xx.o(.text)
    CAN1_RX0_IRQHandler                      0x0800027f   Thumb Code     0  startup_stm32f407xx.o(.text)
    CAN1_RX1_IRQHandler                      0x0800027f   Thumb Code     0  startup_stm32f407xx.o(.text)
    CAN1_SCE_IRQHandler                      0x0800027f   Thumb Code     0  startup_stm32f407xx.o(.text)
    CAN1_TX_IRQHandler                       0x0800027f   Thumb Code     0  startup_stm32f407xx.o(.text)
    CAN2_RX0_IRQHandler                      0x0800027f   Thumb Code     0  startup_stm32f407xx.o(.text)
    CAN2_RX1_IRQHandler                      0x0800027f   Thumb Code     0  startup_stm32f407xx.o(.text)
    CAN2_SCE_IRQHandler                      0x0800027f   Thumb Code     0  startup_stm32f407xx.o(.text)
    CAN2_TX_IRQHandler                       0x0800027f   Thumb Code     0  startup_stm32f407xx.o(.text)
    DCMI_IRQHandler                          0x0800027f   Thumb Code     0  startup_stm32f407xx.o(.text)
    DMA1_Stream0_IRQHandler                  0x0800027f   Thumb Code     0  startup_stm32f407xx.o(.text)
    DMA1_Stream1_IRQHandler                  0x0800027f   Thumb Code     0  startup_stm32f407xx.o(.text)
    DMA1_Stream2_IRQHandler                  0x0800027f   Thumb Code     0  startup_stm32f407xx.o(.text)
    DMA1_Stream3_IRQHandler                  0x0800027f   Thumb Code     0  startup_stm32f407xx.o(.text)
    DMA1_Stream4_IRQHandler                  0x0800027f   Thumb Code     0  startup_stm32f407xx.o(.text)
    DMA1_Stream5_IRQHandler                  0x0800027f   Thumb Code     0  startup_stm32f407xx.o(.text)
    DMA1_Stream6_IRQHandler                  0x0800027f   Thumb Code     0  startup_stm32f407xx.o(.text)
    DMA1_Stream7_IRQHandler                  0x0800027f   Thumb Code     0  startup_stm32f407xx.o(.text)
    DMA2_Stream0_IRQHandler                  0x0800027f   Thumb Code     0  startup_stm32f407xx.o(.text)
    DMA2_Stream1_IRQHandler                  0x0800027f   Thumb Code     0  startup_stm32f407xx.o(.text)
    DMA2_Stream2_IRQHandler                  0x0800027f   Thumb Code     0  startup_stm32f407xx.o(.text)
    DMA2_Stream3_IRQHandler                  0x0800027f   Thumb Code     0  startup_stm32f407xx.o(.text)
    DMA2_Stream4_IRQHandler                  0x0800027f   Thumb Code     0  startup_stm32f407xx.o(.text)
    DMA2_Stream5_IRQHandler                  0x0800027f   Thumb Code     0  startup_stm32f407xx.o(.text)
    DMA2_Stream6_IRQHandler                  0x0800027f   Thumb Code     0  startup_stm32f407xx.o(.text)
    ETH_IRQHandler                           0x0800027f   Thumb Code     0  startup_stm32f407xx.o(.text)
    ETH_WKUP_IRQHandler                      0x0800027f   Thumb Code     0  startup_stm32f407xx.o(.text)
    EXTI0_IRQHandler                         0x0800027f   Thumb Code     0  startup_stm32f407xx.o(.text)
    EXTI15_10_IRQHandler                     0x0800027f   Thumb Code     0  startup_stm32f407xx.o(.text)
    EXTI1_IRQHandler                         0x0800027f   Thumb Code     0  startup_stm32f407xx.o(.text)
    EXTI2_IRQHandler                         0x0800027f   Thumb Code     0  startup_stm32f407xx.o(.text)
    EXTI3_IRQHandler                         0x0800027f   Thumb Code     0  startup_stm32f407xx.o(.text)
    EXTI4_IRQHandler                         0x0800027f   Thumb Code     0  startup_stm32f407xx.o(.text)
    EXTI9_5_IRQHandler                       0x0800027f   Thumb Code     0  startup_stm32f407xx.o(.text)
    FLASH_IRQHandler                         0x0800027f   Thumb Code     0  startup_stm32f407xx.o(.text)
    FMC_IRQHandler                           0x0800027f   Thumb Code     0  startup_stm32f407xx.o(.text)
    FPU_IRQHandler                           0x0800027f   Thumb Code     0  startup_stm32f407xx.o(.text)
    HASH_RNG_IRQHandler                      0x0800027f   Thumb Code     0  startup_stm32f407xx.o(.text)
    I2C1_ER_IRQHandler                       0x0800027f   Thumb Code     0  startup_stm32f407xx.o(.text)
    I2C1_EV_IRQHandler                       0x0800027f   Thumb Code     0  startup_stm32f407xx.o(.text)
    I2C2_ER_IRQHandler                       0x0800027f   Thumb Code     0  startup_stm32f407xx.o(.text)
    I2C2_EV_IRQHandler                       0x0800027f   Thumb Code     0  startup_stm32f407xx.o(.text)
    I2C3_ER_IRQHandler                       0x0800027f   Thumb Code     0  startup_stm32f407xx.o(.text)
    I2C3_EV_IRQHandler                       0x0800027f   Thumb Code     0  startup_stm32f407xx.o(.text)
    OTG_FS_IRQHandler                        0x0800027f   Thumb Code     0  startup_stm32f407xx.o(.text)
    OTG_FS_WKUP_IRQHandler                   0x0800027f   Thumb Code     0  startup_stm32f407xx.o(.text)
    OTG_HS_EP1_IN_IRQHandler                 0x0800027f   Thumb Code     0  startup_stm32f407xx.o(.text)
    OTG_HS_EP1_OUT_IRQHandler                0x0800027f   Thumb Code     0  startup_stm32f407xx.o(.text)
    OTG_HS_IRQHandler                        0x0800027f   Thumb Code     0  startup_stm32f407xx.o(.text)
    OTG_HS_WKUP_IRQHandler                   0x0800027f   Thumb Code     0  startup_stm32f407xx.o(.text)
    PVD_IRQHandler                           0x0800027f   Thumb Code     0  startup_stm32f407xx.o(.text)
    RCC_IRQHandler                           0x0800027f   Thumb Code     0  startup_stm32f407xx.o(.text)
    RTC_Alarm_IRQHandler                     0x0800027f   Thumb Code     0  startup_stm32f407xx.o(.text)
    RTC_WKUP_IRQHandler                      0x0800027f   Thumb Code     0  startup_stm32f407xx.o(.text)
    SDIO_IRQHandler                          0x0800027f   Thumb Code     0  startup_stm32f407xx.o(.text)
    SPI1_IRQHandler                          0x0800027f   Thumb Code     0  startup_stm32f407xx.o(.text)
    SPI2_IRQHandler                          0x0800027f   Thumb Code     0  startup_stm32f407xx.o(.text)
    SPI3_IRQHandler                          0x0800027f   Thumb Code     0  startup_stm32f407xx.o(.text)
    TAMP_STAMP_IRQHandler                    0x0800027f   Thumb Code     0  startup_stm32f407xx.o(.text)
    TIM1_BRK_TIM9_IRQHandler                 0x0800027f   Thumb Code     0  startup_stm32f407xx.o(.text)
    TIM1_CC_IRQHandler                       0x0800027f   Thumb Code     0  startup_stm32f407xx.o(.text)
    TIM1_TRG_COM_TIM11_IRQHandler            0x0800027f   Thumb Code     0  startup_stm32f407xx.o(.text)
    TIM1_UP_TIM10_IRQHandler                 0x0800027f   Thumb Code     0  startup_stm32f407xx.o(.text)
    TIM2_IRQHandler                          0x0800027f   Thumb Code     0  startup_stm32f407xx.o(.text)
    TIM4_IRQHandler                          0x0800027f   Thumb Code     0  startup_stm32f407xx.o(.text)
    TIM5_IRQHandler                          0x0800027f   Thumb Code     0  startup_stm32f407xx.o(.text)
    TIM6_DAC_IRQHandler                      0x0800027f   Thumb Code     0  startup_stm32f407xx.o(.text)
    TIM7_IRQHandler                          0x0800027f   Thumb Code     0  startup_stm32f407xx.o(.text)
    TIM8_BRK_TIM12_IRQHandler                0x0800027f   Thumb Code     0  startup_stm32f407xx.o(.text)
    TIM8_CC_IRQHandler                       0x0800027f   Thumb Code     0  startup_stm32f407xx.o(.text)
    TIM8_TRG_COM_TIM14_IRQHandler            0x0800027f   Thumb Code     0  startup_stm32f407xx.o(.text)
    TIM8_UP_TIM13_IRQHandler                 0x0800027f   Thumb Code     0  startup_stm32f407xx.o(.text)
    UART4_IRQHandler                         0x0800027f   Thumb Code     0  startup_stm32f407xx.o(.text)
    UART5_IRQHandler                         0x0800027f   Thumb Code     0  startup_stm32f407xx.o(.text)
    USART2_IRQHandler                        0x0800027f   Thumb Code     0  startup_stm32f407xx.o(.text)
    USART3_IRQHandler                        0x0800027f   Thumb Code     0  startup_stm32f407xx.o(.text)
    USART6_IRQHandler                        0x0800027f   Thumb Code     0  startup_stm32f407xx.o(.text)
    WWDG_IRQHandler                          0x0800027f   Thumb Code     0  startup_stm32f407xx.o(.text)
    __aeabi_memcpy                           0x08000289   Thumb Code    36  memcpya.o(.text)
    __aeabi_memcpy4                          0x08000289   Thumb Code     0  memcpya.o(.text)
    __aeabi_memcpy8                          0x08000289   Thumb Code     0  memcpya.o(.text)
    __aeabi_memset                           0x080002ad   Thumb Code    14  memseta.o(.text)
    __aeabi_memset4                          0x080002ad   Thumb Code     0  memseta.o(.text)
    __aeabi_memset8                          0x080002ad   Thumb Code     0  memseta.o(.text)
    __aeabi_memclr                           0x080002bb   Thumb Code     4  memseta.o(.text)
    __aeabi_memclr4                          0x080002bb   Thumb Code     0  memseta.o(.text)
    __aeabi_memclr8                          0x080002bb   Thumb Code     0  memseta.o(.text)
    _memset$wrapper                          0x080002bf   Thumb Code    18  memseta.o(.text)
    __aeabi_dmul                             0x080002d1   Thumb Code   228  dmul.o(.text)
    __aeabi_ui2d                             0x080003b5   Thumb Code    26  dfltui.o(.text)
    __aeabi_d2uiz                            0x080003cf   Thumb Code    50  dfixui.o(.text)
    __aeabi_llsr                             0x08000401   Thumb Code    32  llushr.o(.text)
    _ll_ushift_r                             0x08000401   Thumb Code     0  llushr.o(.text)
    __I$use$fp                               0x08000421   Thumb Code     0  iusefp.o(.text)
    _double_round                            0x08000421   Thumb Code    30  depilogue.o(.text)
    _double_epilogue                         0x0800043f   Thumb Code   156  depilogue.o(.text)
    __scatterload                            0x080004dd   Thumb Code    28  init.o(.text)
    __scatterload_rt2                        0x080004dd   Thumb Code     0  init.o(.text)
    __aeabi_llsl                             0x08000501   Thumb Code    30  llshl.o(.text)
    _ll_shift_l                              0x08000501   Thumb Code     0  llshl.o(.text)
    AS5600Thread                             0x08000521   Thumb Code    72  freertos.o(i.AS5600Thread)
    AS5600_Angle_Read                        0x0800056d   Thumb Code   112  as5600.o(i.AS5600_Angle_Read)
    AS5600_DaTa_Angle                        0x080005e1   Thumb Code    76  as5600.o(i.AS5600_DaTa_Angle)
    AS5600_Data                              0x0800063d   Thumb Code    60  as5600.o(i.AS5600_Data)
    DMA2_Stream7_IRQHandler                  0x0800067d   Thumb Code     6  stm32f4xx_it.o(i.DMA2_Stream7_IRQHandler)
    DataReceiveThread                        0x080006b1   Thumb Code   168  mavlink_task.o(i.DataReceiveThread)
    HAL_DMA_IRQHandler                       0x08000761   Thumb Code  3940  stm32f4xx_hal_dma.o(i.HAL_DMA_IRQHandler)
    HAL_DMA_Init                             0x080016cd   Thumb Code   108  stm32f4xx_hal_dma.o(i.HAL_DMA_Init)
    HAL_DMA_Start_IT                         0x0800173d   Thumb Code   108  stm32f4xx_hal_dma.o(i.HAL_DMA_Start_IT)
    HAL_GPIO_Init                            0x080017a9   Thumb Code   398  stm32f4xx_hal_gpio.o(i.HAL_GPIO_Init)
    HAL_GetTick                              0x08001969   Thumb Code     6  stm32f4xx_hal.o(i.HAL_GetTick)
    HAL_IncTick                              0x08001975   Thumb Code    10  stm32f4xx_hal.o(i.HAL_IncTick)
    HAL_Init                                 0x08001985   Thumb Code    48  stm32f4xx_hal.o(i.HAL_Init)
    HAL_InitTick                             0x080019b9   Thumb Code    34  stm32f4xx_hal.o(i.HAL_InitTick)
    HAL_MspInit                              0x080019db   Thumb Code    22  stm32f4xx_hal_msp.o(i.HAL_MspInit)
    HAL_NVIC_EnableIRQ                       0x080019f1   Thumb Code    22  stm32f4xx_hal_cortex.o(i.HAL_NVIC_EnableIRQ)
    HAL_NVIC_SetPriority                     0x08001a09   Thumb Code    60  stm32f4xx_hal_cortex.o(i.HAL_NVIC_SetPriority)
    HAL_NVIC_SetPriorityGrouping             0x08001a49   Thumb Code    26  stm32f4xx_hal_cortex.o(i.HAL_NVIC_SetPriorityGrouping)
    HAL_RCC_ClockConfig                      0x08001a6d   Thumb Code   514  stm32f4xx_hal_rcc.o(i.HAL_RCC_ClockConfig)
    HAL_RCC_GetHCLKFreq                      0x08001c79   Thumb Code    38  stm32f4xx_hal_rcc.o(i.HAL_RCC_GetHCLKFreq)
    HAL_RCC_GetPCLK1Freq                     0x08001cad   Thumb Code    36  stm32f4xx_hal_rcc.o(i.HAL_RCC_GetPCLK1Freq)
    HAL_RCC_GetPCLK2Freq                     0x08001cd9   Thumb Code    36  stm32f4xx_hal_rcc.o(i.HAL_RCC_GetPCLK2Freq)
    HAL_RCC_GetSysClockFreq                  0x08001d05   Thumb Code   104  stm32f4xx_hal_rcc.o(i.HAL_RCC_GetSysClockFreq)
    HAL_RCC_OscConfig                        0x08001d75   Thumb Code   806  stm32f4xx_hal_rcc.o(i.HAL_RCC_OscConfig)
    HAL_SPI_Init                             0x080020b1   Thumb Code   132  stm32f4xx_hal_spi.o(i.HAL_SPI_Init)
    HAL_SPI_MspInit                          0x08002135   Thumb Code    62  spi.o(i.HAL_SPI_MspInit)
    HAL_SYSTICK_CLKSourceConfig              0x08002181   Thumb Code    24  stm32f4xx_hal_cortex.o(i.HAL_SYSTICK_CLKSourceConfig)
    HAL_SYSTICK_Config                       0x08002199   Thumb Code    40  stm32f4xx_hal_cortex.o(i.HAL_SYSTICK_Config)
    HAL_TIMEx_BreakCallback                  0x080021c1   Thumb Code     2  stm32f4xx_hal_tim_ex.o(i.HAL_TIMEx_BreakCallback)
    HAL_TIMEx_CommutationCallback            0x080021c3   Thumb Code     2  stm32f4xx_hal_tim_ex.o(i.HAL_TIMEx_CommutationCallback)
    HAL_TIMEx_ConfigBreakDeadTime            0x080021c5   Thumb Code    66  stm32f4xx_hal_tim_ex.o(i.HAL_TIMEx_ConfigBreakDeadTime)
    HAL_TIMEx_MasterConfigSynchronization    0x08002207   Thumb Code    80  stm32f4xx_hal_tim_ex.o(i.HAL_TIMEx_MasterConfigSynchronization)
    HAL_TIM_Base_Init                        0x08002257   Thumb Code    54  stm32f4xx_hal_tim.o(i.HAL_TIM_Base_Init)
    HAL_TIM_Base_MspInit                     0x0800228d   Thumb Code   230  tim.o(i.HAL_TIM_Base_MspInit)
    HAL_TIM_ConfigClockSource                0x08002399   Thumb Code   242  stm32f4xx_hal_tim.o(i.HAL_TIM_ConfigClockSource)
    HAL_TIM_IC_CaptureCallback               0x0800248d   Thumb Code   396  freertos.o(i.HAL_TIM_IC_CaptureCallback)
    HAL_TIM_IC_ConfigChannel                 0x08002629   Thumb Code   286  stm32f4xx_hal_tim.o(i.HAL_TIM_IC_ConfigChannel)
    HAL_TIM_IC_Init                          0x08002747   Thumb Code    54  stm32f4xx_hal_tim.o(i.HAL_TIM_IC_Init)
    HAL_TIM_IC_MspInit                       0x0800277d   Thumb Code     2  stm32f4xx_hal_tim.o(i.HAL_TIM_IC_MspInit)
    HAL_TIM_IC_Start_IT                      0x0800277f   Thumb Code    76  stm32f4xx_hal_tim.o(i.HAL_TIM_IC_Start_IT)
    HAL_TIM_IRQHandler                       0x080027cb   Thumb Code   328  stm32f4xx_hal_tim.o(i.HAL_TIM_IRQHandler)
    HAL_TIM_OC_DelayElapsedCallback          0x08002913   Thumb Code     2  stm32f4xx_hal_tim.o(i.HAL_TIM_OC_DelayElapsedCallback)
    HAL_TIM_PWM_ConfigChannel                0x08002915   Thumb Code   208  stm32f4xx_hal_tim.o(i.HAL_TIM_PWM_ConfigChannel)
    HAL_TIM_PWM_Init                         0x080029e5   Thumb Code    54  stm32f4xx_hal_tim.o(i.HAL_TIM_PWM_Init)
    HAL_TIM_PWM_MspInit                      0x08002a1b   Thumb Code     2  stm32f4xx_hal_tim.o(i.HAL_TIM_PWM_MspInit)
    HAL_TIM_PWM_PulseFinishedCallback        0x08002a1d   Thumb Code     2  stm32f4xx_hal_tim.o(i.HAL_TIM_PWM_PulseFinishedCallback)
    HAL_TIM_PWM_Start                        0x08002a21   Thumb Code    48  stm32f4xx_hal_tim.o(i.HAL_TIM_PWM_Start)
    HAL_TIM_PeriodElapsedCallback            0x08002a59   Thumb Code     2  stm32f4xx_hal_tim.o(i.HAL_TIM_PeriodElapsedCallback)
    HAL_TIM_TriggerCallback                  0x08002a5b   Thumb Code     2  stm32f4xx_hal_tim.o(i.HAL_TIM_TriggerCallback)
    HAL_UART_ErrorCallback                   0x08002a5d   Thumb Code    16  freertos.o(i.HAL_UART_ErrorCallback)
    HAL_UART_IRQHandler                      0x08002a75   Thumb Code   266  stm32f4xx_hal_uart.o(i.HAL_UART_IRQHandler)
    HAL_UART_Init                            0x08002b7f   Thumb Code    94  stm32f4xx_hal_uart.o(i.HAL_UART_Init)
    HAL_UART_MspInit                         0x08002bdd   Thumb Code   216  usart.o(i.HAL_UART_MspInit)
    HAL_UART_RxCpltCallback                  0x08002cd9   Thumb Code     2  stm32f4xx_hal_uart.o(i.HAL_UART_RxCpltCallback)
    HAL_UART_Transmit_DMA                    0x08002cdd   Thumb Code   130  stm32f4xx_hal_uart.o(i.HAL_UART_Transmit_DMA)
    HAL_UART_TxCpltCallback                  0x08002d6d   Thumb Code    16  freertos.o(i.HAL_UART_TxCpltCallback)
    HAL_UART_TxHalfCpltCallback              0x08002d85   Thumb Code     2  stm32f4xx_hal_uart.o(i.HAL_UART_TxHalfCpltCallback)
    I2c_Soft_Ask                             0x08002d89   Thumb Code    40  i2c_soft.o(i.I2c_Soft_Ask)
    I2c_Soft_Ask_1                           0x08002db5   Thumb Code    40  i2c_soft.o(i.I2c_Soft_Ask_1)
    I2c_Soft_Ask_2                           0x08002de1   Thumb Code    44  i2c_soft.o(i.I2c_Soft_Ask_2)
    I2c_Soft_Ask_3                           0x08002e11   Thumb Code    44  i2c_soft.o(i.I2c_Soft_Ask_3)
    I2c_Soft_Ask_4                           0x08002e41   Thumb Code    44  i2c_soft.o(i.I2c_Soft_Ask_4)
    I2c_Soft_Ask_5                           0x08002e71   Thumb Code    44  i2c_soft.o(i.I2c_Soft_Ask_5)
    I2c_Soft_Ask_6                           0x08002ea1   Thumb Code    44  i2c_soft.o(i.I2c_Soft_Ask_6)
    I2c_Soft_Ask_7                           0x08002ed1   Thumb Code    44  i2c_soft.o(i.I2c_Soft_Ask_7)
    I2c_Soft_NoAsk                           0x08002f01   Thumb Code    40  i2c_soft.o(i.I2c_Soft_NoAsk)
    I2c_Soft_NoAsk_1                         0x08002f2d   Thumb Code    40  i2c_soft.o(i.I2c_Soft_NoAsk_1)
    I2c_Soft_NoAsk_2                         0x08002f59   Thumb Code    44  i2c_soft.o(i.I2c_Soft_NoAsk_2)
    I2c_Soft_NoAsk_3                         0x08002f89   Thumb Code    44  i2c_soft.o(i.I2c_Soft_NoAsk_3)
    I2c_Soft_NoAsk_4                         0x08002fb9   Thumb Code    44  i2c_soft.o(i.I2c_Soft_NoAsk_4)
    I2c_Soft_NoAsk_5                         0x08002fe9   Thumb Code    44  i2c_soft.o(i.I2c_Soft_NoAsk_5)
    I2c_Soft_NoAsk_6                         0x08003019   Thumb Code    44  i2c_soft.o(i.I2c_Soft_NoAsk_6)
    I2c_Soft_NoAsk_7                         0x08003049   Thumb Code    44  i2c_soft.o(i.I2c_Soft_NoAsk_7)
    I2c_Soft_ReadByte                        0x08003079   Thumb Code    82  i2c_soft.o(i.I2c_Soft_ReadByte)
    I2c_Soft_ReadByte_1                      0x080030d1   Thumb Code    82  i2c_soft.o(i.I2c_Soft_ReadByte_1)
    I2c_Soft_ReadByte_2                      0x08003129   Thumb Code    82  i2c_soft.o(i.I2c_Soft_ReadByte_2)
    I2c_Soft_ReadByte_3                      0x08003181   Thumb Code    82  i2c_soft.o(i.I2c_Soft_ReadByte_3)
    I2c_Soft_ReadByte_4                      0x080031d9   Thumb Code    82  i2c_soft.o(i.I2c_Soft_ReadByte_4)
    I2c_Soft_ReadByte_5                      0x08003231   Thumb Code    82  i2c_soft.o(i.I2c_Soft_ReadByte_5)
    I2c_Soft_ReadByte_6                      0x08003289   Thumb Code    82  i2c_soft.o(i.I2c_Soft_ReadByte_6)
    I2c_Soft_ReadByte_7                      0x080032e1   Thumb Code    82  i2c_soft.o(i.I2c_Soft_ReadByte_7)
    I2c_Soft_SendByte                        0x08003339   Thumb Code    54  i2c_soft.o(i.I2c_Soft_SendByte)
    I2c_Soft_SendByte_1                      0x08003375   Thumb Code    54  i2c_soft.o(i.I2c_Soft_SendByte_1)
    I2c_Soft_SendByte_2                      0x080033b1   Thumb Code    54  i2c_soft.o(i.I2c_Soft_SendByte_2)
    I2c_Soft_SendByte_3                      0x080033ed   Thumb Code    54  i2c_soft.o(i.I2c_Soft_SendByte_3)
    I2c_Soft_SendByte_4                      0x08003429   Thumb Code    54  i2c_soft.o(i.I2c_Soft_SendByte_4)
    I2c_Soft_SendByte_5                      0x08003465   Thumb Code    54  i2c_soft.o(i.I2c_Soft_SendByte_5)
    I2c_Soft_SendByte_6                      0x080034a1   Thumb Code    54  i2c_soft.o(i.I2c_Soft_SendByte_6)
    I2c_Soft_SendByte_7                      0x080034dd   Thumb Code    54  i2c_soft.o(i.I2c_Soft_SendByte_7)
    I2c_Soft_Start                           0x08003519   Thumb Code    52  i2c_soft.o(i.I2c_Soft_Start)
    I2c_Soft_Start_1                         0x08003551   Thumb Code    52  i2c_soft.o(i.I2c_Soft_Start_1)
    I2c_Soft_Start_2                         0x08003589   Thumb Code    54  i2c_soft.o(i.I2c_Soft_Start_2)
    I2c_Soft_Start_3                         0x080035c5   Thumb Code    54  i2c_soft.o(i.I2c_Soft_Start_3)
    I2c_Soft_Start_4                         0x08003601   Thumb Code    54  i2c_soft.o(i.I2c_Soft_Start_4)
    I2c_Soft_Start_5                         0x0800363d   Thumb Code    54  i2c_soft.o(i.I2c_Soft_Start_5)
    I2c_Soft_Start_6                         0x08003679   Thumb Code    54  i2c_soft.o(i.I2c_Soft_Start_6)
    I2c_Soft_Start_7                         0x080036b5   Thumb Code    54  i2c_soft.o(i.I2c_Soft_Start_7)
    I2c_Soft_Stop                            0x080036f1   Thumb Code    38  i2c_soft.o(i.I2c_Soft_Stop)
    I2c_Soft_Stop_1                          0x0800371d   Thumb Code    38  i2c_soft.o(i.I2c_Soft_Stop_1)
    I2c_Soft_Stop_2                          0x08003749   Thumb Code    40  i2c_soft.o(i.I2c_Soft_Stop_2)
    I2c_Soft_Stop_3                          0x08003775   Thumb Code    40  i2c_soft.o(i.I2c_Soft_Stop_3)
    I2c_Soft_Stop_4                          0x080037a1   Thumb Code    40  i2c_soft.o(i.I2c_Soft_Stop_4)
    I2c_Soft_Stop_5                          0x080037cd   Thumb Code    40  i2c_soft.o(i.I2c_Soft_Stop_5)
    I2c_Soft_Stop_6                          0x080037f9   Thumb Code    42  i2c_soft.o(i.I2c_Soft_Stop_6)
    I2c_Soft_Stop_7                          0x08003829   Thumb Code    42  i2c_soft.o(i.I2c_Soft_Stop_7)
    I2c_Soft_WaitAsk                         0x08003859   Thumb Code    68  i2c_soft.o(i.I2c_Soft_WaitAsk)
    I2c_Soft_WaitAsk_1                       0x080038a1   Thumb Code    68  i2c_soft.o(i.I2c_Soft_WaitAsk_1)
    I2c_Soft_WaitAsk_2                       0x080038e9   Thumb Code    70  i2c_soft.o(i.I2c_Soft_WaitAsk_2)
    I2c_Soft_WaitAsk_3                       0x08003935   Thumb Code    70  i2c_soft.o(i.I2c_Soft_WaitAsk_3)
    I2c_Soft_WaitAsk_4                       0x08003981   Thumb Code    70  i2c_soft.o(i.I2c_Soft_WaitAsk_4)
    I2c_Soft_WaitAsk_5                       0x080039cd   Thumb Code    70  i2c_soft.o(i.I2c_Soft_WaitAsk_5)
    I2c_Soft_WaitAsk_6                       0x08003a19   Thumb Code    72  i2c_soft.o(i.I2c_Soft_WaitAsk_6)
    I2c_Soft_WaitAsk_7                       0x08003a65   Thumb Code    72  i2c_soft.o(i.I2c_Soft_WaitAsk_7)
    I2c_Soft_delay                           0x08003ab1   Thumb Code    36  i2c_soft.o(i.I2c_Soft_delay)
    IIC_Read_nByte                           0x08003ad9   Thumb Code   104  i2c_soft.o(i.IIC_Read_nByte)
    IIC_Read_nByte_1                         0x08003b41   Thumb Code   104  i2c_soft.o(i.IIC_Read_nByte_1)
    IIC_Read_nByte_2                         0x08003ba9   Thumb Code   104  i2c_soft.o(i.IIC_Read_nByte_2)
    IIC_Read_nByte_3                         0x08003c11   Thumb Code   104  i2c_soft.o(i.IIC_Read_nByte_3)
    IIC_Read_nByte_4                         0x08003c79   Thumb Code   104  i2c_soft.o(i.IIC_Read_nByte_4)
    IIC_Read_nByte_5                         0x08003ce1   Thumb Code   104  i2c_soft.o(i.IIC_Read_nByte_5)
    IIC_Read_nByte_6                         0x08003d49   Thumb Code   104  i2c_soft.o(i.IIC_Read_nByte_6)
    IIC_Read_nByte_7                         0x08003db1   Thumb Code   104  i2c_soft.o(i.IIC_Read_nByte_7)
    MX_DMA_Init                              0x08003e19   Thumb Code    40  dma.o(i.MX_DMA_Init)
    MX_FREERTOS_Init                         0x08003e45   Thumb Code   162  freertos.o(i.MX_FREERTOS_Init)
    MX_GPIO_Init                             0x08003ef1   Thumb Code   156  gpio.o(i.MX_GPIO_Init)
    MX_SPI1_Init                             0x08003f9d   Thumb Code    44  spi.o(i.MX_SPI1_Init)
    MX_TIM1_Init                             0x08003fd1   Thumb Code   162  tim.o(i.MX_TIM1_Init)
    MX_TIM3_Init                             0x08004085   Thumb Code   116  tim.o(i.MX_TIM3_Init)
    MX_TIM5_Init                             0x08004101   Thumb Code   108  tim.o(i.MX_TIM5_Init)
    MX_TIM8_Init                             0x0800417d   Thumb Code   142  tim.o(i.MX_TIM8_Init)
    MX_USART1_UART_Init                      0x0800421d   Thumb Code    32  usart.o(i.MX_USART1_UART_Init)
    MX_USART2_UART_Init                      0x08004245   Thumb Code    32  usart.o(i.MX_USART2_UART_Init)
    MX_USART3_UART_Init                      0x0800426d   Thumb Code    32  usart.o(i.MX_USART3_UART_Init)
    SetPwm                                   0x080042b5   Thumb Code    46  mavlink_task.o(i.SetPwm)
    StartDefaultTask                         0x080042f1   Thumb Code     8  freertos.o(i.StartDefaultTask)
    StartMsgSendThread                       0x080042f9   Thumb Code    62  freertos.o(i.StartMsgSendThread)
    StartSampleThread                        0x08004345   Thumb Code   108  mavlink_task.o(i.StartSampleThread)
    SysTick_Handler                          0x080043bd   Thumb Code    14  stm32f4xx_it.o(i.SysTick_Handler)
    SystemClock_Config                       0x080043cd   Thumb Code   130  main.o(i.SystemClock_Config)
    SystemInit                               0x08004459   Thumb Code    66  system_stm32f4xx.o(i.SystemInit)
    TIM3_IRQHandler                          0x080044ad   Thumb Code     6  stm32f4xx_it.o(i.TIM3_IRQHandler)
    TIM_Base_SetConfig                       0x080044b9   Thumb Code   148  stm32f4xx_hal_tim.o(i.TIM_Base_SetConfig)
    TIM_CCxChannelCmd                        0x08004579   Thumb Code    22  stm32f4xx_hal_tim.o(i.TIM_CCxChannelCmd)
    TIM_OC2_SetConfig                        0x0800460d   Thumb Code    90  stm32f4xx_hal_tim.o(i.TIM_OC2_SetConfig)
    TIM_TI1_SetConfig                        0x08004745   Thumb Code   104  stm32f4xx_hal_tim.o(i.TIM_TI1_SetConfig)
    USART1_IRQHandler                        0x08004b01   Thumb Code    66  stm32f4xx_it.o(i.USART1_IRQHandler)
    __scatterload_copy                       0x08004b51   Thumb Code    14  handlers.o(i.__scatterload_copy)
    __scatterload_null                       0x08004b5f   Thumb Code     2  handlers.o(i.__scatterload_null)
    __scatterload_zeroinit                   0x08004b61   Thumb Code    14  handlers.o(i.__scatterload_zeroinit)
    comm_send_ch                             0x08004c5d   Thumb Code    14  freertos.o(i.comm_send_ch)
    main                                     0x08004c9d   Thumb Code   166  main.o(i.main)
    osDelay                                  0x08004f05   Thumb Code    14  cmsis_os.o(i.osDelay)
    osKernelStart                            0x08004f13   Thumb Code    10  cmsis_os.o(i.osKernelStart)
    osMessageCreate                          0x08004f1d   Thumb Code    10  cmsis_os.o(i.osMessageCreate)
    osSemaphoreRelease                       0x08004f29   Thumb Code    68  cmsis_os.o(i.osSemaphoreRelease)
    osSemaphoreWait                          0x08004f71   Thumb Code    92  cmsis_os.o(i.osSemaphoreWait)
    osSystickHandler                         0x08004fd1   Thumb Code    20  cmsis_os.o(i.osSystickHandler)
    osThreadCreate                           0x08004fe5   Thumb Code    56  cmsis_os.o(i.osThreadCreate)
    pvPortMalloc                             0x08005511   Thumb Code   182  heap_4.o(i.pvPortMalloc)
    pvTaskIncrementMutexHeldCount            0x080055cd   Thumb Code    18  tasks.o(i.pvTaskIncrementMutexHeldCount)
    pxPortInitialiseStack                    0x080055e5   Thumb Code    36  port.o(i.pxPortInitialiseStack)
    uxListRemove                             0x0800560d   Thumb Code    36  list.o(i.uxListRemove)
    uxTaskResetEventItemValue                0x08005631   Thumb Code    20  tasks.o(i.uxTaskResetEventItemValue)
    vEventGroupSetBitsCallback               0x08005649   Thumb Code     4  event_groups.o(i.vEventGroupSetBitsCallback)
    vListInitialise                          0x0800564d   Thumb Code    22  list.o(i.vListInitialise)
    vListInitialiseItem                      0x08005663   Thumb Code     6  list.o(i.vListInitialiseItem)
    vListInsert                              0x08005669   Thumb Code    48  list.o(i.vListInsert)
    vListInsertEnd                           0x08005699   Thumb Code    24  list.o(i.vListInsertEnd)
    vPortEnterCritical                       0x080056b1   Thumb Code    42  port.o(i.vPortEnterCritical)
    vPortExitCritical                        0x080056e5   Thumb Code    30  port.o(i.vPortExitCritical)
    vPortFree                                0x08005709   Thumb Code    68  heap_4.o(i.vPortFree)
    vPortSetupTimerInterrupt                 0x08005751   Thumb Code    26  port.o(i.vPortSetupTimerInterrupt)
    vPortValidateInterruptPriority           0x08005771   Thumb Code    54  port.o(i.vPortValidateInterruptPriority)
    vPortYield                               0x080057b1   Thumb Code    18  port.o(i.vPortYield)
    vQueueAddToRegistry                      0x080057c9   Thumb Code    34  queue.o(i.vQueueAddToRegistry)
    vQueueWaitForMessageRestricted           0x080057f1   Thumb Code    56  queue.o(i.vQueueWaitForMessageRestricted)
    vTaskDelay                               0x08005829   Thumb Code    76  tasks.o(i.vTaskDelay)
    vTaskDelayUntil                          0x08005879   Thumb Code   120  tasks.o(i.vTaskDelayUntil)
    vTaskMissedYield                         0x080058f5   Thumb Code     8  tasks.o(i.vTaskMissedYield)
    vTaskPlaceOnEventList                    0x08005901   Thumb Code    80  tasks.o(i.vTaskPlaceOnEventList)
    vTaskPlaceOnEventListRestricted          0x08005959   Thumb Code    62  tasks.o(i.vTaskPlaceOnEventListRestricted)
    vTaskPlaceOnUnorderedEventList           0x0800599d   Thumb Code    98  tasks.o(i.vTaskPlaceOnUnorderedEventList)
    vTaskPriorityInherit                     0x08005a09   Thumb Code   124  tasks.o(i.vTaskPriorityInherit)
    vTaskSetTimeOutState                     0x08005a8d   Thumb Code    22  tasks.o(i.vTaskSetTimeOutState)
    vTaskStartScheduler                      0x08005aa9   Thumb Code    68  tasks.o(i.vTaskStartScheduler)
    vTaskSuspendAll                          0x08005afd   Thumb Code    10  tasks.o(i.vTaskSuspendAll)
    vTaskSwitchContext                       0x08005b0d   Thumb Code    74  tasks.o(i.vTaskSwitchContext)
    xEventGroupCreate                        0x08005b61   Thumb Code    26  event_groups.o(i.xEventGroupCreate)
    xEventGroupSetBits                       0x08005b7d   Thumb Code   112  event_groups.o(i.xEventGroupSetBits)
    xEventGroupSetBitsFromISR                0x08005bed   Thumb Code    12  event_groups.o(i.xEventGroupSetBitsFromISR)
    xEventGroupWaitBits                      0x08005bfd   Thumb Code   198  event_groups.o(i.xEventGroupWaitBits)
    xPortStartScheduler                      0x08005cc5   Thumb Code   116  port.o(i.xPortStartScheduler)
    xPortSysTickHandler                      0x08005d49   Thumb Code    30  port.o(i.xPortSysTickHandler)
    xQueueGenericCreate                      0x08005d6d   Thumb Code    70  queue.o(i.xQueueGenericCreate)
    xQueueGenericReceive                     0x08005db5   Thumb Code   302  queue.o(i.xQueueGenericReceive)
    xQueueGenericReset                       0x08005ee3   Thumb Code   106  queue.o(i.xQueueGenericReset)
    xQueueGenericSend                        0x08005f4d   Thumb Code   276  queue.o(i.xQueueGenericSend)
    xQueueGenericSendFromISR                 0x08006061   Thumb Code   146  queue.o(i.xQueueGenericSendFromISR)
    xQueueReceiveFromISR                     0x080060f3   Thumb Code   118  queue.o(i.xQueueReceiveFromISR)
    xTaskCheckForTimeOut                     0x08006169   Thumb Code    82  tasks.o(i.xTaskCheckForTimeOut)
    xTaskGenericCreate                       0x080061c1   Thumb Code   380  tasks.o(i.xTaskGenericCreate)
    xTaskGetSchedulerState                   0x08006345   Thumb Code    22  tasks.o(i.xTaskGetSchedulerState)
    xTaskGetTickCount                        0x08006361   Thumb Code    18  tasks.o(i.xTaskGetTickCount)
    xTaskIncrementTick                       0x08006379   Thumb Code   184  tasks.o(i.xTaskIncrementTick)
    xTaskPriorityDisinherit                  0x08006439   Thumb Code   112  tasks.o(i.xTaskPriorityDisinherit)
    xTaskRemoveFromEventList                 0x080064b1   Thumb Code    98  tasks.o(i.xTaskRemoveFromEventList)
    xTaskRemoveFromUnorderedEventList        0x0800651d   Thumb Code    90  tasks.o(i.xTaskRemoveFromUnorderedEventList)
    xTaskResumeAll                           0x08006581   Thumb Code   162  tasks.o(i.xTaskResumeAll)
    xTimerCreateTimerTask                    0x0800662d   Thumb Code    52  timers.o(i.xTimerCreateTimerTask)
    xTimerGenericCommand                     0x08006671   Thumb Code    74  timers.o(i.xTimerGenericCommand)
    xTimerPendFunctionCallFromISR            0x080066c1   Thumb Code    34  timers.o(i.xTimerPendFunctionCallFromISR)
    APBAHBPrescTable                         0x080066e8   Data          16  stm32f4xx_hal_rcc.o(.constdata)
    Region$$Table$$Base                      0x080068c0   Number         0  anon$$obj.o(Region$$Table)
    Region$$Table$$Limit                     0x080068e0   Number         0  anon$$obj.o(Region$$Table)
    SystemCoreClock                          0x20000004   Data           4  system_stm32f4xx.o(.data)
    pxCurrentTCB                             0x20000008   Data           4  tasks.o(.data)
    pingpang_idx                             0x20000078   Data           1  freertos.o(.data)
    msgQueueAngle                            0x2000008c   Data           4  freertos.o(.data)
    msgQueueRpm                              0x20000090   Data           4  freertos.o(.data)
    msgInQueueHandle                         0x20000094   Data           4  freertos.o(.data)
    xCreatedEventGroup                       0x20000098   Data           4  freertos.o(.data)
    defaultTaskHandle                        0x2000009c   Data           4  freertos.o(.data)
    msgOutBinarySemHandle                    0x200000a0   Data           4  freertos.o(.data)
    I2C_FastMode                             0x200000b4   Data           1  i2c_soft.o(.data)
    mavlink_system                           0x200000b5   Data           2  mavlink_task.o(.data)
    xQueueRegistry                           0x200001a8   Data          64  queue.o(.bss)
    pingpang                                 0x20003e10   Data         256  freertos.o(.bss)
    hspi1                                    0x20003f10   Data          88  spi.o(.bss)
    htim1                                    0x20003f68   Data          60  tim.o(.bss)
    htim3                                    0x20003fa4   Data          60  tim.o(.bss)
    htim5                                    0x20003fe0   Data          60  tim.o(.bss)
    htim8                                    0x2000401c   Data          60  tim.o(.bss)
    huart1                                   0x20004058   Data          64  usart.o(.bss)
    huart2                                   0x20004098   Data          64  usart.o(.bss)
    huart3                                   0x200040d8   Data          64  usart.o(.bss)
    hdma_usart1_tx                           0x20004118   Data          80  usart.o(.bss)
    as5600_buffer                            0x20004168   Data          16  as5600.o(.bss)
    __initial_sp                             0x200049e8   Data           0  startup_stm32f407xx.o(STACK)



==============================================================================

Memory Map of the image

  Image Entry point : 0x08000189

  Load Region LR_IROM1 (Base: 0x08000000, Size: 0x00006998, Max: 0x00080000, ABSOLUTE)

    Execution Region ER_IROM1 (Base: 0x08000000, Size: 0x000068e0, Max: 0x00080000, ABSOLUTE)

    Base Addr    Size         Type   Attr      Idx    E Section Name        Object

    0x08000000   0x00000188   Data   RO         3540    RESET               startup_stm32f407xx.o
    0x08000188   0x00000000   Code   RO         4806  * .ARM.Collect$$$$00000000  mc_w.l(entry.o)
    0x08000188   0x00000004   Code   RO         4821    .ARM.Collect$$$$00000001  mc_w.l(entry2.o)
    0x0800018c   0x00000004   Code   RO         4824    .ARM.Collect$$$$00000004  mc_w.l(entry5.o)
    0x08000190   0x00000000   Code   RO         4826    .ARM.Collect$$$$00000008  mc_w.l(entry7b.o)
    0x08000190   0x00000000   Code   RO         4828    .ARM.Collect$$$$0000000A  mc_w.l(entry8b.o)
    0x08000190   0x00000008   Code   RO         4829    .ARM.Collect$$$$0000000B  mc_w.l(entry9a.o)
    0x08000198   0x00000000   Code   RO         4831    .ARM.Collect$$$$0000000D  mc_w.l(entry10a.o)
    0x08000198   0x00000000   Code   RO         4833    .ARM.Collect$$$$0000000F  mc_w.l(entry11a.o)
    0x08000198   0x00000004   Code   RO         4822    .ARM.Collect$$$$00002712  mc_w.l(entry2.o)
    0x0800019c   0x000000c6   Code   RO         3327    .emb_text           port.o
    0x08000262   0x00000002   PAD
    0x08000264   0x00000024   Code   RO         3541    .text               startup_stm32f407xx.o
    0x08000288   0x00000024   Code   RO         4809    .text               mc_w.l(memcpya.o)
    0x080002ac   0x00000024   Code   RO         4811    .text               mc_w.l(memseta.o)
    0x080002d0   0x000000e4   Code   RO         4815    .text               mf_w.l(dmul.o)
    0x080003b4   0x0000001a   Code   RO         4817    .text               mf_w.l(dfltui.o)
    0x080003ce   0x00000032   Code   RO         4819    .text               mf_w.l(dfixui.o)
    0x08000400   0x00000020   Code   RO         4835    .text               mc_w.l(llushr.o)
    0x08000420   0x00000000   Code   RO         4837    .text               mc_w.l(iusefp.o)
    0x08000420   0x000000ba   Code   RO         4838    .text               mf_w.l(depilogue.o)
    0x080004da   0x00000002   PAD
    0x080004dc   0x00000024   Code   RO         4840    .text               mc_w.l(init.o)
    0x08000500   0x0000001e   Code   RO         4842    .text               mc_w.l(llshl.o)
    0x0800051e   0x00000002   PAD
    0x08000520   0x0000004c   Code   RO         3606    i.AS5600Thread      freertos.o
    0x0800056c   0x00000074   Code   RO         4521    i.AS5600_Angle_Read  as5600.o
    0x080005e0   0x0000005c   Code   RO         4522    i.AS5600_DaTa_Angle  as5600.o
    0x0800063c   0x00000040   Code   RO         4523    i.AS5600_Data       as5600.o
    0x0800067c   0x0000000c   Code   RO         3548    i.DMA2_Stream7_IRQHandler  stm32f4xx_it.o
    0x08000688   0x00000028   Code   RO         1538    i.DMA_SetConfig     stm32f4xx_hal_dma.o
    0x080006b0   0x000000b0   Code   RO         4686    i.DataReceiveThread  mavlink_task.o
    0x08000760   0x00000f6c   Code   RO         1543    i.HAL_DMA_IRQHandler  stm32f4xx_hal_dma.o
    0x080016cc   0x00000070   Code   RO         1544    i.HAL_DMA_Init      stm32f4xx_hal_dma.o
    0x0800173c   0x0000006c   Code   RO         1547    i.HAL_DMA_Start_IT  stm32f4xx_hal_dma.o
    0x080017a8   0x000001c0   Code   RO         1238    i.HAL_GPIO_Init     stm32f4xx_hal_gpio.o
    0x08001968   0x0000000c   Code   RO          182    i.HAL_GetTick       stm32f4xx_hal.o
    0x08001974   0x00000010   Code   RO          183    i.HAL_IncTick       stm32f4xx_hal.o
    0x08001984   0x00000034   Code   RO          184    i.HAL_Init          stm32f4xx_hal.o
    0x080019b8   0x00000022   Code   RO          185    i.HAL_InitTick      stm32f4xx_hal.o
    0x080019da   0x00000016   Code   RO         3753    i.HAL_MspInit       stm32f4xx_hal_msp.o
    0x080019f0   0x00000016   Code   RO         1079    i.HAL_NVIC_EnableIRQ  stm32f4xx_hal_cortex.o
    0x08001a06   0x00000002   PAD
    0x08001a08   0x00000040   Code   RO         1085    i.HAL_NVIC_SetPriority  stm32f4xx_hal_cortex.o
    0x08001a48   0x00000024   Code   RO         1086    i.HAL_NVIC_SetPriorityGrouping  stm32f4xx_hal_cortex.o
    0x08001a6c   0x0000020c   Code   RO          316    i.HAL_RCC_ClockConfig  stm32f4xx_hal_rcc.o
    0x08001c78   0x00000034   Code   RO          321    i.HAL_RCC_GetHCLKFreq  stm32f4xx_hal_rcc.o
    0x08001cac   0x0000002c   Code   RO          323    i.HAL_RCC_GetPCLK1Freq  stm32f4xx_hal_rcc.o
    0x08001cd8   0x0000002c   Code   RO          324    i.HAL_RCC_GetPCLK2Freq  stm32f4xx_hal_rcc.o
    0x08001d04   0x00000070   Code   RO          325    i.HAL_RCC_GetSysClockFreq  stm32f4xx_hal_rcc.o
    0x08001d74   0x0000033c   Code   RO          328    i.HAL_RCC_OscConfig  stm32f4xx_hal_rcc.o
    0x080020b0   0x00000084   Code   RO          602    i.HAL_SPI_Init      stm32f4xx_hal_spi.o
    0x08002134   0x0000004c   Code   RO         3802    i.HAL_SPI_MspInit   spi.o
    0x08002180   0x00000018   Code   RO         1088    i.HAL_SYSTICK_CLKSourceConfig  stm32f4xx_hal_cortex.o
    0x08002198   0x00000028   Code   RO         1090    i.HAL_SYSTICK_Config  stm32f4xx_hal_cortex.o
    0x080021c0   0x00000002   Code   RO          838    i.HAL_TIMEx_BreakCallback  stm32f4xx_hal_tim_ex.o
    0x080021c2   0x00000002   Code   RO          839    i.HAL_TIMEx_CommutationCallback  stm32f4xx_hal_tim_ex.o
    0x080021c4   0x00000042   Code   RO          840    i.HAL_TIMEx_ConfigBreakDeadTime  stm32f4xx_hal_tim_ex.o
    0x08002206   0x00000050   Code   RO          855    i.HAL_TIMEx_MasterConfigSynchronization  stm32f4xx_hal_tim_ex.o
    0x08002256   0x00000036   Code   RO         1735    i.HAL_TIM_Base_Init  stm32f4xx_hal_tim.o
    0x0800228c   0x0000010c   Code   RO         3844    i.HAL_TIM_Base_MspInit  tim.o
    0x08002398   0x000000f2   Code   RO         1744    i.HAL_TIM_ConfigClockSource  stm32f4xx_hal_tim.o
    0x0800248a   0x00000002   PAD
    0x0800248c   0x0000019c   Code   RO         3607    i.HAL_TIM_IC_CaptureCallback  freertos.o
    0x08002628   0x0000011e   Code   RO         1765    i.HAL_TIM_IC_ConfigChannel  stm32f4xx_hal_tim.o
    0x08002746   0x00000036   Code   RO         1768    i.HAL_TIM_IC_Init   stm32f4xx_hal_tim.o
    0x0800277c   0x00000002   Code   RO         1770    i.HAL_TIM_IC_MspInit  stm32f4xx_hal_tim.o
    0x0800277e   0x0000004c   Code   RO         1773    i.HAL_TIM_IC_Start_IT  stm32f4xx_hal_tim.o
    0x080027ca   0x00000148   Code   RO         1777    i.HAL_TIM_IRQHandler  stm32f4xx_hal_tim.o
    0x08002912   0x00000002   Code   RO         1780    i.HAL_TIM_OC_DelayElapsedCallback  stm32f4xx_hal_tim.o
    0x08002914   0x000000d0   Code   RO         1801    i.HAL_TIM_PWM_ConfigChannel  stm32f4xx_hal_tim.o
    0x080029e4   0x00000036   Code   RO         1804    i.HAL_TIM_PWM_Init  stm32f4xx_hal_tim.o
    0x08002a1a   0x00000002   Code   RO         1806    i.HAL_TIM_PWM_MspInit  stm32f4xx_hal_tim.o
    0x08002a1c   0x00000002   Code   RO         1807    i.HAL_TIM_PWM_PulseFinishedCallback  stm32f4xx_hal_tim.o
    0x08002a1e   0x00000002   PAD
    0x08002a20   0x00000038   Code   RO         1808    i.HAL_TIM_PWM_Start  stm32f4xx_hal_tim.o
    0x08002a58   0x00000002   Code   RO         1814    i.HAL_TIM_PeriodElapsedCallback  stm32f4xx_hal_tim.o
    0x08002a5a   0x00000002   Code   RO         1818    i.HAL_TIM_TriggerCallback  stm32f4xx_hal_tim.o
    0x08002a5c   0x00000018   Code   RO         3608    i.HAL_UART_ErrorCallback  freertos.o
    0x08002a74   0x0000010a   Code   RO         1316    i.HAL_UART_IRQHandler  stm32f4xx_hal_uart.o
    0x08002b7e   0x0000005e   Code   RO         1317    i.HAL_UART_Init     stm32f4xx_hal_uart.o
    0x08002bdc   0x000000fc   Code   RO         3904    i.HAL_UART_MspInit  usart.o
    0x08002cd8   0x00000002   Code   RO         1323    i.HAL_UART_RxCpltCallback  stm32f4xx_hal_uart.o
    0x08002cda   0x00000002   PAD
    0x08002cdc   0x00000090   Code   RO         1326    i.HAL_UART_Transmit_DMA  stm32f4xx_hal_uart.o
    0x08002d6c   0x00000018   Code   RO         3609    i.HAL_UART_TxCpltCallback  freertos.o
    0x08002d84   0x00000002   Code   RO         1329    i.HAL_UART_TxHalfCpltCallback  stm32f4xx_hal_uart.o
    0x08002d86   0x00000002   PAD
    0x08002d88   0x0000002c   Code   RO         3963    i.I2c_Soft_Ask      i2c_soft.o
    0x08002db4   0x0000002c   Code   RO         3964    i.I2c_Soft_Ask_1    i2c_soft.o
    0x08002de0   0x00000030   Code   RO         3965    i.I2c_Soft_Ask_2    i2c_soft.o
    0x08002e10   0x00000030   Code   RO         3966    i.I2c_Soft_Ask_3    i2c_soft.o
    0x08002e40   0x00000030   Code   RO         3967    i.I2c_Soft_Ask_4    i2c_soft.o
    0x08002e70   0x00000030   Code   RO         3968    i.I2c_Soft_Ask_5    i2c_soft.o
    0x08002ea0   0x00000030   Code   RO         3969    i.I2c_Soft_Ask_6    i2c_soft.o
    0x08002ed0   0x00000030   Code   RO         3970    i.I2c_Soft_Ask_7    i2c_soft.o
    0x08002f00   0x0000002c   Code   RO         3971    i.I2c_Soft_NoAsk    i2c_soft.o
    0x08002f2c   0x0000002c   Code   RO         3972    i.I2c_Soft_NoAsk_1  i2c_soft.o
    0x08002f58   0x00000030   Code   RO         3973    i.I2c_Soft_NoAsk_2  i2c_soft.o
    0x08002f88   0x00000030   Code   RO         3974    i.I2c_Soft_NoAsk_3  i2c_soft.o
    0x08002fb8   0x00000030   Code   RO         3975    i.I2c_Soft_NoAsk_4  i2c_soft.o
    0x08002fe8   0x00000030   Code   RO         3976    i.I2c_Soft_NoAsk_5  i2c_soft.o
    0x08003018   0x00000030   Code   RO         3977    i.I2c_Soft_NoAsk_6  i2c_soft.o
    0x08003048   0x00000030   Code   RO         3978    i.I2c_Soft_NoAsk_7  i2c_soft.o
    0x08003078   0x00000058   Code   RO         3979    i.I2c_Soft_ReadByte  i2c_soft.o
    0x080030d0   0x00000058   Code   RO         3980    i.I2c_Soft_ReadByte_1  i2c_soft.o
    0x08003128   0x00000058   Code   RO         3981    i.I2c_Soft_ReadByte_2  i2c_soft.o
    0x08003180   0x00000058   Code   RO         3982    i.I2c_Soft_ReadByte_3  i2c_soft.o
    0x080031d8   0x00000058   Code   RO         3983    i.I2c_Soft_ReadByte_4  i2c_soft.o
    0x08003230   0x00000058   Code   RO         3984    i.I2c_Soft_ReadByte_5  i2c_soft.o
    0x08003288   0x00000058   Code   RO         3985    i.I2c_Soft_ReadByte_6  i2c_soft.o
    0x080032e0   0x00000058   Code   RO         3986    i.I2c_Soft_ReadByte_7  i2c_soft.o
    0x08003338   0x0000003c   Code   RO         3987    i.I2c_Soft_SendByte  i2c_soft.o
    0x08003374   0x0000003c   Code   RO         3988    i.I2c_Soft_SendByte_1  i2c_soft.o
    0x080033b0   0x0000003c   Code   RO         3989    i.I2c_Soft_SendByte_2  i2c_soft.o
    0x080033ec   0x0000003c   Code   RO         3990    i.I2c_Soft_SendByte_3  i2c_soft.o
    0x08003428   0x0000003c   Code   RO         3991    i.I2c_Soft_SendByte_4  i2c_soft.o
    0x08003464   0x0000003c   Code   RO         3992    i.I2c_Soft_SendByte_5  i2c_soft.o
    0x080034a0   0x0000003c   Code   RO         3993    i.I2c_Soft_SendByte_6  i2c_soft.o
    0x080034dc   0x0000003c   Code   RO         3994    i.I2c_Soft_SendByte_7  i2c_soft.o
    0x08003518   0x00000038   Code   RO         3995    i.I2c_Soft_Start    i2c_soft.o
    0x08003550   0x00000038   Code   RO         3996    i.I2c_Soft_Start_1  i2c_soft.o
    0x08003588   0x0000003c   Code   RO         3997    i.I2c_Soft_Start_2  i2c_soft.o
    0x080035c4   0x0000003c   Code   RO         3998    i.I2c_Soft_Start_3  i2c_soft.o
    0x08003600   0x0000003c   Code   RO         3999    i.I2c_Soft_Start_4  i2c_soft.o
    0x0800363c   0x0000003c   Code   RO         4000    i.I2c_Soft_Start_5  i2c_soft.o
    0x08003678   0x0000003c   Code   RO         4001    i.I2c_Soft_Start_6  i2c_soft.o
    0x080036b4   0x0000003c   Code   RO         4002    i.I2c_Soft_Start_7  i2c_soft.o
    0x080036f0   0x0000002c   Code   RO         4003    i.I2c_Soft_Stop     i2c_soft.o
    0x0800371c   0x0000002c   Code   RO         4004    i.I2c_Soft_Stop_1   i2c_soft.o
    0x08003748   0x0000002c   Code   RO         4005    i.I2c_Soft_Stop_2   i2c_soft.o
    0x08003774   0x0000002c   Code   RO         4006    i.I2c_Soft_Stop_3   i2c_soft.o
    0x080037a0   0x0000002c   Code   RO         4007    i.I2c_Soft_Stop_4   i2c_soft.o
    0x080037cc   0x0000002c   Code   RO         4008    i.I2c_Soft_Stop_5   i2c_soft.o
    0x080037f8   0x00000030   Code   RO         4009    i.I2c_Soft_Stop_6   i2c_soft.o
    0x08003828   0x00000030   Code   RO         4010    i.I2c_Soft_Stop_7   i2c_soft.o
    0x08003858   0x00000048   Code   RO         4011    i.I2c_Soft_WaitAsk  i2c_soft.o
    0x080038a0   0x00000048   Code   RO         4012    i.I2c_Soft_WaitAsk_1  i2c_soft.o
    0x080038e8   0x0000004c   Code   RO         4013    i.I2c_Soft_WaitAsk_2  i2c_soft.o
    0x08003934   0x0000004c   Code   RO         4014    i.I2c_Soft_WaitAsk_3  i2c_soft.o
    0x08003980   0x0000004c   Code   RO         4015    i.I2c_Soft_WaitAsk_4  i2c_soft.o
    0x080039cc   0x0000004c   Code   RO         4016    i.I2c_Soft_WaitAsk_5  i2c_soft.o
    0x08003a18   0x0000004c   Code   RO         4017    i.I2c_Soft_WaitAsk_6  i2c_soft.o
    0x08003a64   0x0000004c   Code   RO         4018    i.I2c_Soft_WaitAsk_7  i2c_soft.o
    0x08003ab0   0x00000028   Code   RO         4019    i.I2c_Soft_delay    i2c_soft.o
    0x08003ad8   0x00000068   Code   RO         4028    i.IIC_Read_nByte    i2c_soft.o
    0x08003b40   0x00000068   Code   RO         4029    i.IIC_Read_nByte_1  i2c_soft.o
    0x08003ba8   0x00000068   Code   RO         4030    i.IIC_Read_nByte_2  i2c_soft.o
    0x08003c10   0x00000068   Code   RO         4031    i.IIC_Read_nByte_3  i2c_soft.o
    0x08003c78   0x00000068   Code   RO         4032    i.IIC_Read_nByte_4  i2c_soft.o
    0x08003ce0   0x00000068   Code   RO         4033    i.IIC_Read_nByte_5  i2c_soft.o
    0x08003d48   0x00000068   Code   RO         4034    i.IIC_Read_nByte_6  i2c_soft.o
    0x08003db0   0x00000068   Code   RO         4035    i.IIC_Read_nByte_7  i2c_soft.o
    0x08003e18   0x0000002c   Code   RO         4662    i.MX_DMA_Init       dma.o
    0x08003e44   0x000000ac   Code   RO         3610    i.MX_FREERTOS_Init  freertos.o
    0x08003ef0   0x000000ac   Code   RO         3777    i.MX_GPIO_Init      gpio.o
    0x08003f9c   0x00000034   Code   RO         3803    i.MX_SPI1_Init      spi.o
    0x08003fd0   0x000000b4   Code   RO         3845    i.MX_TIM1_Init      tim.o
    0x08004084   0x0000007c   Code   RO         3846    i.MX_TIM3_Init      tim.o
    0x08004100   0x0000007c   Code   RO         3847    i.MX_TIM5_Init      tim.o
    0x0800417c   0x000000a0   Code   RO         3848    i.MX_TIM8_Init      tim.o
    0x0800421c   0x00000028   Code   RO         3905    i.MX_USART1_UART_Init  usart.o
    0x08004244   0x00000028   Code   RO         3906    i.MX_USART2_UART_Init  usart.o
    0x0800426c   0x00000028   Code   RO         3907    i.MX_USART3_UART_Init  usart.o
    0x08004294   0x00000020   Code   RO         1092    i.NVIC_SetPriority  stm32f4xx_hal_cortex.o
    0x080042b4   0x0000003c   Code   RO         4687    i.SetPwm            mavlink_task.o
    0x080042f0   0x00000008   Code   RO         3611    i.StartDefaultTask  freertos.o
    0x080042f8   0x0000004c   Code   RO         3612    i.StartMsgSendThread  freertos.o
    0x08004344   0x00000078   Code   RO         4688    i.StartSampleThread  mavlink_task.o
    0x080043bc   0x0000000e   Code   RO         3549    i.SysTick_Handler   stm32f4xx_it.o
    0x080043ca   0x00000002   PAD
    0x080043cc   0x0000008c   Code   RO         3709    i.SystemClock_Config  main.o
    0x08004458   0x00000054   Code   RO         2395    i.SystemInit        system_stm32f4xx.o
    0x080044ac   0x0000000c   Code   RO         3550    i.TIM3_IRQHandler   stm32f4xx_it.o
    0x080044b8   0x000000c0   Code   RO         1819    i.TIM_Base_SetConfig  stm32f4xx_hal_tim.o
    0x08004578   0x00000016   Code   RO         1820    i.TIM_CCxChannelCmd  stm32f4xx_hal_tim.o
    0x0800458e   0x00000014   Code   RO         1826    i.TIM_ETR_SetConfig  stm32f4xx_hal_tim.o
    0x080045a2   0x00000010   Code   RO         1827    i.TIM_ITRx_SetConfig  stm32f4xx_hal_tim.o
    0x080045b2   0x00000002   PAD
    0x080045b4   0x00000058   Code   RO         1828    i.TIM_OC1_SetConfig  stm32f4xx_hal_tim.o
    0x0800460c   0x00000064   Code   RO         1829    i.TIM_OC2_SetConfig  stm32f4xx_hal_tim.o
    0x08004670   0x00000060   Code   RO         1830    i.TIM_OC3_SetConfig  stm32f4xx_hal_tim.o
    0x080046d0   0x00000050   Code   RO         1831    i.TIM_OC4_SetConfig  stm32f4xx_hal_tim.o
    0x08004720   0x00000022   Code   RO         1833    i.TIM_TI1_ConfigInputStage  stm32f4xx_hal_tim.o
    0x08004742   0x00000002   PAD
    0x08004744   0x00000084   Code   RO         1834    i.TIM_TI1_SetConfig  stm32f4xx_hal_tim.o
    0x080047c8   0x00000024   Code   RO         1835    i.TIM_TI2_ConfigInputStage  stm32f4xx_hal_tim.o
    0x080047ec   0x00000036   Code   RO         1836    i.TIM_TI2_SetConfig  stm32f4xx_hal_tim.o
    0x08004822   0x0000001e   Code   RO         1330    i.UART_DMAError     stm32f4xx_hal_uart.o
    0x08004840   0x0000002e   Code   RO         1333    i.UART_DMATransmitCplt  stm32f4xx_hal_uart.o
    0x0800486e   0x0000000a   Code   RO         1334    i.UART_DMATxHalfCplt  stm32f4xx_hal_uart.o
    0x08004878   0x000000a8   Code   RO         1335    i.UART_Receive_IT   stm32f4xx_hal_uart.o
    0x08004920   0x00000178   Code   RO         1336    i.UART_SetConfig    stm32f4xx_hal_uart.o
    0x08004a98   0x00000066   Code   RO         1337    i.UART_Transmit_IT  stm32f4xx_hal_uart.o
    0x08004afe   0x00000002   PAD
    0x08004b00   0x00000050   Code   RO         3551    i.USART1_IRQHandler  stm32f4xx_it.o
    0x08004b50   0x0000000e   Code   RO         4846    i.__scatterload_copy  mc_w.l(handlers.o)
    0x08004b5e   0x00000002   Code   RO         4847    i.__scatterload_null  mc_w.l(handlers.o)
    0x08004b60   0x0000000e   Code   RO         4848    i.__scatterload_zeroinit  mc_w.l(handlers.o)
    0x08004b6e   0x00000002   PAD
    0x08004b70   0x000000c8   Code   RO         4689    i._mav_finalize_message_chan_send  mavlink_task.o
    0x08004c38   0x00000022   Code   RO         4690    i._mavlink_send_uart  mavlink_task.o
    0x08004c5a   0x00000002   PAD
    0x08004c5c   0x00000018   Code   RO         3613    i.comm_send_ch      freertos.o
    0x08004c74   0x0000001c   Code   RO         4691    i.crc_accumulate    mavlink_task.o
    0x08004c90   0x0000000c   Code   RO         2882    i.inHandlerMode     cmsis_os.o
    0x08004c9c   0x000000bc   Code   RO         3710    i.main              main.o
    0x08004d58   0x0000000c   Code   RO         2883    i.makeFreeRtosPriority  cmsis_os.o
    0x08004d64   0x0000000c   Code   RO         4692    i.mav_array_memcpy  mavlink_task.o
    0x08004d70   0x00000158   Code   RO         4693    i.mavlink_frame_char_buffer  mavlink_task.o
    0x08004ec8   0x00000032   Code   RO         4694    i.mavlink_msg_sensors_send  mavlink_task.o
    0x08004efa   0x0000000a   Code   RO         4695    i.mavlink_update_checksum  mavlink_task.o
    0x08004f04   0x0000000e   Code   RO         2884    i.osDelay           cmsis_os.o
    0x08004f12   0x0000000a   Code   RO         2887    i.osKernelStart     cmsis_os.o
    0x08004f1c   0x0000000a   Code   RO         2889    i.osMessageCreate   cmsis_os.o
    0x08004f26   0x00000002   PAD
    0x08004f28   0x00000048   Code   RO         2906    i.osSemaphoreRelease  cmsis_os.o
    0x08004f70   0x00000060   Code   RO         2907    i.osSemaphoreWait   cmsis_os.o
    0x08004fd0   0x00000014   Code   RO         2908    i.osSystickHandler  cmsis_os.o
    0x08004fe4   0x00000038   Code   RO         2909    i.osThreadCreate    cmsis_os.o
    0x0800501c   0x00000034   Code   RO         2428    i.prvAddCurrentTaskToDelayedList  tasks.o
    0x08005050   0x00000054   Code   RO         3447    i.prvCheckForValidListAndQueue  timers.o
    0x080050a4   0x00000054   Code   RO         2429    i.prvCheckTasksWaitingTermination  tasks.o
    0x080050f8   0x00000026   Code   RO         2717    i.prvCopyDataFromQueue  queue.o
    0x0800511e   0x0000006e   Code   RO         2718    i.prvCopyDataToQueue  queue.o
    0x0800518c   0x0000004c   Code   RO         3159    i.prvHeapInit       heap_4.o
    0x080051d8   0x00000018   Code   RO         2430    i.prvIdleTask       tasks.o
    0x080051f0   0x0000004c   Code   RO         3160    i.prvInsertBlockIntoFreeList  heap_4.o
    0x0800523c   0x00000038   Code   RO         3448    i.prvInsertTimerInActiveList  timers.o
    0x08005274   0x000000b4   Code   RO         3449    i.prvProcessReceivedCommands  timers.o
    0x08005328   0x0000008c   Code   RO         3450    i.prvProcessTimerOrBlockTask  timers.o
    0x080053b4   0x00000020   Code   RO         2432    i.prvResetNextTaskUnblockTime  tasks.o
    0x080053d4   0x00000028   Code   RO         3451    i.prvSampleTimeNow  timers.o
    0x080053fc   0x00000060   Code   RO         3452    i.prvSwitchTimerLists  timers.o
    0x0800545c   0x00000018   Code   RO         3328    i.prvTaskExitError  port.o
    0x08005474   0x00000014   Code   RO         3244    i.prvTestWaitCondition  event_groups.o
    0x08005488   0x00000024   Code   RO         3453    i.prvTimerTask      timers.o
    0x080054ac   0x00000064   Code   RO         2719    i.prvUnlockQueue    queue.o
    0x08005510   0x000000bc   Code   RO         3161    i.pvPortMalloc      heap_4.o
    0x080055cc   0x00000018   Code   RO         2434    i.pvTaskIncrementMutexHeldCount  tasks.o
    0x080055e4   0x00000028   Code   RO         3329    i.pxPortInitialiseStack  port.o
    0x0800560c   0x00000024   Code   RO         3208    i.uxListRemove      list.o
    0x08005630   0x00000018   Code   RO         2439    i.uxTaskResetEventItemValue  tasks.o
    0x08005648   0x00000004   Code   RO         3248    i.vEventGroupSetBitsCallback  event_groups.o
    0x0800564c   0x00000016   Code   RO         3209    i.vListInitialise   list.o
    0x08005662   0x00000006   Code   RO         3210    i.vListInitialiseItem  list.o
    0x08005668   0x00000030   Code   RO         3211    i.vListInsert       list.o
    0x08005698   0x00000018   Code   RO         3212    i.vListInsertEnd    list.o
    0x080056b0   0x00000034   Code   RO         3331    i.vPortEnterCritical  port.o
    0x080056e4   0x00000024   Code   RO         3332    i.vPortExitCritical  port.o
    0x08005708   0x00000048   Code   RO         3162    i.vPortFree         heap_4.o
    0x08005750   0x00000020   Code   RO         3333    i.vPortSetupTimerInterrupt  port.o
    0x08005770   0x00000040   Code   RO         3334    i.vPortValidateInterruptPriority  port.o
    0x080057b0   0x00000018   Code   RO         3335    i.vPortYield        port.o
    0x080057c8   0x00000028   Code   RO         2725    i.vQueueAddToRegistry  queue.o
    0x080057f0   0x00000038   Code   RO         2729    i.vQueueWaitForMessageRestricted  queue.o
    0x08005828   0x00000050   Code   RO         2440    i.vTaskDelay        tasks.o
    0x08005878   0x0000007c   Code   RO         2441    i.vTaskDelayUntil   tasks.o
    0x080058f4   0x0000000c   Code   RO         2444    i.vTaskMissedYield  tasks.o
    0x08005900   0x00000058   Code   RO         2445    i.vTaskPlaceOnEventList  tasks.o
    0x08005958   0x00000044   Code   RO         2446    i.vTaskPlaceOnEventListRestricted  tasks.o
    0x0800599c   0x0000006c   Code   RO         2447    i.vTaskPlaceOnUnorderedEventList  tasks.o
    0x08005a08   0x00000084   Code   RO         2448    i.vTaskPriorityInherit  tasks.o
    0x08005a8c   0x0000001c   Code   RO         2452    i.vTaskSetTimeOutState  tasks.o
    0x08005aa8   0x00000054   Code   RO         2453    i.vTaskStartScheduler  tasks.o
    0x08005afc   0x00000010   Code   RO         2455    i.vTaskSuspendAll   tasks.o
    0x08005b0c   0x00000054   Code   RO         2456    i.vTaskSwitchContext  tasks.o
    0x08005b60   0x0000001a   Code   RO         3251    i.xEventGroupCreate  event_groups.o
    0x08005b7a   0x00000002   PAD
    0x08005b7c   0x00000070   Code   RO         3253    i.xEventGroupSetBits  event_groups.o
    0x08005bec   0x00000010   Code   RO         3254    i.xEventGroupSetBitsFromISR  event_groups.o
    0x08005bfc   0x000000c6   Code   RO         3256    i.xEventGroupWaitBits  event_groups.o
    0x08005cc2   0x00000002   PAD
    0x08005cc4   0x00000084   Code   RO         3336    i.xPortStartScheduler  port.o
    0x08005d48   0x00000024   Code   RO         3337    i.xPortSysTickHandler  port.o
    0x08005d6c   0x00000046   Code   RO         2732    i.xQueueGenericCreate  queue.o
    0x08005db2   0x00000002   PAD
    0x08005db4   0x0000012e   Code   RO         2733    i.xQueueGenericReceive  queue.o
    0x08005ee2   0x0000006a   Code   RO         2734    i.xQueueGenericReset  queue.o
    0x08005f4c   0x00000114   Code   RO         2735    i.xQueueGenericSend  queue.o
    0x08006060   0x00000092   Code   RO         2736    i.xQueueGenericSendFromISR  queue.o
    0x080060f2   0x00000076   Code   RO         2741    i.xQueueReceiveFromISR  queue.o
    0x08006168   0x00000058   Code   RO         2457    i.xTaskCheckForTimeOut  tasks.o
    0x080061c0   0x00000184   Code   RO         2458    i.xTaskGenericCreate  tasks.o
    0x08006344   0x0000001c   Code   RO         2460    i.xTaskGetSchedulerState  tasks.o
    0x08006360   0x00000018   Code   RO         2461    i.xTaskGetTickCount  tasks.o
    0x08006378   0x000000c0   Code   RO         2463    i.xTaskIncrementTick  tasks.o
    0x08006438   0x00000078   Code   RO         2464    i.xTaskPriorityDisinherit  tasks.o
    0x080064b0   0x0000006c   Code   RO         2465    i.xTaskRemoveFromEventList  tasks.o
    0x0800651c   0x00000064   Code   RO         2466    i.xTaskRemoveFromUnorderedEventList  tasks.o
    0x08006580   0x000000ac   Code   RO         2467    i.xTaskResumeAll    tasks.o
    0x0800662c   0x00000044   Code   RO         3456    i.xTimerCreateTimerTask  timers.o
    0x08006670   0x00000050   Code   RO         3457    i.xTimerGenericCommand  timers.o
    0x080066c0   0x00000028   Code   RO         3460    i.xTimerPendFunctionCallFromISR  timers.o
    0x080066e8   0x00000010   Data   RO          329    .constdata          stm32f4xx_hal_rcc.o
    0x080066f8   0x0000006c   Data   RO         3615    .constdata          freertos.o
    0x08006764   0x00000100   Data   RO         4697    .constdata          mavlink_task.o
    0x08006864   0x0000005c   Data   RO         3616    .conststring        freertos.o
    0x080068c0   0x00000020   Data   RO         4844    Region$$Table       anon$$obj.o


    Execution Region RW_IRAM1 (Base: 0x20000000, Size: 0x000049e8, Max: 0x00020000, ABSOLUTE)

    Base Addr    Size         Type   Attr      Idx    E Section Name        Object

    0x20000000   0x00000004   Data   RW          190    .data               stm32f4xx_hal.o
    0x20000004   0x00000004   Data   RW         2397    .data               system_stm32f4xx.o
    0x20000008   0x00000038   Data   RW         2470    .data               tasks.o
    0x20000040   0x00000018   Data   RW         3167    .data               heap_4.o
    0x20000058   0x0000000c   Data   RW         3338    .data               port.o
    0x20000064   0x00000010   Data   RW         3462    .data               timers.o
    0x20000074   0x00000040   Data   RW         3617    .data               freertos.o
    0x200000b4   0x00000001   Data   RW         4052    .data               i2c_soft.o
    0x200000b5   0x00000002   Data   RW         4698    .data               mavlink_task.o
    0x200000b7   0x00000001   PAD
    0x200000b8   0x000000f0   Zero   RW         2469    .bss                tasks.o
    0x200001a8   0x00000040   Zero   RW         2743    .bss                queue.o
    0x200001e8   0x00003c00   Zero   RW         3166    .bss                heap_4.o
    0x20003de8   0x00000028   Zero   RW         3461    .bss                timers.o
    0x20003e10   0x00000100   Zero   RW         3614    .bss                freertos.o
    0x20003f10   0x00000058   Zero   RW         3804    .bss                spi.o
    0x20003f68   0x000000f0   Zero   RW         3849    .bss                tim.o
    0x20004058   0x00000110   Zero   RW         3909    .bss                usart.o
    0x20004168   0x00000010   Zero   RW         4541    .bss                as5600.o
    0x20004178   0x00000470   Zero   RW         4696    .bss                mavlink_task.o
    0x200045e8   0x00000400   Zero   RW         3538    STACK               startup_stm32f407xx.o


==============================================================================

Image component sizes


      Code (inc. data)   RO Data    RW Data    ZI Data      Debug   Object Name

       272         24          0          0         16       2210   as5600.o
       302          8          0          0          0      14103   cmsis_os.o
        44          4          0          0          0        774   dma.o
       376          4          0          0          0       5731   event_groups.o
       816         70        200         64        256      10074   freertos.o
       172         16          0          0          0       1039   gpio.o
       412         24          0         24      15360       4159   heap_4.o
      4240        288          0          1          0      42428   i2c_soft.o
       136          0          0          0          0       3406   list.o
       328         32          0          0          0       1724   main.o
      1034         60        256          2       1136      24246   mavlink_task.o
       638         84          0         12          0       9198   port.o
      1362          6          0          0         64      14292   queue.o
       128         22          0          0         88       1569   spi.o
        36          8        392          0       1024        932   startup_stm32f407xx.o
       114         16          0          4          0       3614   stm32f4xx_hal.o
       218         14          0          0          0      30525   stm32f4xx_hal_cortex.o
      4208         58          0          0          0       4151   stm32f4xx_hal_dma.o
         0          0          0          0          0     359260   stm32f4xx_hal_flash_ramfunc.o
       448         50          0          0          0       1728   stm32f4xx_hal_gpio.o
        22          0          0          0          0        510   stm32f4xx_hal_msp.o
      1604         70         16          0          0       6059   stm32f4xx_hal_rcc.o
       132          0          0          0          0       1163   stm32f4xx_hal_spi.o
      2240        116          0          0          0      19295   stm32f4xx_hal_tim.o
       150          0          0          0          0       3138   stm32f4xx_hal_tim_ex.o
      1240         24          0          0          0       8118   stm32f4xx_hal_uart.o
       118         26          0          0          0       5518   stm32f4xx_it.o
        84         18          0          4          0       1365   system_stm32f4xx.o
      2284        186          0         56        240      33501   tasks.o
       856         98          0          0        240       4229   tim.o
       820         78          0         16         40       9075   timers.o
       372         60          0          0        272       2907   usart.o

    ----------------------------------------------------------------------
     25236       1464        896        184      18736     630041   Object Totals
         0          0         32          0          0          0   (incl. Generated)
        30          0          0          1          0          0   (incl. Padding)

    ----------------------------------------------------------------------

      Code (inc. data)   RO Data    RW Data    ZI Data      Debug   Library Member Name

         0          0          0          0          0          0   entry.o
         0          0          0          0          0          0   entry10a.o
         0          0          0          0          0          0   entry11a.o
         8          4          0          0          0          0   entry2.o
         4          0          0          0          0          0   entry5.o
         0          0          0          0          0          0   entry7b.o
         0          0          0          0          0          0   entry8b.o
         8          4          0          0          0          0   entry9a.o
        30          0          0          0          0          0   handlers.o
        36          8          0          0          0         68   init.o
         0          0          0          0          0          0   iusefp.o
        30          0          0          0          0         68   llshl.o
        32          0          0          0          0         68   llushr.o
        36          0          0          0          0         68   memcpya.o
        36          0          0          0          0        108   memseta.o
       186          0          0          0          0        176   depilogue.o
        50          0          0          0          0         76   dfixui.o
        26          0          0          0          0         76   dfltui.o
       228          0          0          0          0         96   dmul.o

    ----------------------------------------------------------------------
       716         16          0          0          0        804   Library Totals
         6          0          0          0          0          0   (incl. Padding)

    ----------------------------------------------------------------------

      Code (inc. data)   RO Data    RW Data    ZI Data      Debug   Library Name

       220         16          0          0          0        380   mc_w.l
       490          0          0          0          0        424   mf_w.l

    ----------------------------------------------------------------------
       716         16          0          0          0        804   Library Totals

    ----------------------------------------------------------------------

==============================================================================


      Code (inc. data)   RO Data    RW Data    ZI Data      Debug   

     25952       1480        896        184      18736     605985   Grand Totals
     25952       1480        896        184      18736     605985   ELF Image Totals
     25952       1480        896        184          0          0   ROM Totals

==============================================================================

    Total RO  Size (Code + RO Data)                26848 (  26.22kB)
    Total RW  Size (RW Data + ZI Data)             18920 (  18.48kB)
    Total ROM Size (Code + RO Data + RW Data)      27032 (  26.40kB)

==============================================================================

