Component: ARM Compiler 5.05 update 1 (build 106) Tool: armlink [4d0efa]

==============================================================================

Section Cross References

    stm32f4xx_hal_pwr_ex.o(i.HAL_PWREx_ControlVoltageScaling) refers to stm32f4xx_hal.o(i.HAL_GetTick) for HAL_GetTick
    stm32f4xx_hal_pwr_ex.o(i.HAL_PWREx_DisableBkUpReg) refers to stm32f4xx_hal.o(i.HAL_GetTick) for HAL_GetTick
    stm32f4xx_hal_pwr_ex.o(i.HAL_PWREx_EnableBkUpReg) refers to stm32f4xx_hal.o(i.HAL_GetTick) for HAL_GetTick
    stm32f4xx_hal.o(i.HAL_DeInit) refers to stm32f4xx_hal.o(i.HAL_MspDeInit) for HAL_MspDeInit
    stm32f4xx_hal.o(i.HAL_Delay) refers to stm32f4xx_hal.o(i.HAL_GetTick) for HAL_GetTick
    stm32f4xx_hal.o(i.HAL_GetTick) refers to stm32f4xx_hal.o(.data) for .data
    stm32f4xx_hal.o(i.HAL_IncTick) refers to stm32f4xx_hal.o(.data) for .data
    stm32f4xx_hal.o(i.HAL_Init) refers to stm32f4xx_hal_cortex.o(i.HAL_NVIC_SetPriorityGrouping) for HAL_NVIC_SetPriorityGrouping
    stm32f4xx_hal.o(i.HAL_Init) refers to stm32f4xx_hal.o(i.HAL_InitTick) for HAL_InitTick
    stm32f4xx_hal.o(i.HAL_Init) refers to stm32f4xx_hal_msp.o(i.HAL_MspInit) for HAL_MspInit
    stm32f4xx_hal.o(i.HAL_InitTick) refers to stm32f4xx_hal_rcc.o(i.HAL_RCC_GetHCLKFreq) for HAL_RCC_GetHCLKFreq
    stm32f4xx_hal.o(i.HAL_InitTick) refers to stm32f4xx_hal_cortex.o(i.HAL_SYSTICK_Config) for HAL_SYSTICK_Config
    stm32f4xx_hal.o(i.HAL_InitTick) refers to stm32f4xx_hal_cortex.o(i.HAL_NVIC_SetPriority) for HAL_NVIC_SetPriority
    stm32f4xx_hal_rcc.o(i.HAL_RCC_ClockConfig) refers to stm32f4xx_hal.o(i.HAL_GetTick) for HAL_GetTick
    stm32f4xx_hal_rcc.o(i.HAL_RCC_ClockConfig) refers to stm32f4xx_hal.o(i.HAL_InitTick) for HAL_InitTick
    stm32f4xx_hal_rcc.o(i.HAL_RCC_GetHCLKFreq) refers to stm32f4xx_hal_rcc.o(i.HAL_RCC_GetSysClockFreq) for HAL_RCC_GetSysClockFreq
    stm32f4xx_hal_rcc.o(i.HAL_RCC_GetHCLKFreq) refers to stm32f4xx_hal_rcc.o(.constdata) for .constdata
    stm32f4xx_hal_rcc.o(i.HAL_RCC_GetHCLKFreq) refers to system_stm32f4xx.o(.data) for SystemCoreClock
    stm32f4xx_hal_rcc.o(i.HAL_RCC_GetPCLK1Freq) refers to stm32f4xx_hal_rcc.o(i.HAL_RCC_GetHCLKFreq) for HAL_RCC_GetHCLKFreq
    stm32f4xx_hal_rcc.o(i.HAL_RCC_GetPCLK1Freq) refers to stm32f4xx_hal_rcc.o(.constdata) for .constdata
    stm32f4xx_hal_rcc.o(i.HAL_RCC_GetPCLK2Freq) refers to stm32f4xx_hal_rcc.o(i.HAL_RCC_GetHCLKFreq) for HAL_RCC_GetHCLKFreq
    stm32f4xx_hal_rcc.o(i.HAL_RCC_GetPCLK2Freq) refers to stm32f4xx_hal_rcc.o(.constdata) for .constdata
    stm32f4xx_hal_rcc.o(i.HAL_RCC_MCOConfig) refers to stm32f4xx_hal_gpio.o(i.HAL_GPIO_Init) for HAL_GPIO_Init
    stm32f4xx_hal_rcc.o(i.HAL_RCC_NMI_IRQHandler) refers to stm32f4xx_hal_rcc.o(i.HAL_RCC_CSSCallback) for HAL_RCC_CSSCallback
    stm32f4xx_hal_rcc.o(i.HAL_RCC_OscConfig) refers to stm32f4xx_hal.o(i.HAL_GetTick) for HAL_GetTick
    stm32f4xx_hal_flash_ex.o(i.HAL_FLASHEx_Erase) refers to stm32f4xx_hal_flash.o(i.FLASH_WaitForLastOperation) for FLASH_WaitForLastOperation
    stm32f4xx_hal_flash_ex.o(i.HAL_FLASHEx_Erase) refers to stm32f4xx_hal_flash_ex.o(i.FLASH_MassErase) for FLASH_MassErase
    stm32f4xx_hal_flash_ex.o(i.HAL_FLASHEx_Erase) refers to stm32f4xx_hal_flash_ex.o(i.FLASH_Erase_Sector) for FLASH_Erase_Sector
    stm32f4xx_hal_flash_ex.o(i.HAL_FLASHEx_Erase) refers to stm32f4xx_hal_flash.o(.bss) for pFlash
    stm32f4xx_hal_flash_ex.o(i.HAL_FLASHEx_Erase_IT) refers to stm32f4xx_hal_flash_ex.o(i.FLASH_Erase_Sector) for FLASH_Erase_Sector
    stm32f4xx_hal_flash_ex.o(i.HAL_FLASHEx_Erase_IT) refers to stm32f4xx_hal_flash_ex.o(i.FLASH_MassErase) for FLASH_MassErase
    stm32f4xx_hal_flash_ex.o(i.HAL_FLASHEx_Erase_IT) refers to stm32f4xx_hal_flash.o(.bss) for pFlash
    stm32f4xx_hal_flash_ex.o(i.HAL_FLASHEx_OBProgram) refers to stm32f4xx_hal_flash.o(i.FLASH_WaitForLastOperation) for FLASH_WaitForLastOperation
    stm32f4xx_hal_flash_ex.o(i.HAL_FLASHEx_OBProgram) refers to stm32f4xx_hal_flash.o(.bss) for pFlash
    stm32f4xx_hal_pwr.o(i.HAL_PWR_PVD_IRQHandler) refers to stm32f4xx_hal_pwr.o(i.HAL_PWR_PVDCallback) for HAL_PWR_PVDCallback
    stm32f4xx_hal_spi.o(i.HAL_SPI_DMAStop) refers to stm32f4xx_hal_dma.o(i.HAL_DMA_Abort) for HAL_DMA_Abort
    stm32f4xx_hal_spi.o(i.HAL_SPI_DeInit) refers to spi.o(i.HAL_SPI_MspDeInit) for HAL_SPI_MspDeInit
    stm32f4xx_hal_spi.o(i.HAL_SPI_IRQHandler) refers to stm32f4xx_hal_spi.o(i.HAL_SPI_ErrorCallback) for HAL_SPI_ErrorCallback
    stm32f4xx_hal_spi.o(i.HAL_SPI_Init) refers to spi.o(i.HAL_SPI_MspInit) for HAL_SPI_MspInit
    stm32f4xx_hal_spi.o(i.HAL_SPI_Receive) refers to stm32f4xx_hal_spi.o(i.HAL_SPI_TransmitReceive) for HAL_SPI_TransmitReceive
    stm32f4xx_hal_spi.o(i.HAL_SPI_Receive) refers to stm32f4xx_hal_spi.o(i.SPI_WaitOnFlagUntilTimeout) for SPI_WaitOnFlagUntilTimeout
    stm32f4xx_hal_spi.o(i.HAL_SPI_Receive_DMA) refers to stm32f4xx_hal_spi.o(i.HAL_SPI_TransmitReceive_DMA) for HAL_SPI_TransmitReceive_DMA
[...]
    mav_array_memcpy                         0x08004dbd   Thumb Code    12  mavlink_task.o(i.mav_array_memcpy)
    i.mavlink_frame_char_buffer              0x08004dc8   Section        0  mavlink_task.o(i.mavlink_frame_char_buffer)
    mavlink_frame_char_buffer                0x08004dc9   Thumb Code   340  mavlink_task.o(i.mavlink_frame_char_buffer)
    i.mavlink_msg_sensors_send               0x08004f20   Section        0  mavlink_task.o(i.mavlink_msg_sensors_send)
    mavlink_msg_sensors_send                 0x08004f21   Thumb Code    50  mavlink_task.o(i.mavlink_msg_sensors_send)
    i.mavlink_update_checksum                0x08004f52   Section        0  mavlink_task.o(i.mavlink_update_checksum)
    mavlink_update_checksum                  0x08004f53   Thumb Code    10  mavlink_task.o(i.mavlink_update_checksum)
    i.osDelay                                0x08004f5c   Section        0  cmsis_os.o(i.osDelay)
    i.osKernelStart                          0x08004f6a   Section        0  cmsis_os.o(i.osKernelStart)
    i.osMessageCreate                        0x08004f74   Section        0  cmsis_os.o(i.osMessageCreate)
    i.osSemaphoreRelease                     0x08004f80   Section        0  cmsis_os.o(i.osSemaphoreRelease)
    i.osSemaphoreWait                        0x08004fc8   Section        0  cmsis_os.o(i.osSemaphoreWait)
    i.osSystickHandler                       0x08005028   Section        0  cmsis_os.o(i.osSystickHandler)
    i.osThreadCreate                         0x0800503c   Section        0  cmsis_os.o(i.osThreadCreate)
    i.prvAddCurrentTaskToDelayedList         0x08005074   Section        0  tasks.o(i.prvAddCurrentTaskToDelayedList)
    prvAddCurrentTaskToDelayedList           0x08005075   Thumb Code    48  tasks.o(i.prvAddCurrentTaskToDelayedList)
    i.prvCheckForValidListAndQueue           0x080050a8   Section        0  timers.o(i.prvCheckForValidListAndQueue)
    prvCheckForValidListAndQueue             0x080050a9   Thumb Code    68  timers.o(i.prvCheckForValidListAndQueue)
    i.prvCheckTasksWaitingTermination        0x080050fc   Section        0  tasks.o(i.prvCheckTasksWaitingTermination)
    prvCheckTasksWaitingTermination          0x080050fd   Thumb Code    76  tasks.o(i.prvCheckTasksWaitingTermination)
    i.prvCopyDataFromQueue                   0x08005150   Section        0  queue.o(i.prvCopyDataFromQueue)
    prvCopyDataFromQueue                     0x08005151   Thumb Code    38  queue.o(i.prvCopyDataFromQueue)
    i.prvCopyDataToQueue                     0x08005176   Section        0  queue.o(i.prvCopyDataToQueue)
    prvCopyDataToQueue                       0x08005177   Thumb Code   110  queue.o(i.prvCopyDataToQueue)
    i.prvHeapInit                            0x080051e4   Section        0  heap_4.o(i.prvHeapInit)
    prvHeapInit                              0x080051e5   Thumb Code    66  heap_4.o(i.prvHeapInit)
    i.prvIdleTask                            0x08005230   Section        0  tasks.o(i.prvIdleTask)
    prvIdleTask                              0x08005231   Thumb Code    20  tasks.o(i.prvIdleTask)
    i.prvInsertBlockIntoFreeList             0x08005248   Section        0  heap_4.o(i.prvInsertBlockIntoFreeList)
    prvInsertBlockIntoFreeList               0x08005249   Thumb Code    72  heap_4.o(i.prvInsertBlockIntoFreeList)
    i.prvInsertTimerInActiveList             0x08005294   Section        0  timers.o(i.prvInsertTimerInActiveList)
    prvInsertTimerInActiveList               0x08005295   Thumb Code    52  timers.o(i.prvInsertTimerInActiveList)
    i.prvProcessReceivedCommands             0x080052cc   Section        0  timers.o(i.prvProcessReceivedCommands)
    prvProcessReceivedCommands               0x080052cd   Thumb Code   176  timers.o(i.prvProcessReceivedCommands)
    i.prvProcessTimerOrBlockTask             0x08005380   Section        0  timers.o(i.prvProcessTimerOrBlockTask)
    prvProcessTimerOrBlockTask               0x08005381   Thumb Code   136  timers.o(i.prvProcessTimerOrBlockTask)
    i.prvResetNextTaskUnblockTime            0x0800540c   Section        0  tasks.o(i.prvResetNextTaskUnblockTime)
    prvResetNextTaskUnblockTime              0x0800540d   Thumb Code    26  tasks.o(i.prvResetNextTaskUnblockTime)
    i.prvSampleTimeNow                       0x0800542c   Section        0  timers.o(i.prvSampleTimeNow)
    prvSampleTimeNow                         0x0800542d   Thumb Code    36  timers.o(i.prvSampleTimeNow)
    i.prvSwitchTimerLists                    0x08005454   Section        0  timers.o(i.prvSwitchTimerLists)
    prvSwitchTimerLists                      0x08005455   Thumb Code    92  timers.o(i.prvSwitchTimerLists)
    i.prvTaskExitError                       0x080054b4   Section        0  port.o(i.prvTaskExitError)
    prvTaskExitError                         0x080054b5   Thumb Code    20  port.o(i.prvTaskExitError)
    i.prvTestWaitCondition                   0x080054cc   Section        0  event_groups.o(i.prvTestWaitCondition)
    prvTestWaitCondition                     0x080054cd   Thumb Code    20  event_groups.o(i.prvTestWaitCondition)
    i.prvTimerTask                           0x080054e0   Section        0  timers.o(i.prvTimerTask)
    prvTimerTask                             0x080054e1   Thumb Code    32  timers.o(i.prvTimerTask)
    i.prvUnlockQueue                         0x08005504   Section        0  queue.o(i.prvUnlockQueue)
    prvUnlockQueue                           0x08005505   Thumb Code   100  queue.o(i.prvUnlockQueue)
    i.pvPortMalloc                           0x08005568   Section        0  heap_4.o(i.pvPortMalloc)
    i.pvTaskIncrementMutexHeldCount          0x08005624   Section        0  tasks.o(i.pvTaskIncrementMutexHeldCount)
    i.pxPortInitialiseStack                  0x0800563c   Section        0  port.o(i.pxPortInitialiseStack)
    i.uxListRemove                           0x08005664   Section        0  list.o(i.uxListRemove)
    i.uxTaskResetEventItemValue              0x08005688   Section        0  tasks.o(i.uxTaskResetEventItemValue)
    i.vEventGroupSetBitsCallback             0x080056a0   Section        0  event_groups.o(i.vEventGroupSetBitsCallback)
    i.vListInitialise                        0x080056a4   Section        0  list.o(i.vListInitialise)
    i.vListInitialiseItem                    0x080056ba   Section        0  list.o(i.vListInitialiseItem)
    i.vListInsert                            0x080056c0   Section        0  list.o(i.vListInsert)
    i.vListInsertEnd                         0x080056f0   Section        0  list.o(i.vListInsertEnd)
    i.vPortEnterCritical                     0x08005708   Section        0  port.o(i.vPortEnterCritical)
    i.vPortExitCritical                      0x0800573c   Section        0  port.o(i.vPortExitCritical)
    i.vPortFree                              0x08005760   Section        0  heap_4.o(i.vPortFree)
    i.vPortSetupTimerInterrupt               0x080057a8   Section        0  port.o(i.vPortSetupTimerInterrupt)
    i.vPortValidateInterruptPriority         0x080057c8   Section        0  port.o(i.vPortValidateInterruptPriority)
    i.vPortYield                             0x08005808   Section        0  port.o(i.vPortYield)
    i.vQueueAddToRegistry                    0x08005820   Section        0  queue.o(i.vQueueAddToRegistry)
    i.vQueueWaitForMessageRestricted         0x08005848   Section        0  queue.o(i.vQueueWaitForMessageRestricted)
    i.vTaskDelay                             0x08005880   Section        0  tasks.o(i.vTaskDelay)
    i.vTaskDelayUntil                        0x080058d0   Section        0  tasks.o(i.vTaskDelayUntil)
    i.vTaskMissedYield                       0x0800594c   Section        0  tasks.o(i.vTaskMissedYield)
    i.vTaskPlaceOnEventList                  0x08005958   Section        0  tasks.o(i.vTaskPlaceOnEventList)
    i.vTaskPlaceOnEventListRestricted        0x080059b0   Section        0  tasks.o(i.vTaskPlaceOnEventListRestricted)
    i.vTaskPlaceOnUnorderedEventList         0x080059f4   Section        0  tasks.o(i.vTaskPlaceOnUnorderedEventList)
    i.vTaskPriorityInherit                   0x08005a60   Section        0  tasks.o(i.vTaskPriorityInherit)
    i.vTaskSetTimeOutState                   0x08005ae4   Section        0  tasks.o(i.vTaskSetTimeOutState)
    i.vTaskStartScheduler                    0x08005b00   Section        0  tasks.o(i.vTaskStartScheduler)
    i.vTaskSuspendAll                        0x08005b54   Section        0  tasks.o(i.vTaskSuspendAll)
    i.vTaskSwitchContext                     0x08005b64   Section        0  tasks.o(i.vTaskSwitchContext)
    i.vToggleGreenLED                        0x08005bb8   Section        0  mavlink_task.o(i.vToggleGreenLED)
    i.vToggleRedLED                          0x08005bc4   Section        0  mavlink_task.o(i.vToggleRedLED)
    i.xEventGroupCreate                      0x08005bd0   Section        0  event_groups.o(i.xEventGroupCreate)
    i.xEventGroupSetBits                     0x08005bec   Section        0  event_groups.o(i.xEventGroupSetBits)
    i.xEventGroupSetBitsFromISR              0x08005c5c   Section        0  event_groups.o(i.xEventGroupSetBitsFromISR)
    i.xEventGroupWaitBits                    0x08005c6c   Section        0  event_groups.o(i.xEventGroupWaitBits)
    i.xPortStartScheduler                    0x08005d34   Section        0  port.o(i.xPortStartScheduler)
    i.xPortSysTickHandler                    0x08005db8   Section        0  port.o(i.xPortSysTickHandler)
    i.xQueueGenericCreate                    0x08005ddc   Section        0  queue.o(i.xQueueGenericCreate)
    i.xQueueGenericReceive                   0x08005e24   Section        0  queue.o(i.xQueueGenericReceive)
    i.xQueueGenericReset                     0x08005f52   Section        0  queue.o(i.xQueueGenericReset)
    i.xQueueGenericSend                      0x08005fbc   Section        0  queue.o(i.xQueueGenericSend)
    i.xQueueGenericSendFromISR               0x080060d0   Section        0  queue.o(i.xQueueGenericSendFromISR)
    i.xQueueReceiveFromISR                   0x08006162   Section        0  queue.o(i.xQueueReceiveFromISR)
    i.xTaskCheckForTimeOut                   0x080061d8   Section        0  tasks.o(i.xTaskCheckForTimeOut)
    i.xTaskGenericCreate                     0x08006230   Section        0  tasks.o(i.xTaskGenericCreate)
    i.xTaskGetSchedulerState                 0x080063b4   Section        0  tasks.o(i.xTaskGetSchedulerState)
    i.xTaskGetTickCount                      0x080063d0   Section        0  tasks.o(i.xTaskGetTickCount)
    i.xTaskIncrementTick                     0x080063e8   Section        0  tasks.o(i.xTaskIncrementTick)
    i.xTaskPriorityDisinherit                0x080064a8   Section        0  tasks.o(i.xTaskPriorityDisinherit)
    i.xTaskRemoveFromEventList               0x08006520   Section        0  tasks.o(i.xTaskRemoveFromEventList)
    i.xTaskRemoveFromUnorderedEventList      0x0800658c   Section        0  tasks.o(i.xTaskRemoveFromUnorderedEventList)
    i.xTaskResumeAll                         0x080065f0   Section        0  tasks.o(i.xTaskResumeAll)
    i.xTimerCreateTimerTask                  0x0800669c   Section        0  timers.o(i.xTimerCreateTimerTask)
    i.xTimerGenericCommand                   0x080066e0   Section        0  timers.o(i.xTimerGenericCommand)
    i.xTimerPendFunctionCallFromISR          0x08006730   Section        0  timers.o(i.xTimerPendFunctionCallFromISR)
    .constdata                               0x08006758   Section       16  stm32f4xx_hal_rcc.o(.constdata)
    .constdata                               0x08006768   Section      108  freertos.o(.constdata)
    .constdata                               0x080067d4   Section      256  mavlink_task.o(.constdata)
    mavlink_message_crcs                     0x080067d4   Data         256  mavlink_task.o(.constdata)
    .conststring                             0x080068d4   Section       92  freertos.o(.conststring)
    .data                                    0x20000000   Section        4  stm32f4xx_hal.o(.data)
    uwTick                                   0x20000000   Data           4  stm32f4xx_hal.o(.data)
    .data                                    0x20000004   Section        4  system_stm32f4xx.o(.data)
    .data                                    0x20000008   Section       56  tasks.o(.data)
    uxTasksDeleted                           0x2000000c   Data           4  tasks.o(.data)
    uxCurrentNumberOfTasks                   0x20000010   Data           4  tasks.o(.data)
    xTickCount                               0x20000014   Data           4  tasks.o(.data)
    uxTopReadyPriority                       0x20000018   Data           4  tasks.o(.data)
    xSchedulerRunning                        0x2000001c   Data           4  tasks.o(.data)
    uxPendedTicks                            0x20000020   Data           4  tasks.o(.data)
    xYieldPending                            0x20000024   Data           4  tasks.o(.data)
    xNumOfOverflows                          0x20000028   Data           4  tasks.o(.data)
    uxTaskNumber                             0x2000002c   Data           4  tasks.o(.data)
    xNextTaskUnblockTime                     0x20000030   Data           4  tasks.o(.data)
    uxSchedulerSuspended                     0x20000034   Data           4  tasks.o(.data)
    pxDelayedTaskList                        0x20000038   Data           4  tasks.o(.data)
    pxOverflowDelayedTaskList                0x2000003c   Data           4  tasks.o(.data)
    .data                                    0x20000040   Section       24  heap_4.o(.data)
    pxEnd                                    0x20000040   Data           4  heap_4.o(.data)
    xFreeBytesRemaining                      0x20000044   Data           4  heap_4.o(.data)
    xMinimumEverFreeBytesRemaining           0x20000048   Data           4  heap_4.o(.data)
    xBlockAllocatedBit                       0x2000004c   Data           4  heap_4.o(.data)
    xStart                                   0x20000050   Data           8  heap_4.o(.data)
    .data                                    0x20000058   Section       12  port.o(.data)
    ucMaxSysCallPriority                     0x20000058   Data           1  port.o(.data)
    uxCriticalNesting                        0x2000005c   Data           4  port.o(.data)
    ulMaxPRIGROUPValue                       0x20000060   Data           4  port.o(.data)
    .data                                    0x20000064   Section       16  timers.o(.data)
    xTimerQueue                              0x20000064   Data           4  timers.o(.data)
    xLastTime                                0x20000068   Data           4  timers.o(.data)
    pxCurrentTimerList                       0x2000006c   Data           4  timers.o(.data)
    pxOverflowTimerList                      0x20000070   Data           4  timers.o(.data)
    .data                                    0x20000074   Section        5  stm32f4xx_it.o(.data)
    .data                                    0x2000007c   Section       56  freertos.o(.data)
    flag                                     0x2000007c   Data           1  freertos.o(.data)
    flag_1                                   0x2000007d   Data           1  freertos.o(.data)
    flag_2                                   0x2000007e   Data           1  freertos.o(.data)
    flag_3                                   0x2000007f   Data           1  freertos.o(.data)
    temp_cnt1                                0x20000082   Data           2  freertos.o(.data)
    temp_cnt1_2                              0x20000084   Data           2  freertos.o(.data)
    temp_cnt2                                0x20000086   Data           2  freertos.o(.data)
    temp_cnt2_2                              0x20000088   Data           2  freertos.o(.data)
    temp_cnt3                                0x2000008a   Data           2  freertos.o(.data)
    temp_cnt3_2                              0x2000008c   Data           2  freertos.o(.data)
    temp_cnt4                                0x2000008e   Data           2  freertos.o(.data)
    temp_cnt4_2                              0x20000090   Data           2  freertos.o(.data)
    .data                                    0x200000b4   Section        1  i2c_soft.o(.data)
    .data                                    0x200000b5   Section        2  mavlink_task.o(.data)
    .bss                                     0x200000b8   Section      240  tasks.o(.bss)
    pxReadyTasksLists                        0x200000b8   Data         140  tasks.o(.bss)
    xDelayedTaskList1                        0x20000144   Data          20  tasks.o(.bss)
    xDelayedTaskList2                        0x20000158   Data          20  tasks.o(.bss)
    xPendingReadyList                        0x2000016c   Data          20  tasks.o(.bss)
    xTasksWaitingTermination                 0x20000180   Data          20  tasks.o(.bss)
    xSuspendedTaskList                       0x20000194   Data          20  tasks.o(.bss)
    .bss                                     0x200001a8   Section       64  queue.o(.bss)
    .bss                                     0x200001e8   Section    15360  heap_4.o(.bss)
    ucHeap                                   0x200001e8   Data       15360  heap_4.o(.bss)
    .bss                                     0x20003de8   Section       40  timers.o(.bss)
    xActiveTimerList1                        0x20003de8   Data          20  timers.o(.bss)
    xActiveTimerList2                        0x20003dfc   Data          20  timers.o(.bss)
    .bss                                     0x20003e10   Section      288  freertos.o(.bss)
    value                                    0x20003e10   Data          16  freertos.o(.bss)
    .bss                                     0x20003f30   Section       88  spi.o(.bss)
    .bss                                     0x20003f88   Section      240  tim.o(.bss)
    .bss                                     0x20004078   Section      272  usart.o(.bss)
    .bss                                     0x20004188   Section       16  as5600.o(.bss)
    .bss                                     0x20004198   Section     1136  mavlink_task.o(.bss)
    m_mavlink_status                         0x20004198   Data          48  mavlink_task.o(.bss)
    m_mavlink_buffer                         0x200041c8   Data        1088  mavlink_task.o(.bss)
    STACK                                    0x20004608   Section     1024  startup_stm32f407xx.o(STACK)

    Global Symbols

    Symbol Name                              Value     Ov Type        Size  Object(Section)

    BuildAttributes$$THM_ISAv4$E$P$D$K$B$S$7EM$VFPi3$EXTD16$VFPS$VFMA$PE$A:L22UL41UL21$X:L11$S22US41US21$IEEE1$IW$USESV6$~STKCKD$USESV7$~SHL$OSPACE$ROPI$EBA8$MICROLIB$REQ8$PRES8$EABIv2 0x00000000   Number         0  anon$$obj.o ABSOLUTE
    __ARM_use_no_argv                        0x00000000   Number         0  main.o ABSOLUTE
    __cpp_initialize__aeabi_                  - Undefined Weak Reference
    __cxa_finalize                            - Undefined Weak Reference
    __decompress                              - Undefined Weak Reference
    _clock_init                               - Undefined Weak Reference
    _microlib_exit                            - Undefined Weak Reference
    __Vectors_Size                           0x00000188   Number         0  startup_stm32f407xx.o ABSOLUTE
    __Vectors                                0x08000000   Data           4  startup_stm32f407xx.o(RESET)
    __Vectors_End                            0x08000188   Data           0  startup_stm32f407xx.o(RESET)
    __main                                   0x08000189   Thumb Code     0  entry.o(.ARM.Collect$$$$00000000)
    _main_stk                                0x08000189   Thumb Code     0  entry2.o(.ARM.Collect$$$$00000001)
    _main_scatterload                        0x0800018d   Thumb Code     0  entry5.o(.ARM.Collect$$$$00000004)
    __main_after_scatterload                 0x08000191   Thumb Code     0  entry5.o(.ARM.Collect$$$$00000004)
    _main_clock                              0x08000191   Thumb Code     0  entry7b.o(.ARM.Collect$$$$00000008)
    _main_cpp_init                           0x08000191   Thumb Code     0  entry8b.o(.ARM.Collect$$$$0000000A)
    _main_init                               0x08000191   Thumb Code     0  entry9a.o(.ARM.Collect$$$$0000000B)
    __rt_final_cpp                           0x08000199   Thumb Code     0  entry10a.o(.ARM.Collect$$$$0000000D)
    __rt_final_exit                          0x08000199   Thumb Code     0  entry11a.o(.ARM.Collect$$$$0000000F)
    SVC_Handler                              0x0800019d   Thumb Code    28  port.o(.emb_text)
    __asm___6_port_c_39a90d8d__prvStartFirstTask 0x080001bd   Thumb Code    28  port.o(.emb_text)
    __asm___6_port_c_39a90d8d__prvEnableVFP  0x080001dd   Thumb Code    16  port.o(.emb_text)
    PendSV_Handler                           0x080001f1   Thumb Code    84  port.o(.emb_text)
    ulPortSetInterruptMask                   0x08000249   Thumb Code    14  port.o(.emb_text)
    vPortClearInterruptMask                  0x08000257   Thumb Code     6  port.o(.emb_text)
    vPortGetIPSR                             0x0800025d   Thumb Code     6  port.o(.emb_text)
    Reset_Handler                            0x08000265   Thumb Code     8  startup_stm32f407xx.o(.text)
    NMI_Handler                              0x0800026d   Thumb Code     2  startup_stm32f407xx.o(.text)
    HardFault_Handler                        0x0800026f   Thumb Code     2  startup_stm32f407xx.o(.text)
    MemManage_Handler                        0x08000271   Thumb Code     2  startup_stm32f407xx.o(.text)
    BusFault_Handler                         0x08000273   Thumb Code     2  startup_stm32f407xx.o(.text)
    UsageFault_Handler                       0x08000275   Thumb Code     2  startup_stm32f407xx.o(.text)
    DebugMon_Handler                         0x08000279   Thumb Code     2  startup_stm32f407xx.o(.text)
    ADC_IRQHandler                           0x0800027f   Thumb Code     0  startup_stm32f407xx.o(.text)
    CAN1_RX0_IRQHandler                      0x0800027f   Thumb Code     0  startup_stm32f407xx.o(.text)
    CAN1_RX1_IRQHandler                      0x0800027f   Thumb Code     0  startup_stm32f407xx.o(.text)
    CAN1_SCE_IRQHandler                      0x0800027f   Thumb Code     0  startup_stm32f407xx.o(.text)
    CAN1_TX_IRQHandler                       0x0800027f   Thumb Code     0  startup_stm32f407xx.o(.text)
    CAN2_RX0_IRQHandler                      0x0800027f   Thumb Code     0  startup_stm32f407xx.o(.text)
    CAN2_RX1_IRQHandler                      0x0800027f   Thumb Code     0  startup_stm32f407xx.o(.text)
    CAN2_SCE_IRQHandler                      0x0800027f   Thumb Code     0  startup_stm32f407xx.o(.text)
    CAN2_TX_IRQHandler                       0x0800027f   Thumb Code     0  startup_stm32f407xx.o(.text)
    DCMI_IRQHandler                          0x0800027f   Thumb Code     0  startup_stm32f407xx.o(.text)
    DMA1_Stream0_IRQHandler                  0x0800027f   Thumb Code     0  startup_stm32f407xx.o(.text)
    DMA1_Stream1_IRQHandler                  0x0800027f   Thumb Code     0  startup_stm32f407xx.o(.text)
    DMA1_Stream2_IRQHandler                  0x0800027f   Thumb Code     0  startup_stm32f407xx.o(.text)
    DMA1_Stream3_IRQHandler                  0x0800027f   Thumb Code     0  startup_stm32f407xx.o(.text)
    DMA1_Stream4_IRQHandler                  0x0800027f   Thumb Code     0  startup_stm32f407xx.o(.text)
    DMA1_Stream5_IRQHandler                  0x0800027f   Thumb Code     0  startup_stm32f407xx.o(.text)
    DMA1_Stream6_IRQHandler                  0x0800027f   Thumb Code     0  startup_stm32f407xx.o(.text)
    DMA1_Stream7_IRQHandler                  0x0800027f   Thumb Code     0  startup_stm32f407xx.o(.text)
    DMA2_Stream0_IRQHandler                  0x0800027f   Thumb Code     0  startup_stm32f407xx.o(.text)
    DMA2_Stream1_IRQHandler                  0x0800027f   Thumb Code     0  startup_stm32f407xx.o(.text)
    DMA2_Stream2_IRQHandler                  0x0800027f   Thumb Code     0  startup_stm32f407xx.o(.text)
    DMA2_Stream3_IRQHandler                  0x0800027f   Thumb Code     0  startup_stm32f407xx.o(.text)
    DMA2_Stream4_IRQHandler                  0x0800027f   Thumb Code     0  startup_stm32f407xx.o(.text)
    DMA2_Stream5_IRQHandler                  0x0800027f   Thumb Code     0  startup_stm32f407xx.o(.text)
    DMA2_Stream6_IRQHandler                  0x0800027f   Thumb Code     0  startup_stm32f407xx.o(.text)
    ETH_IRQHandler                           0x0800027f   Thumb Code     0  startup_stm32f407xx.o(.text)
    ETH_WKUP_IRQHandler                      0x0800027f   Thumb Code     0  startup_stm32f407xx.o(.text)
    EXTI0_IRQHandler                         0x0800027f   Thumb Code     0  startup_stm32f407xx.o(.text)
    EXTI15_10_IRQHandler                     0x0800027f   Thumb Code     0  startup_stm32f407xx.o(.text)
    EXTI1_IRQHandler                         0x0800027f   Thumb Code     0  startup_stm32f407xx.o(.text)
    EXTI2_IRQHandler                         0x0800027f   Thumb Code     0  startup_stm32f407xx.o(.text)
    EXTI3_IRQHandler                         0x0800027f   Thumb Code     0  startup_stm32f407xx.o(.text)
    EXTI4_IRQHandler                         0x0800027f   Thumb Code     0  startup_stm32f407xx.o(.text)
    EXTI9_5_IRQHandler                       0x0800027f   Thumb Code     0  startup_stm32f407xx.o(.text)
    FLASH_IRQHandler                         0x0800027f   Thumb Code     0  startup_stm32f407xx.o(.text)
    FMC_IRQHandler                           0x0800027f   Thumb Code     0  startup_stm32f407xx.o(.text)
    FPU_IRQHandler                           0x0800027f   Thumb Code     0  startup_stm32f407xx.o(.text)
    HASH_RNG_IRQHandler                      0x0800027f   Thumb Code     0  startup_stm32f407xx.o(.text)
    I2C1_ER_IRQHandler                       0x0800027f   Thumb Code     0  startup_stm32f407xx.o(.text)
    I2C1_EV_IRQHandler                       0x0800027f   Thumb Code     0  startup_stm32f407xx.o(.text)
    I2C2_ER_IRQHandler                       0x0800027f   Thumb Code     0  startup_stm32f407xx.o(.text)
    I2C2_EV_IRQHandler                       0x0800027f   Thumb Code     0  startup_stm32f407xx.o(.text)
    I2C3_ER_IRQHandler                       0x0800027f   Thumb Code     0  startup_stm32f407xx.o(.text)
    I2C3_EV_IRQHandler                       0x0800027f   Thumb Code     0  startup_stm32f407xx.o(.text)
    OTG_FS_IRQHandler                        0x0800027f   Thumb Code     0  startup_stm32f407xx.o(.text)
    OTG_FS_WKUP_IRQHandler                   0x0800027f   Thumb Code     0  startup_stm32f407xx.o(.text)
    OTG_HS_EP1_IN_IRQHandler                 0x0800027f   Thumb Code     0  startup_stm32f407xx.o(.text)
    OTG_HS_EP1_OUT_IRQHandler                0x0800027f   Thumb Code     0  startup_stm32f407xx.o(.text)
    OTG_HS_IRQHandler                        0x0800027f   Thumb Code     0  startup_stm32f407xx.o(.text)
    OTG_HS_WKUP_IRQHandler                   0x0800027f   Thumb Code     0  startup_stm32f407xx.o(.text)
    PVD_IRQHandler                           0x0800027f   Thumb Code     0  startup_stm32f407xx.o(.text)
    RCC_IRQHandler                           0x0800027f   Thumb Code     0  startup_stm32f407xx.o(.text)
    RTC_Alarm_IRQHandler                     0x0800027f   Thumb Code     0  startup_stm32f407xx.o(.text)
    RTC_WKUP_IRQHandler                      0x0800027f   Thumb Code     0  startup_stm32f407xx.o(.text)
    SDIO_IRQHandler                          0x0800027f   Thumb Code     0  startup_stm32f407xx.o(.text)
    SPI1_IRQHandler                          0x0800027f   Thumb Code     0  startup_stm32f407xx.o(.text)
    SPI2_IRQHandler                          0x0800027f   Thumb Code     0  startup_stm32f407xx.o(.text)
    SPI3_IRQHandler                          0x0800027f   Thumb Code     0  startup_stm32f407xx.o(.text)
    TAMP_STAMP_IRQHandler                    0x0800027f   Thumb Code     0  startup_stm32f407xx.o(.text)
    TIM1_BRK_TIM9_IRQHandler                 0x0800027f   Thumb Code     0  startup_stm32f407xx.o(.text)
    TIM1_CC_IRQHandler                       0x0800027f   Thumb Code     0  startup_stm32f407xx.o(.text)
    TIM1_TRG_COM_TIM11_IRQHandler            0x0800027f   Thumb Code     0  startup_stm32f407xx.o(.text)
    TIM1_UP_TIM10_IRQHandler                 0x0800027f   Thumb Code     0  startup_stm32f407xx.o(.text)
    TIM2_IRQHandler                          0x0800027f   Thumb Code     0  startup_stm32f407xx.o(.text)
    TIM4_IRQHandler                          0x0800027f   Thumb Code     0  startup_stm32f407xx.o(.text)
    TIM5_IRQHandler                          0x0800027f   Thumb Code     0  startup_stm32f407xx.o(.text)
    TIM6_DAC_IRQHandler                      0x0800027f   Thumb Code     0  startup_stm32f407xx.o(.text)
    TIM7_IRQHandler                          0x0800027f   Thumb Code     0  startup_stm32f407xx.o(.text)
    TIM8_BRK_TIM12_IRQHandler                0x0800027f   Thumb Code     0  startup_stm32f407xx.o(.text)
    TIM8_CC_IRQHandler                       0x0800027f   Thumb Code     0  startup_stm32f407xx.o(.text)
    TIM8_TRG_COM_TIM14_IRQHandler            0x0800027f   Thumb Code     0  startup_stm32f407xx.o(.text)
    TIM8_UP_TIM13_IRQHandler                 0x0800027f   Thumb Code     0  startup_stm32f407xx.o(.text)
    UART4_IRQHandler                         0x0800027f   Thumb Code     0  startup_stm32f407xx.o(.text)
    UART5_IRQHandler                         0x0800027f   Thumb Code     0  startup_stm32f407xx.o(.text)
    USART2_IRQHandler                        0x0800027f   Thumb Code     0  startup_stm32f407xx.o(.text)
    USART3_IRQHandler                        0x0800027f   Thumb Code     0  startup_stm32f407xx.o(.text)
    USART6_IRQHandler                        0x0800027f   Thumb Code     0  startup_stm32f407xx.o(.text)
    WWDG_IRQHandler                          0x0800027f   Thumb Code     0  startup_stm32f407xx.o(.text)
    __aeabi_memcpy                           0x08000289   Thumb Code    36  memcpya.o(.text)
    __aeabi_memcpy4                          0x08000289   Thumb Code     0  memcpya.o(.text)
    __aeabi_memcpy8                          0x08000289   Thumb Code     0  memcpya.o(.text)
    __aeabi_memset                           0x080002ad   Thumb Code    14  memseta.o(.text)
    __aeabi_memset4                          0x080002ad   Thumb Code     0  memseta.o(.text)
    __aeabi_memset8                          0x080002ad   Thumb Code     0  memseta.o(.text)
    __aeabi_memclr                           0x080002bb   Thumb Code     4  memseta.o(.text)
    __aeabi_memclr4                          0x080002bb   Thumb Code     0  memseta.o(.text)
    __aeabi_memclr8                          0x080002bb   Thumb Code     0  memseta.o(.text)
    _memset$wrapper                          0x080002bf   Thumb Code    18  memseta.o(.text)
    __aeabi_dmul                             0x080002d1   Thumb Code   228  dmul.o(.text)
    __aeabi_ui2d                             0x080003b5   Thumb Code    26  dfltui.o(.text)
    __aeabi_d2uiz                            0x080003cf   Thumb Code    50  dfixui.o(.text)
    __aeabi_llsr                             0x08000401   Thumb Code    32  llushr.o(.text)
    _ll_ushift_r                             0x08000401   Thumb Code     0  llushr.o(.text)
    __I$use$fp                               0x08000421   Thumb Code     0  iusefp.o(.text)
    _double_round                            0x08000421   Thumb Code    30  depilogue.o(.text)
    _double_epilogue                         0x0800043f   Thumb Code   156  depilogue.o(.text)
    __scatterload                            0x080004dd   Thumb Code    28  init.o(.text)
    __scatterload_rt2                        0x080004dd   Thumb Code     0  init.o(.text)
    __aeabi_llsl                             0x08000501   Thumb Code    30  llshl.o(.text)
    _ll_shift_l                              0x08000501   Thumb Code     0  llshl.o(.text)
    AS5600Thread                             0x08000521   Thumb Code    34  freertos.o(i.AS5600Thread)
    AS5600_Angle_Read                        0x0800054d   Thumb Code   112  as5600.o(i.AS5600_Angle_Read)
    AS5600_DaTa_Angle                        0x080005c1   Thumb Code    76  as5600.o(i.AS5600_DaTa_Angle)
    AS5600_Data                              0x0800061d   Thumb Code    60  as5600.o(i.AS5600_Data)
    DMA2_Stream7_IRQHandler                  0x0800065d   Thumb Code     6  stm32f4xx_it.o(i.DMA2_Stream7_IRQHandler)
    DataReceiveThread                        0x08000691   Thumb Code   186  mavlink_task.o(i.DataReceiveThread)
    HAL_DMA_IRQHandler                       0x08000755   Thumb Code  3940  stm32f4xx_hal_dma.o(i.HAL_DMA_IRQHandler)
    HAL_DMA_Init                             0x080016c1   Thumb Code   108  stm32f4xx_hal_dma.o(i.HAL_DMA_Init)
    HAL_DMA_Start_IT                         0x08001731   Thumb Code   108  stm32f4xx_hal_dma.o(i.HAL_DMA_Start_IT)
    HAL_GPIO_Init                            0x0800179d   Thumb Code   398  stm32f4xx_hal_gpio.o(i.HAL_GPIO_Init)
    HAL_GPIO_TogglePin                       0x0800195d   Thumb Code     8  stm32f4xx_hal_gpio.o(i.HAL_GPIO_TogglePin)
    HAL_GetTick                              0x08001965   Thumb Code     6  stm32f4xx_hal.o(i.HAL_GetTick)
    HAL_IncTick                              0x08001971   Thumb Code    10  stm32f4xx_hal.o(i.HAL_IncTick)
    HAL_Init                                 0x08001981   Thumb Code    48  stm32f4xx_hal.o(i.HAL_Init)
    HAL_InitTick                             0x080019b5   Thumb Code    34  stm32f4xx_hal.o(i.HAL_InitTick)
    HAL_MspInit                              0x080019d7   Thumb Code    22  stm32f4xx_hal_msp.o(i.HAL_MspInit)
    HAL_NVIC_EnableIRQ                       0x080019ed   Thumb Code    22  stm32f4xx_hal_cortex.o(i.HAL_NVIC_EnableIRQ)
    HAL_NVIC_SetPriority                     0x08001a05   Thumb Code    60  stm32f4xx_hal_cortex.o(i.HAL_NVIC_SetPriority)
    HAL_NVIC_SetPriorityGrouping             0x08001a45   Thumb Code    26  stm32f4xx_hal_cortex.o(i.HAL_NVIC_SetPriorityGrouping)
    HAL_RCC_ClockConfig                      0x08001a69   Thumb Code   514  stm32f4xx_hal_rcc.o(i.HAL_RCC_ClockConfig)
    HAL_RCC_GetHCLKFreq                      0x08001c75   Thumb Code    38  stm32f4xx_hal_rcc.o(i.HAL_RCC_GetHCLKFreq)
    HAL_RCC_GetPCLK1Freq                     0x08001ca9   Thumb Code    36  stm32f4xx_hal_rcc.o(i.HAL_RCC_GetPCLK1Freq)
    HAL_RCC_GetPCLK2Freq                     0x08001cd5   Thumb Code    36  stm32f4xx_hal_rcc.o(i.HAL_RCC_GetPCLK2Freq)
    HAL_RCC_GetSysClockFreq                  0x08001d01   Thumb Code   104  stm32f4xx_hal_rcc.o(i.HAL_RCC_GetSysClockFreq)
    HAL_RCC_OscConfig                        0x08001d71   Thumb Code   806  stm32f4xx_hal_rcc.o(i.HAL_RCC_OscConfig)
    HAL_SPI_Init                             0x080020ad   Thumb Code   132  stm32f4xx_hal_spi.o(i.HAL_SPI_Init)
    HAL_SPI_MspInit                          0x08002131   Thumb Code    62  spi.o(i.HAL_SPI_MspInit)
    HAL_SYSTICK_CLKSourceConfig              0x0800217d   Thumb Code    24  stm32f4xx_hal_cortex.o(i.HAL_SYSTICK_CLKSourceConfig)
    HAL_SYSTICK_Config                       0x08002195   Thumb Code    40  stm32f4xx_hal_cortex.o(i.HAL_SYSTICK_Config)
    HAL_TIMEx_BreakCallback                  0x080021bd   Thumb Code     2  stm32f4xx_hal_tim_ex.o(i.HAL_TIMEx_BreakCallback)
    HAL_TIMEx_CommutationCallback            0x080021bf   Thumb Code     2  stm32f4xx_hal_tim_ex.o(i.HAL_TIMEx_CommutationCallback)
    HAL_TIMEx_ConfigBreakDeadTime            0x080021c1   Thumb Code    66  stm32f4xx_hal_tim_ex.o(i.HAL_TIMEx_ConfigBreakDeadTime)
    HAL_TIMEx_MasterConfigSynchronization    0x08002203   Thumb Code    80  stm32f4xx_hal_tim_ex.o(i.HAL_TIMEx_MasterConfigSynchronization)
    HAL_TIM_Base_Init                        0x08002253   Thumb Code    54  stm32f4xx_hal_tim.o(i.HAL_TIM_Base_Init)
    HAL_TIM_Base_MspInit                     0x08002289   Thumb Code   230  tim.o(i.HAL_TIM_Base_MspInit)
    HAL_TIM_Base_Start_IT                    0x08002395   Thumb Code    24  stm32f4xx_hal_tim.o(i.HAL_TIM_Base_Start_IT)
    HAL_TIM_ConfigClockSource                0x080023ad   Thumb Code   242  stm32f4xx_hal_tim.o(i.HAL_TIM_ConfigClockSource)
    HAL_TIM_IC_CaptureCallback               0x080024a1   Thumb Code   430  freertos.o(i.HAL_TIM_IC_CaptureCallback)
    HAL_TIM_IC_ConfigChannel                 0x08002665   Thumb Code   286  stm32f4xx_hal_tim.o(i.HAL_TIM_IC_ConfigChannel)
    HAL_TIM_IC_Init                          0x08002783   Thumb Code    54  stm32f4xx_hal_tim.o(i.HAL_TIM_IC_Init)
    HAL_TIM_IC_MspInit                       0x080027b9   Thumb Code     2  stm32f4xx_hal_tim.o(i.HAL_TIM_IC_MspInit)
    HAL_TIM_IC_Start_IT                      0x080027bb   Thumb Code    76  stm32f4xx_hal_tim.o(i.HAL_TIM_IC_Start_IT)
    HAL_TIM_IRQHandler                       0x08002807   Thumb Code   328  stm32f4xx_hal_tim.o(i.HAL_TIM_IRQHandler)
    HAL_TIM_OC_DelayElapsedCallback          0x0800294f   Thumb Code     2  stm32f4xx_hal_tim.o(i.HAL_TIM_OC_DelayElapsedCallback)
    HAL_TIM_PWM_ConfigChannel                0x08002951   Thumb Code   208  stm32f4xx_hal_tim.o(i.HAL_TIM_PWM_ConfigChannel)
    HAL_TIM_PWM_Init                         0x08002a21   Thumb Code    54  stm32f4xx_hal_tim.o(i.HAL_TIM_PWM_Init)
    HAL_TIM_PWM_MspInit                      0x08002a57   Thumb Code     2  stm32f4xx_hal_tim.o(i.HAL_TIM_PWM_MspInit)
    HAL_TIM_PWM_PulseFinishedCallback        0x08002a59   Thumb Code     2  stm32f4xx_hal_tim.o(i.HAL_TIM_PWM_PulseFinishedCallback)
    HAL_TIM_PWM_Start                        0x08002a5d   Thumb Code    48  stm32f4xx_hal_tim.o(i.HAL_TIM_PWM_Start)
    HAL_TIM_PeriodElapsedCallback            0x08002a95   Thumb Code    28  freertos.o(i.HAL_TIM_PeriodElapsedCallback)
    HAL_TIM_TriggerCallback                  0x08002ab5   Thumb Code     2  stm32f4xx_hal_tim.o(i.HAL_TIM_TriggerCallback)
    HAL_UART_ErrorCallback                   0x08002ab9   Thumb Code    16  freertos.o(i.HAL_UART_ErrorCallback)
    HAL_UART_IRQHandler                      0x08002ad1   Thumb Code   266  stm32f4xx_hal_uart.o(i.HAL_UART_IRQHandler)
    HAL_UART_Init                            0x08002bdb   Thumb Code    94  stm32f4xx_hal_uart.o(i.HAL_UART_Init)
    HAL_UART_MspInit                         0x08002c39   Thumb Code   216  usart.o(i.HAL_UART_MspInit)
    HAL_UART_RxCpltCallback                  0x08002d35   Thumb Code     2  stm32f4xx_hal_uart.o(i.HAL_UART_RxCpltCallback)
    HAL_UART_Transmit_DMA                    0x08002d39   Thumb Code   130  stm32f4xx_hal_uart.o(i.HAL_UART_Transmit_DMA)
    HAL_UART_TxCpltCallback                  0x08002dc9   Thumb Code    16  freertos.o(i.HAL_UART_TxCpltCallback)
    HAL_UART_TxHalfCpltCallback              0x08002de1   Thumb Code     2  stm32f4xx_hal_uart.o(i.HAL_UART_TxHalfCpltCallback)
    I2c_Soft_Ask                             0x08002de5   Thumb Code    40  i2c_soft.o(i.I2c_Soft_Ask)
    I2c_Soft_Ask_1                           0x08002e11   Thumb Code    40  i2c_soft.o(i.I2c_Soft_Ask_1)
    I2c_Soft_Ask_2                           0x08002e3d   Thumb Code    44  i2c_soft.o(i.I2c_Soft_Ask_2)
    I2c_Soft_Ask_3                           0x08002e6d   Thumb Code    44  i2c_soft.o(i.I2c_Soft_Ask_3)
    I2c_Soft_Ask_4                           0x08002e9d   Thumb Code    44  i2c_soft.o(i.I2c_Soft_Ask_4)
    I2c_Soft_Ask_5                           0x08002ecd   Thumb Code    44  i2c_soft.o(i.I2c_Soft_Ask_5)
    I2c_Soft_Ask_6                           0x08002efd   Thumb Code    44  i2c_soft.o(i.I2c_Soft_Ask_6)
    I2c_Soft_Ask_7                           0x08002f2d   Thumb Code    44  i2c_soft.o(i.I2c_Soft_Ask_7)
    I2c_Soft_NoAsk                           0x08002f5d   Thumb Code    40  i2c_soft.o(i.I2c_Soft_NoAsk)
    I2c_Soft_NoAsk_1                         0x08002f89   Thumb Code    40  i2c_soft.o(i.I2c_Soft_NoAsk_1)
    I2c_Soft_NoAsk_2                         0x08002fb5   Thumb Code    44  i2c_soft.o(i.I2c_Soft_NoAsk_2)
    I2c_Soft_NoAsk_3                         0x08002fe5   Thumb Code    44  i2c_soft.o(i.I2c_Soft_NoAsk_3)
    I2c_Soft_NoAsk_4                         0x08003015   Thumb Code    44  i2c_soft.o(i.I2c_Soft_NoAsk_4)
    I2c_Soft_NoAsk_5                         0x08003045   Thumb Code    44  i2c_soft.o(i.I2c_Soft_NoAsk_5)
    I2c_Soft_NoAsk_6                         0x08003075   Thumb Code    44  i2c_soft.o(i.I2c_Soft_NoAsk_6)
    I2c_Soft_NoAsk_7                         0x080030a5   Thumb Code    44  i2c_soft.o(i.I2c_Soft_NoAsk_7)
    I2c_Soft_ReadByte                        0x080030d5   Thumb Code    82  i2c_soft.o(i.I2c_Soft_ReadByte)
    I2c_Soft_ReadByte_1                      0x0800312d   Thumb Code    82  i2c_soft.o(i.I2c_Soft_ReadByte_1)
    I2c_Soft_ReadByte_2                      0x08003185   Thumb Code    82  i2c_soft.o(i.I2c_Soft_ReadByte_2)
    I2c_Soft_ReadByte_3                      0x080031dd   Thumb Code    82  i2c_soft.o(i.I2c_Soft_ReadByte_3)
    I2c_Soft_ReadByte_4                      0x08003235   Thumb Code    82  i2c_soft.o(i.I2c_Soft_ReadByte_4)
    I2c_Soft_ReadByte_5                      0x0800328d   Thumb Code    82  i2c_soft.o(i.I2c_Soft_ReadByte_5)
    I2c_Soft_ReadByte_6                      0x080032e5   Thumb Code    82  i2c_soft.o(i.I2c_Soft_ReadByte_6)
    I2c_Soft_ReadByte_7                      0x0800333d   Thumb Code    82  i2c_soft.o(i.I2c_Soft_ReadByte_7)
    I2c_Soft_SendByte                        0x08003395   Thumb Code    54  i2c_soft.o(i.I2c_Soft_SendByte)
    I2c_Soft_SendByte_1                      0x080033d1   Thumb Code    54  i2c_soft.o(i.I2c_Soft_SendByte_1)
    I2c_Soft_SendByte_2                      0x0800340d   Thumb Code    54  i2c_soft.o(i.I2c_Soft_SendByte_2)
    I2c_Soft_SendByte_3                      0x08003449   Thumb Code    54  i2c_soft.o(i.I2c_Soft_SendByte_3)
    I2c_Soft_SendByte_4                      0x08003485   Thumb Code    54  i2c_soft.o(i.I2c_Soft_SendByte_4)
    I2c_Soft_SendByte_5                      0x080034c1   Thumb Code    54  i2c_soft.o(i.I2c_Soft_SendByte_5)
    I2c_Soft_SendByte_6                      0x080034fd   Thumb Code    54  i2c_soft.o(i.I2c_Soft_SendByte_6)
    I2c_Soft_SendByte_7                      0x08003539   Thumb Code    54  i2c_soft.o(i.I2c_Soft_SendByte_7)
    I2c_Soft_Start                           0x08003575   Thumb Code    52  i2c_soft.o(i.I2c_Soft_Start)
    I2c_Soft_Start_1                         0x080035ad   Thumb Code    52  i2c_soft.o(i.I2c_Soft_Start_1)
    I2c_Soft_Start_2                         0x080035e5   Thumb Code    54  i2c_soft.o(i.I2c_Soft_Start_2)
    I2c_Soft_Start_3                         0x08003621   Thumb Code    54  i2c_soft.o(i.I2c_Soft_Start_3)
    I2c_Soft_Start_4                         0x0800365d   Thumb Code    54  i2c_soft.o(i.I2c_Soft_Start_4)
    I2c_Soft_Start_5                         0x08003699   Thumb Code    54  i2c_soft.o(i.I2c_Soft_Start_5)
    I2c_Soft_Start_6                         0x080036d5   Thumb Code    54  i2c_soft.o(i.I2c_Soft_Start_6)
    I2c_Soft_Start_7                         0x08003711   Thumb Code    54  i2c_soft.o(i.I2c_Soft_Start_7)
    I2c_Soft_Stop                            0x0800374d   Thumb Code    38  i2c_soft.o(i.I2c_Soft_Stop)
    I2c_Soft_Stop_1                          0x08003779   Thumb Code    38  i2c_soft.o(i.I2c_Soft_Stop_1)
    I2c_Soft_Stop_2                          0x080037a5   Thumb Code    40  i2c_soft.o(i.I2c_Soft_Stop_2)
    I2c_Soft_Stop_3                          0x080037d1   Thumb Code    40  i2c_soft.o(i.I2c_Soft_Stop_3)
    I2c_Soft_Stop_4                          0x080037fd   Thumb Code    40  i2c_soft.o(i.I2c_Soft_Stop_4)
    I2c_Soft_Stop_5                          0x08003829   Thumb Code    40  i2c_soft.o(i.I2c_Soft_Stop_5)
    I2c_Soft_Stop_6                          0x08003855   Thumb Code    42  i2c_soft.o(i.I2c_Soft_Stop_6)
    I2c_Soft_Stop_7                          0x08003885   Thumb Code    42  i2c_soft.o(i.I2c_Soft_Stop_7)
    I2c_Soft_WaitAsk                         0x080038b5   Thumb Code    68  i2c_soft.o(i.I2c_Soft_WaitAsk)
    I2c_Soft_WaitAsk_1                       0x080038fd   Thumb Code    68  i2c_soft.o(i.I2c_Soft_WaitAsk_1)
    I2c_Soft_WaitAsk_2                       0x08003945   Thumb Code    70  i2c_soft.o(i.I2c_Soft_WaitAsk_2)
    I2c_Soft_WaitAsk_3                       0x08003991   Thumb Code    70  i2c_soft.o(i.I2c_Soft_WaitAsk_3)
    I2c_Soft_WaitAsk_4                       0x080039dd   Thumb Code    70  i2c_soft.o(i.I2c_Soft_WaitAsk_4)
    I2c_Soft_WaitAsk_5                       0x08003a29   Thumb Code    70  i2c_soft.o(i.I2c_Soft_WaitAsk_5)
    I2c_Soft_WaitAsk_6                       0x08003a75   Thumb Code    72  i2c_soft.o(i.I2c_Soft_WaitAsk_6)
    I2c_Soft_WaitAsk_7                       0x08003ac1   Thumb Code    72  i2c_soft.o(i.I2c_Soft_WaitAsk_7)
    I2c_Soft_delay                           0x08003b0d   Thumb Code    36  i2c_soft.o(i.I2c_Soft_delay)
    IIC_Read_nByte                           0x08003b35   Thumb Code   104  i2c_soft.o(i.IIC_Read_nByte)
    IIC_Read_nByte_1                         0x08003b9d   Thumb Code   104  i2c_soft.o(i.IIC_Read_nByte_1)
    IIC_Read_nByte_2                         0x08003c05   Thumb Code   104  i2c_soft.o(i.IIC_Read_nByte_2)
    IIC_Read_nByte_3                         0x08003c6d   Thumb Code   104  i2c_soft.o(i.IIC_Read_nByte_3)
    IIC_Read_nByte_4                         0x08003cd5   Thumb Code   104  i2c_soft.o(i.IIC_Read_nByte_4)
    IIC_Read_nByte_5                         0x08003d3d   Thumb Code   104  i2c_soft.o(i.IIC_Read_nByte_5)
    IIC_Read_nByte_6                         0x08003da5   Thumb Code   104  i2c_soft.o(i.IIC_Read_nByte_6)
    IIC_Read_nByte_7                         0x08003e0d   Thumb Code   104  i2c_soft.o(i.IIC_Read_nByte_7)
    MX_DMA_Init                              0x08003e75   Thumb Code    40  dma.o(i.MX_DMA_Init)
    MX_FREERTOS_Init                         0x08003ea1   Thumb Code   138  freertos.o(i.MX_FREERTOS_Init)
    MX_GPIO_Init                             0x08003f35   Thumb Code   186  gpio.o(i.MX_GPIO_Init)
    MX_SPI1_Init                             0x08004005   Thumb Code    44  spi.o(i.MX_SPI1_Init)
    MX_TIM1_Init                             0x08004039   Thumb Code   162  tim.o(i.MX_TIM1_Init)
    MX_TIM3_Init                             0x080040ed   Thumb Code   116  tim.o(i.MX_TIM3_Init)
    MX_TIM5_Init                             0x08004169   Thumb Code   108  tim.o(i.MX_TIM5_Init)
    MX_TIM8_Init                             0x080041e5   Thumb Code   142  tim.o(i.MX_TIM8_Init)
    MX_USART1_UART_Init                      0x08004285   Thumb Code    32  usart.o(i.MX_USART1_UART_Init)
    MX_USART2_UART_Init                      0x080042ad   Thumb Code    32  usart.o(i.MX_USART2_UART_Init)
    MX_USART3_UART_Init                      0x080042d5   Thumb Code    32  usart.o(i.MX_USART3_UART_Init)
    SetPwm                                   0x0800431d   Thumb Code    46  mavlink_task.o(i.SetPwm)
    StartDefaultTask                         0x08004359   Thumb Code     8  freertos.o(i.StartDefaultTask)
    StartMsgSendThread                       0x08004361   Thumb Code    62  freertos.o(i.StartMsgSendThread)
    StartSampleThread                        0x080043ad   Thumb Code    66  mavlink_task.o(i.StartSampleThread)
    SysTick_Handler                          0x080043fd   Thumb Code    14  stm32f4xx_it.o(i.SysTick_Handler)
    SystemClock_Config                       0x0800440d   Thumb Code   130  main.o(i.SystemClock_Config)
    SystemInit                               0x08004499   Thumb Code    66  system_stm32f4xx.o(i.SystemInit)
    TIM3_IRQHandler                          0x080044ed   Thumb Code     6  stm32f4xx_it.o(i.TIM3_IRQHandler)
    TIM_Base_SetConfig                       0x080044f9   Thumb Code   148  stm32f4xx_hal_tim.o(i.TIM_Base_SetConfig)
    TIM_CCxChannelCmd                        0x080045b9   Thumb Code    22  stm32f4xx_hal_tim.o(i.TIM_CCxChannelCmd)
    TIM_OC2_SetConfig                        0x0800464d   Thumb Code    90  stm32f4xx_hal_tim.o(i.TIM_OC2_SetConfig)
    TIM_TI1_SetConfig                        0x08004785   Thumb Code   104  stm32f4xx_hal_tim.o(i.TIM_TI1_SetConfig)
    USART1_IRQHandler                        0x08004b41   Thumb Code    82  stm32f4xx_it.o(i.USART1_IRQHandler)
    __scatterload_copy                       0x08004ba5   Thumb Code    14  handlers.o(i.__scatterload_copy)
    __scatterload_null                       0x08004bb3   Thumb Code     2  handlers.o(i.__scatterload_null)
    __scatterload_zeroinit                   0x08004bb5   Thumb Code    14  handlers.o(i.__scatterload_zeroinit)
    comm_send_ch                             0x08004cb1   Thumb Code    14  freertos.o(i.comm_send_ch)
    main                                     0x08004cf1   Thumb Code   172  main.o(i.main)
    osDelay                                  0x08004f5d   Thumb Code    14  cmsis_os.o(i.osDelay)
    osKernelStart                            0x08004f6b   Thumb Code    10  cmsis_os.o(i.osKernelStart)
    osMessageCreate                          0x08004f75   Thumb Code    10  cmsis_os.o(i.osMessageCreate)
    osSemaphoreRelease                       0x08004f81   Thumb Code    68  cmsis_os.o(i.osSemaphoreRelease)
    osSemaphoreWait                          0x08004fc9   Thumb Code    92  cmsis_os.o(i.osSemaphoreWait)
    osSystickHandler                         0x08005029   Thumb Code    20  cmsis_os.o(i.osSystickHandler)
    osThreadCreate                           0x0800503d   Thumb Code    56  cmsis_os.o(i.osThreadCreate)
    pvPortMalloc                             0x08005569   Thumb Code   182  heap_4.o(i.pvPortMalloc)
    pvTaskIncrementMutexHeldCount            0x08005625   Thumb Code    18  tasks.o(i.pvTaskIncrementMutexHeldCount)
    pxPortInitialiseStack                    0x0800563d   Thumb Code    36  port.o(i.pxPortInitialiseStack)
    uxListRemove                             0x08005665   Thumb Code    36  list.o(i.uxListRemove)
    uxTaskResetEventItemValue                0x08005689   Thumb Code    20  tasks.o(i.uxTaskResetEventItemValue)
    vEventGroupSetBitsCallback               0x080056a1   Thumb Code     4  event_groups.o(i.vEventGroupSetBitsCallback)
    vListInitialise                          0x080056a5   Thumb Code    22  list.o(i.vListInitialise)
    vListInitialiseItem                      0x080056bb   Thumb Code     6  list.o(i.vListInitialiseItem)
    vListInsert                              0x080056c1   Thumb Code    48  list.o(i.vListInsert)
    vListInsertEnd                           0x080056f1   Thumb Code    24  list.o(i.vListInsertEnd)
    vPortEnterCritical                       0x08005709   Thumb Code    42  port.o(i.vPortEnterCritical)
    vPortExitCritical                        0x0800573d   Thumb Code    30  port.o(i.vPortExitCritical)
    vPortFree                                0x08005761   Thumb Code    68  heap_4.o(i.vPortFree)
    vPortSetupTimerInterrupt                 0x080057a9   Thumb Code    26  port.o(i.vPortSetupTimerInterrupt)
    vPortValidateInterruptPriority           0x080057c9   Thumb Code    54  port.o(i.vPortValidateInterruptPriority)
    vPortYield                               0x08005809   Thumb Code    18  port.o(i.vPortYield)
    vQueueAddToRegistry                      0x08005821   Thumb Code    34  queue.o(i.vQueueAddToRegistry)
    vQueueWaitForMessageRestricted           0x08005849   Thumb Code    56  queue.o(i.vQueueWaitForMessageRestricted)
    vTaskDelay                               0x08005881   Thumb Code    76  tasks.o(i.vTaskDelay)
    vTaskDelayUntil                          0x080058d1   Thumb Code   120  tasks.o(i.vTaskDelayUntil)
    vTaskMissedYield                         0x0800594d   Thumb Code     8  tasks.o(i.vTaskMissedYield)
    vTaskPlaceOnEventList                    0x08005959   Thumb Code    80  tasks.o(i.vTaskPlaceOnEventList)
    vTaskPlaceOnEventListRestricted          0x080059b1   Thumb Code    62  tasks.o(i.vTaskPlaceOnEventListRestricted)
    vTaskPlaceOnUnorderedEventList           0x080059f5   Thumb Code    98  tasks.o(i.vTaskPlaceOnUnorderedEventList)
    vTaskPriorityInherit                     0x08005a61   Thumb Code   124  tasks.o(i.vTaskPriorityInherit)
    vTaskSetTimeOutState                     0x08005ae5   Thumb Code    22  tasks.o(i.vTaskSetTimeOutState)
    vTaskStartScheduler                      0x08005b01   Thumb Code    68  tasks.o(i.vTaskStartScheduler)
    vTaskSuspendAll                          0x08005b55   Thumb Code    10  tasks.o(i.vTaskSuspendAll)
    vTaskSwitchContext                       0x08005b65   Thumb Code    74  tasks.o(i.vTaskSwitchContext)
    vToggleGreenLED                          0x08005bb9   Thumb Code     8  mavlink_task.o(i.vToggleGreenLED)
    vToggleRedLED                            0x08005bc5   Thumb Code     8  mavlink_task.o(i.vToggleRedLED)
    xEventGroupCreate                        0x08005bd1   Thumb Code    26  event_groups.o(i.xEventGroupCreate)
    xEventGroupSetBits                       0x08005bed   Thumb Code   112  event_groups.o(i.xEventGroupSetBits)
    xEventGroupSetBitsFromISR                0x08005c5d   Thumb Code    12  event_groups.o(i.xEventGroupSetBitsFromISR)
    xEventGroupWaitBits                      0x08005c6d   Thumb Code   198  event_groups.o(i.xEventGroupWaitBits)
    xPortStartScheduler                      0x08005d35   Thumb Code   116  port.o(i.xPortStartScheduler)
    xPortSysTickHandler                      0x08005db9   Thumb Code    30  port.o(i.xPortSysTickHandler)
    xQueueGenericCreate                      0x08005ddd   Thumb Code    70  queue.o(i.xQueueGenericCreate)
    xQueueGenericReceive                     0x08005e25   Thumb Code   302  queue.o(i.xQueueGenericReceive)
    xQueueGenericReset                       0x08005f53   Thumb Code   106  queue.o(i.xQueueGenericReset)
    xQueueGenericSend                        0x08005fbd   Thumb Code   276  queue.o(i.xQueueGenericSend)
    xQueueGenericSendFromISR                 0x080060d1   Thumb Code   146  queue.o(i.xQueueGenericSendFromISR)
    xQueueReceiveFromISR                     0x08006163   Thumb Code   118  queue.o(i.xQueueReceiveFromISR)
    xTaskCheckForTimeOut                     0x080061d9   Thumb Code    82  tasks.o(i.xTaskCheckForTimeOut)
    xTaskGenericCreate                       0x08006231   Thumb Code   380  tasks.o(i.xTaskGenericCreate)
    xTaskGetSchedulerState                   0x080063b5   Thumb Code    22  tasks.o(i.xTaskGetSchedulerState)
    xTaskGetTickCount                        0x080063d1   Thumb Code    18  tasks.o(i.xTaskGetTickCount)
    xTaskIncrementTick                       0x080063e9   Thumb Code   184  tasks.o(i.xTaskIncrementTick)
    xTaskPriorityDisinherit                  0x080064a9   Thumb Code   112  tasks.o(i.xTaskPriorityDisinherit)
    xTaskRemoveFromEventList                 0x08006521   Thumb Code    98  tasks.o(i.xTaskRemoveFromEventList)
    xTaskRemoveFromUnorderedEventList        0x0800658d   Thumb Code    90  tasks.o(i.xTaskRemoveFromUnorderedEventList)
    xTaskResumeAll                           0x080065f1   Thumb Code   162  tasks.o(i.xTaskResumeAll)
    xTimerCreateTimerTask                    0x0800669d   Thumb Code    52  timers.o(i.xTimerCreateTimerTask)
    xTimerGenericCommand                     0x080066e1   Thumb Code    74  timers.o(i.xTimerGenericCommand)
    xTimerPendFunctionCallFromISR            0x08006731   Thumb Code    34  timers.o(i.xTimerPendFunctionCallFromISR)
    APBAHBPrescTable                         0x08006758   Data          16  stm32f4xx_hal_rcc.o(.constdata)
    Region$$Table$$Base                      0x08006930   Number         0  anon$$obj.o(Region$$Table)
    Region$$Table$$Limit                     0x08006950   Number         0  anon$$obj.o(Region$$Table)
    SystemCoreClock                          0x20000004   Data           4  system_stm32f4xx.o(.data)
    pxCurrentTCB                             0x20000008   Data           4  tasks.o(.data)
    buff_idx                                 0x20000074   Data           1  stm32f4xx_it.o(.data)
    buff                                     0x20000075   Data           4  stm32f4xx_it.o(.data)
    pingpang_idx                             0x20000080   Data           1  freertos.o(.data)
    flag_updata                              0x20000092   Data           2  freertos.o(.data)
    flag_updata_1                            0x20000094   Data           2  freertos.o(.data)
    flag_updata_2                            0x20000096   Data           2  freertos.o(.data)
    flag_updata_3                            0x20000098   Data           2  freertos.o(.data)
    data                                     0x2000009a   Data           2  freertos.o(.data)
    msgInQueueHandle                         0x2000009c   Data           4  freertos.o(.data)
    xCreatedEventGroup                       0x200000a0   Data           4  freertos.o(.data)
    defaultTaskHandle                        0x200000a4   Data           4  freertos.o(.data)
    msgOutBinarySemHandle                    0x200000a8   Data           4  freertos.o(.data)
    Motor_RPM_1                              0x200000ac   Data           8  freertos.o(.data)
    I2C_FastMode                             0x200000b4   Data           1  i2c_soft.o(.data)
    mavlink_system                           0x200000b5   Data           2  mavlink_task.o(.data)
    xQueueRegistry                           0x200001a8   Data          64  queue.o(.bss)
    pingpang                                 0x20003e20   Data         256  freertos.o(.bss)
    Angle                                    0x20003f20   Data          16  freertos.o(.bss)
    hspi1                                    0x20003f30   Data          88  spi.o(.bss)
    htim1                                    0x20003f88   Data          60  tim.o(.bss)
    htim3                                    0x20003fc4   Data          60  tim.o(.bss)
    htim5                                    0x20004000   Data          60  tim.o(.bss)
    htim8                                    0x2000403c   Data          60  tim.o(.bss)
    huart1                                   0x20004078   Data          64  usart.o(.bss)
    huart2                                   0x200040b8   Data          64  usart.o(.bss)
    huart3                                   0x200040f8   Data          64  usart.o(.bss)
    hdma_usart1_tx                           0x20004138   Data          80  usart.o(.bss)
    as5600_buffer                            0x20004188   Data          16  as5600.o(.bss)
    __initial_sp                             0x20004a08   Data           0  startup_stm32f407xx.o(STACK)



==============================================================================

Memory Map of the image

  Image Entry point : 0x08000189

  Load Region LR_IROM1 (Base: 0x08000000, Size: 0x00006a08, Max: 0x00080000, ABSOLUTE)

    Execution Region ER_IROM1 (Base: 0x08000000, Size: 0x00006950, Max: 0x00080000, ABSOLUTE)

    Base Addr    Size         Type   Attr      Idx    E Section Name        Object

    0x08000000   0x00000188   Data   RO         3540    RESET               startup_stm32f407xx.o
    0x08000188   0x00000000   Code   RO         4827  * .ARM.Collect$$$$00000000  mc_w.l(entry.o)
    0x08000188   0x00000004   Code   RO         4842    .ARM.Collect$$$$00000001  mc_w.l(entry2.o)
    0x0800018c   0x00000004   Code   RO         4845    .ARM.Collect$$$$00000004  mc_w.l(entry5.o)
    0x08000190   0x00000000   Code   RO         4847    .ARM.Collect$$$$00000008  mc_w.l(entry7b.o)
    0x08000190   0x00000000   Code   RO         4849    .ARM.Collect$$$$0000000A  mc_w.l(entry8b.o)
    0x08000190   0x00000008   Code   RO         4850    .ARM.Collect$$$$0000000B  mc_w.l(entry9a.o)
    0x08000198   0x00000000   Code   RO         4852    .ARM.Collect$$$$0000000D  mc_w.l(entry10a.o)
    0x08000198   0x00000000   Code   RO         4854    .ARM.Collect$$$$0000000F  mc_w.l(entry11a.o)
    0x08000198   0x00000004   Code   RO         4843    .ARM.Collect$$$$00002712  mc_w.l(entry2.o)
    0x0800019c   0x000000c6   Code   RO         3327    .emb_text           port.o
    0x08000262   0x00000002   PAD
    0x08000264   0x00000024   Code   RO         3541    .text               startup_stm32f407xx.o
    0x08000288   0x00000024   Code   RO         4830    .text               mc_w.l(memcpya.o)
    0x080002ac   0x00000024   Code   RO         4832    .text               mc_w.l(memseta.o)
    0x080002d0   0x000000e4   Code   RO         4836    .text               mf_w.l(dmul.o)
    0x080003b4   0x0000001a   Code   RO         4838    .text               mf_w.l(dfltui.o)
    0x080003ce   0x00000032   Code   RO         4840    .text               mf_w.l(dfixui.o)
    0x08000400   0x00000020   Code   RO         4856    .text               mc_w.l(llushr.o)
    0x08000420   0x00000000   Code   RO         4858    .text               mc_w.l(iusefp.o)
    0x08000420   0x000000ba   Code   RO         4859    .text               mf_w.l(depilogue.o)
    0x080004da   0x00000002   PAD
    0x080004dc   0x00000024   Code   RO         4861    .text               mc_w.l(init.o)
    0x08000500   0x0000001e   Code   RO         4863    .text               mc_w.l(llshl.o)
    0x0800051e   0x00000002   PAD
    0x08000520   0x0000002c   Code   RO         3609    i.AS5600Thread      freertos.o
    0x0800054c   0x00000074   Code   RO         4532    i.AS5600_Angle_Read  as5600.o
    0x080005c0   0x0000005c   Code   RO         4533    i.AS5600_DaTa_Angle  as5600.o
    0x0800061c   0x00000040   Code   RO         4534    i.AS5600_Data       as5600.o
    0x0800065c   0x0000000c   Code   RO         3548    i.DMA2_Stream7_IRQHandler  stm32f4xx_it.o
    0x08000668   0x00000028   Code   RO         1538    i.DMA_SetConfig     stm32f4xx_hal_dma.o
    0x08000690   0x000000c4   Code   RO         4697    i.DataReceiveThread  mavlink_task.o
    0x08000754   0x00000f6c   Code   RO         1543    i.HAL_DMA_IRQHandler  stm32f4xx_hal_dma.o
    0x080016c0   0x00000070   Code   RO         1544    i.HAL_DMA_Init      stm32f4xx_hal_dma.o
    0x08001730   0x0000006c   Code   RO         1547    i.HAL_DMA_Start_IT  stm32f4xx_hal_dma.o
    0x0800179c   0x000001c0   Code   RO         1238    i.HAL_GPIO_Init     stm32f4xx_hal_gpio.o
    0x0800195c   0x00000008   Code   RO         1241    i.HAL_GPIO_TogglePin  stm32f4xx_hal_gpio.o
    0x08001964   0x0000000c   Code   RO          182    i.HAL_GetTick       stm32f4xx_hal.o
    0x08001970   0x00000010   Code   RO          183    i.HAL_IncTick       stm32f4xx_hal.o
    0x08001980   0x00000034   Code   RO          184    i.HAL_Init          stm32f4xx_hal.o
    0x080019b4   0x00000022   Code   RO          185    i.HAL_InitTick      stm32f4xx_hal.o
    0x080019d6   0x00000016   Code   RO         3764    i.HAL_MspInit       stm32f4xx_hal_msp.o
    0x080019ec   0x00000016   Code   RO         1079    i.HAL_NVIC_EnableIRQ  stm32f4xx_hal_cortex.o
    0x08001a02   0x00000002   PAD
    0x08001a04   0x00000040   Code   RO         1085    i.HAL_NVIC_SetPriority  stm32f4xx_hal_cortex.o
    0x08001a44   0x00000024   Code   RO         1086    i.HAL_NVIC_SetPriorityGrouping  stm32f4xx_hal_cortex.o
    0x08001a68   0x0000020c   Code   RO          316    i.HAL_RCC_ClockConfig  stm32f4xx_hal_rcc.o
    0x08001c74   0x00000034   Code   RO          321    i.HAL_RCC_GetHCLKFreq  stm32f4xx_hal_rcc.o
    0x08001ca8   0x0000002c   Code   RO          323    i.HAL_RCC_GetPCLK1Freq  stm32f4xx_hal_rcc.o
    0x08001cd4   0x0000002c   Code   RO          324    i.HAL_RCC_GetPCLK2Freq  stm32f4xx_hal_rcc.o
    0x08001d00   0x00000070   Code   RO          325    i.HAL_RCC_GetSysClockFreq  stm32f4xx_hal_rcc.o
    0x08001d70   0x0000033c   Code   RO          328    i.HAL_RCC_OscConfig  stm32f4xx_hal_rcc.o
    0x080020ac   0x00000084   Code   RO          602    i.HAL_SPI_Init      stm32f4xx_hal_spi.o
    0x08002130   0x0000004c   Code   RO         3813    i.HAL_SPI_MspInit   spi.o
    0x0800217c   0x00000018   Code   RO         1088    i.HAL_SYSTICK_CLKSourceConfig  stm32f4xx_hal_cortex.o
    0x08002194   0x00000028   Code   RO         1090    i.HAL_SYSTICK_Config  stm32f4xx_hal_cortex.o
    0x080021bc   0x00000002   Code   RO          838    i.HAL_TIMEx_BreakCallback  stm32f4xx_hal_tim_ex.o
    0x080021be   0x00000002   Code   RO          839    i.HAL_TIMEx_CommutationCallback  stm32f4xx_hal_tim_ex.o
    0x080021c0   0x00000042   Code   RO          840    i.HAL_TIMEx_ConfigBreakDeadTime  stm32f4xx_hal_tim_ex.o
    0x08002202   0x00000050   Code   RO          855    i.HAL_TIMEx_MasterConfigSynchronization  stm32f4xx_hal_tim_ex.o
    0x08002252   0x00000036   Code   RO         1735    i.HAL_TIM_Base_Init  stm32f4xx_hal_tim.o
    0x08002288   0x0000010c   Code   RO         3855    i.HAL_TIM_Base_MspInit  tim.o
    0x08002394   0x00000018   Code   RO         1740    i.HAL_TIM_Base_Start_IT  stm32f4xx_hal_tim.o
    0x080023ac   0x000000f2   Code   RO         1744    i.HAL_TIM_ConfigClockSource  stm32f4xx_hal_tim.o
    0x0800249e   0x00000002   PAD
    0x080024a0   0x000001c4   Code   RO         3610    i.HAL_TIM_IC_CaptureCallback  freertos.o
    0x08002664   0x0000011e   Code   RO         1765    i.HAL_TIM_IC_ConfigChannel  stm32f4xx_hal_tim.o
    0x08002782   0x00000036   Code   RO         1768    i.HAL_TIM_IC_Init   stm32f4xx_hal_tim.o
    0x080027b8   0x00000002   Code   RO         1770    i.HAL_TIM_IC_MspInit  stm32f4xx_hal_tim.o
    0x080027ba   0x0000004c   Code   RO         1773    i.HAL_TIM_IC_Start_IT  stm32f4xx_hal_tim.o
    0x08002806   0x00000148   Code   RO         1777    i.HAL_TIM_IRQHandler  stm32f4xx_hal_tim.o
    0x0800294e   0x00000002   Code   RO         1780    i.HAL_TIM_OC_DelayElapsedCallback  stm32f4xx_hal_tim.o
    0x08002950   0x000000d0   Code   RO         1801    i.HAL_TIM_PWM_ConfigChannel  stm32f4xx_hal_tim.o
    0x08002a20   0x00000036   Code   RO         1804    i.HAL_TIM_PWM_Init  stm32f4xx_hal_tim.o
    0x08002a56   0x00000002   Code   RO         1806    i.HAL_TIM_PWM_MspInit  stm32f4xx_hal_tim.o
    0x08002a58   0x00000002   Code   RO         1807    i.HAL_TIM_PWM_PulseFinishedCallback  stm32f4xx_hal_tim.o
    0x08002a5a   0x00000002   PAD
    0x08002a5c   0x00000038   Code   RO         1808    i.HAL_TIM_PWM_Start  stm32f4xx_hal_tim.o
    0x08002a94   0x00000020   Code   RO         3611    i.HAL_TIM_PeriodElapsedCallback  freertos.o
    0x08002ab4   0x00000002   Code   RO         1818    i.HAL_TIM_TriggerCallback  stm32f4xx_hal_tim.o
    0x08002ab6   0x00000002   PAD
    0x08002ab8   0x00000018   Code   RO         3612    i.HAL_UART_ErrorCallback  freertos.o
    0x08002ad0   0x0000010a   Code   RO         1316    i.HAL_UART_IRQHandler  stm32f4xx_hal_uart.o
    0x08002bda   0x0000005e   Code   RO         1317    i.HAL_UART_Init     stm32f4xx_hal_uart.o
    0x08002c38   0x000000fc   Code   RO         3915    i.HAL_UART_MspInit  usart.o
    0x08002d34   0x00000002   Code   RO         1323    i.HAL_UART_RxCpltCallback  stm32f4xx_hal_uart.o
    0x08002d36   0x00000002   PAD
    0x08002d38   0x00000090   Code   RO         1326    i.HAL_UART_Transmit_DMA  stm32f4xx_hal_uart.o
    0x08002dc8   0x00000018   Code   RO         3613    i.HAL_UART_TxCpltCallback  freertos.o
    0x08002de0   0x00000002   Code   RO         1329    i.HAL_UART_TxHalfCpltCallback  stm32f4xx_hal_uart.o
    0x08002de2   0x00000002   PAD
    0x08002de4   0x0000002c   Code   RO         3974    i.I2c_Soft_Ask      i2c_soft.o
    0x08002e10   0x0000002c   Code   RO         3975    i.I2c_Soft_Ask_1    i2c_soft.o
    0x08002e3c   0x00000030   Code   RO         3976    i.I2c_Soft_Ask_2    i2c_soft.o
    0x08002e6c   0x00000030   Code   RO         3977    i.I2c_Soft_Ask_3    i2c_soft.o
    0x08002e9c   0x00000030   Code   RO         3978    i.I2c_Soft_Ask_4    i2c_soft.o
    0x08002ecc   0x00000030   Code   RO         3979    i.I2c_Soft_Ask_5    i2c_soft.o
    0x08002efc   0x00000030   Code   RO         3980    i.I2c_Soft_Ask_6    i2c_soft.o
    0x08002f2c   0x00000030   Code   RO         3981    i.I2c_Soft_Ask_7    i2c_soft.o
    0x08002f5c   0x0000002c   Code   RO         3982    i.I2c_Soft_NoAsk    i2c_soft.o
    0x08002f88   0x0000002c   Code   RO         3983    i.I2c_Soft_NoAsk_1  i2c_soft.o
    0x08002fb4   0x00000030   Code   RO         3984    i.I2c_Soft_NoAsk_2  i2c_soft.o
    0x08002fe4   0x00000030   Code   RO         3985    i.I2c_Soft_NoAsk_3  i2c_soft.o
    0x08003014   0x00000030   Code   RO         3986    i.I2c_Soft_NoAsk_4  i2c_soft.o
    0x08003044   0x00000030   Code   RO         3987    i.I2c_Soft_NoAsk_5  i2c_soft.o
    0x08003074   0x00000030   Code   RO         3988    i.I2c_Soft_NoAsk_6  i2c_soft.o
    0x080030a4   0x00000030   Code   RO         3989    i.I2c_Soft_NoAsk_7  i2c_soft.o
    0x080030d4   0x00000058   Code   RO         3990    i.I2c_Soft_ReadByte  i2c_soft.o
    0x0800312c   0x00000058   Code   RO         3991    i.I2c_Soft_ReadByte_1  i2c_soft.o
    0x08003184   0x00000058   Code   RO         3992    i.I2c_Soft_ReadByte_2  i2c_soft.o
    0x080031dc   0x00000058   Code   RO         3993    i.I2c_Soft_ReadByte_3  i2c_soft.o
    0x08003234   0x00000058   Code   RO         3994    i.I2c_Soft_ReadByte_4  i2c_soft.o
    0x0800328c   0x00000058   Code   RO         3995    i.I2c_Soft_ReadByte_5  i2c_soft.o
    0x080032e4   0x00000058   Code   RO         3996    i.I2c_Soft_ReadByte_6  i2c_soft.o
    0x0800333c   0x00000058   Code   RO         3997    i.I2c_Soft_ReadByte_7  i2c_soft.o
    0x08003394   0x0000003c   Code   RO         3998    i.I2c_Soft_SendByte  i2c_soft.o
    0x080033d0   0x0000003c   Code   RO         3999    i.I2c_Soft_SendByte_1  i2c_soft.o
    0x0800340c   0x0000003c   Code   RO         4000    i.I2c_Soft_SendByte_2  i2c_soft.o
    0x08003448   0x0000003c   Code   RO         4001    i.I2c_Soft_SendByte_3  i2c_soft.o
    0x08003484   0x0000003c   Code   RO         4002    i.I2c_Soft_SendByte_4  i2c_soft.o
    0x080034c0   0x0000003c   Code   RO         4003    i.I2c_Soft_SendByte_5  i2c_soft.o
    0x080034fc   0x0000003c   Code   RO         4004    i.I2c_Soft_SendByte_6  i2c_soft.o
    0x08003538   0x0000003c   Code   RO         4005    i.I2c_Soft_SendByte_7  i2c_soft.o
    0x08003574   0x00000038   Code   RO         4006    i.I2c_Soft_Start    i2c_soft.o
    0x080035ac   0x00000038   Code   RO         4007    i.I2c_Soft_Start_1  i2c_soft.o
    0x080035e4   0x0000003c   Code   RO         4008    i.I2c_Soft_Start_2  i2c_soft.o
    0x08003620   0x0000003c   Code   RO         4009    i.I2c_Soft_Start_3  i2c_soft.o
    0x0800365c   0x0000003c   Code   RO         4010    i.I2c_Soft_Start_4  i2c_soft.o
    0x08003698   0x0000003c   Code   RO         4011    i.I2c_Soft_Start_5  i2c_soft.o
    0x080036d4   0x0000003c   Code   RO         4012    i.I2c_Soft_Start_6  i2c_soft.o
    0x08003710   0x0000003c   Code   RO         4013    i.I2c_Soft_Start_7  i2c_soft.o
    0x0800374c   0x0000002c   Code   RO         4014    i.I2c_Soft_Stop     i2c_soft.o
    0x08003778   0x0000002c   Code   RO         4015    i.I2c_Soft_Stop_1   i2c_soft.o
    0x080037a4   0x0000002c   Code   RO         4016    i.I2c_Soft_Stop_2   i2c_soft.o
    0x080037d0   0x0000002c   Code   RO         4017    i.I2c_Soft_Stop_3   i2c_soft.o
    0x080037fc   0x0000002c   Code   RO         4018    i.I2c_Soft_Stop_4   i2c_soft.o
    0x08003828   0x0000002c   Code   RO         4019    i.I2c_Soft_Stop_5   i2c_soft.o
    0x08003854   0x00000030   Code   RO         4020    i.I2c_Soft_Stop_6   i2c_soft.o
    0x08003884   0x00000030   Code   RO         4021    i.I2c_Soft_Stop_7   i2c_soft.o
    0x080038b4   0x00000048   Code   RO         4022    i.I2c_Soft_WaitAsk  i2c_soft.o
    0x080038fc   0x00000048   Code   RO         4023    i.I2c_Soft_WaitAsk_1  i2c_soft.o
    0x08003944   0x0000004c   Code   RO         4024    i.I2c_Soft_WaitAsk_2  i2c_soft.o
    0x08003990   0x0000004c   Code   RO         4025    i.I2c_Soft_WaitAsk_3  i2c_soft.o
    0x080039dc   0x0000004c   Code   RO         4026    i.I2c_Soft_WaitAsk_4  i2c_soft.o
    0x08003a28   0x0000004c   Code   RO         4027    i.I2c_Soft_WaitAsk_5  i2c_soft.o
    0x08003a74   0x0000004c   Code   RO         4028    i.I2c_Soft_WaitAsk_6  i2c_soft.o
    0x08003ac0   0x0000004c   Code   RO         4029    i.I2c_Soft_WaitAsk_7  i2c_soft.o
    0x08003b0c   0x00000028   Code   RO         4030    i.I2c_Soft_delay    i2c_soft.o
    0x08003b34   0x00000068   Code   RO         4039    i.IIC_Read_nByte    i2c_soft.o
    0x08003b9c   0x00000068   Code   RO         4040    i.IIC_Read_nByte_1  i2c_soft.o
    0x08003c04   0x00000068   Code   RO         4041    i.IIC_Read_nByte_2  i2c_soft.o
    0x08003c6c   0x00000068   Code   RO         4042    i.IIC_Read_nByte_3  i2c_soft.o
    0x08003cd4   0x00000068   Code   RO         4043    i.IIC_Read_nByte_4  i2c_soft.o
    0x08003d3c   0x00000068   Code   RO         4044    i.IIC_Read_nByte_5  i2c_soft.o
    0x08003da4   0x00000068   Code   RO         4045    i.IIC_Read_nByte_6  i2c_soft.o
    0x08003e0c   0x00000068   Code   RO         4046    i.IIC_Read_nByte_7  i2c_soft.o
    0x08003e74   0x0000002c   Code   RO         4673    i.MX_DMA_Init       dma.o
    0x08003ea0   0x00000094   Code   RO         3614    i.MX_FREERTOS_Init  freertos.o
    0x08003f34   0x000000d0   Code   RO         3788    i.MX_GPIO_Init      gpio.o
    0x08004004   0x00000034   Code   RO         3814    i.MX_SPI1_Init      spi.o
    0x08004038   0x000000b4   Code   RO         3856    i.MX_TIM1_Init      tim.o
    0x080040ec   0x0000007c   Code   RO         3857    i.MX_TIM3_Init      tim.o
    0x08004168   0x0000007c   Code   RO         3858    i.MX_TIM5_Init      tim.o
    0x080041e4   0x000000a0   Code   RO         3859    i.MX_TIM8_Init      tim.o
    0x08004284   0x00000028   Code   RO         3916    i.MX_USART1_UART_Init  usart.o
    0x080042ac   0x00000028   Code   RO         3917    i.MX_USART2_UART_Init  usart.o
    0x080042d4   0x00000028   Code   RO         3918    i.MX_USART3_UART_Init  usart.o
    0x080042fc   0x00000020   Code   RO         1092    i.NVIC_SetPriority  stm32f4xx_hal_cortex.o
    0x0800431c   0x0000003c   Code   RO         4698    i.SetPwm            mavlink_task.o
    0x08004358   0x00000008   Code   RO         3615    i.StartDefaultTask  freertos.o
    0x08004360   0x0000004c   Code   RO         3616    i.StartMsgSendThread  freertos.o
    0x080043ac   0x00000050   Code   RO         4699    i.StartSampleThread  mavlink_task.o
    0x080043fc   0x0000000e   Code   RO         3549    i.SysTick_Handler   stm32f4xx_it.o
    0x0800440a   0x00000002   PAD
    0x0800440c   0x0000008c   Code   RO         3720    i.SystemClock_Config  main.o
    0x08004498   0x00000054   Code   RO         2395    i.SystemInit        system_stm32f4xx.o
    0x080044ec   0x0000000c   Code   RO         3550    i.TIM3_IRQHandler   stm32f4xx_it.o
    0x080044f8   0x000000c0   Code   RO         1819    i.TIM_Base_SetConfig  stm32f4xx_hal_tim.o
    0x080045b8   0x00000016   Code   RO         1820    i.TIM_CCxChannelCmd  stm32f4xx_hal_tim.o
    0x080045ce   0x00000014   Code   RO         1826    i.TIM_ETR_SetConfig  stm32f4xx_hal_tim.o
    0x080045e2   0x00000010   Code   RO         1827    i.TIM_ITRx_SetConfig  stm32f4xx_hal_tim.o
    0x080045f2   0x00000002   PAD
    0x080045f4   0x00000058   Code   RO         1828    i.TIM_OC1_SetConfig  stm32f4xx_hal_tim.o
    0x0800464c   0x00000064   Code   RO         1829    i.TIM_OC2_SetConfig  stm32f4xx_hal_tim.o
    0x080046b0   0x00000060   Code   RO         1830    i.TIM_OC3_SetConfig  stm32f4xx_hal_tim.o
    0x08004710   0x00000050   Code   RO         1831    i.TIM_OC4_SetConfig  stm32f4xx_hal_tim.o
    0x08004760   0x00000022   Code   RO         1833    i.TIM_TI1_ConfigInputStage  stm32f4xx_hal_tim.o
    0x08004782   0x00000002   PAD
    0x08004784   0x00000084   Code   RO         1834    i.TIM_TI1_SetConfig  stm32f4xx_hal_tim.o
    0x08004808   0x00000024   Code   RO         1835    i.TIM_TI2_ConfigInputStage  stm32f4xx_hal_tim.o
    0x0800482c   0x00000036   Code   RO         1836    i.TIM_TI2_SetConfig  stm32f4xx_hal_tim.o
    0x08004862   0x0000001e   Code   RO         1330    i.UART_DMAError     stm32f4xx_hal_uart.o
    0x08004880   0x0000002e   Code   RO         1333    i.UART_DMATransmitCplt  stm32f4xx_hal_uart.o
    0x080048ae   0x0000000a   Code   RO         1334    i.UART_DMATxHalfCplt  stm32f4xx_hal_uart.o
    0x080048b8   0x000000a8   Code   RO         1335    i.UART_Receive_IT   stm32f4xx_hal_uart.o
    0x08004960   0x00000178   Code   RO         1336    i.UART_SetConfig    stm32f4xx_hal_uart.o
    0x08004ad8   0x00000066   Code   RO         1337    i.UART_Transmit_IT  stm32f4xx_hal_uart.o
    0x08004b3e   0x00000002   PAD
    0x08004b40   0x00000064   Code   RO         3551    i.USART1_IRQHandler  stm32f4xx_it.o
    0x08004ba4   0x0000000e   Code   RO         4867    i.__scatterload_copy  mc_w.l(handlers.o)
    0x08004bb2   0x00000002   Code   RO         4868    i.__scatterload_null  mc_w.l(handlers.o)
    0x08004bb4   0x0000000e   Code   RO         4869    i.__scatterload_zeroinit  mc_w.l(handlers.o)
    0x08004bc2   0x00000002   PAD
    0x08004bc4   0x000000c8   Code   RO         4700    i._mav_finalize_message_chan_send  mavlink_task.o
    0x08004c8c   0x00000022   Code   RO         4701    i._mavlink_send_uart  mavlink_task.o
    0x08004cae   0x00000002   PAD
    0x08004cb0   0x00000018   Code   RO         3617    i.comm_send_ch      freertos.o
    0x08004cc8   0x0000001c   Code   RO         4702    i.crc_accumulate    mavlink_task.o
    0x08004ce4   0x0000000c   Code   RO         2882    i.inHandlerMode     cmsis_os.o
    0x08004cf0   0x000000c0   Code   RO         3721    i.main              main.o
    0x08004db0   0x0000000c   Code   RO         2883    i.makeFreeRtosPriority  cmsis_os.o
    0x08004dbc   0x0000000c   Code   RO         4703    i.mav_array_memcpy  mavlink_task.o
    0x08004dc8   0x00000158   Code   RO         4704    i.mavlink_frame_char_buffer  mavlink_task.o
    0x08004f20   0x00000032   Code   RO         4705    i.mavlink_msg_sensors_send  mavlink_task.o
    0x08004f52   0x0000000a   Code   RO         4706    i.mavlink_update_checksum  mavlink_task.o
    0x08004f5c   0x0000000e   Code   RO         2884    i.osDelay           cmsis_os.o
    0x08004f6a   0x0000000a   Code   RO         2887    i.osKernelStart     cmsis_os.o
    0x08004f74   0x0000000a   Code   RO         2889    i.osMessageCreate   cmsis_os.o
    0x08004f7e   0x00000002   PAD
    0x08004f80   0x00000048   Code   RO         2906    i.osSemaphoreRelease  cmsis_os.o
    0x08004fc8   0x00000060   Code   RO         2907    i.osSemaphoreWait   cmsis_os.o
    0x08005028   0x00000014   Code   RO         2908    i.osSystickHandler  cmsis_os.o
    0x0800503c   0x00000038   Code   RO         2909    i.osThreadCreate    cmsis_os.o
    0x08005074   0x00000034   Code   RO         2428    i.prvAddCurrentTaskToDelayedList  tasks.o
    0x080050a8   0x00000054   Code   RO         3447    i.prvCheckForValidListAndQueue  timers.o
    0x080050fc   0x00000054   Code   RO         2429    i.prvCheckTasksWaitingTermination  tasks.o
    0x08005150   0x00000026   Code   RO         2717    i.prvCopyDataFromQueue  queue.o
    0x08005176   0x0000006e   Code   RO         2718    i.prvCopyDataToQueue  queue.o
    0x080051e4   0x0000004c   Code   RO         3159    i.prvHeapInit       heap_4.o
    0x08005230   0x00000018   Code   RO         2430    i.prvIdleTask       tasks.o
    0x08005248   0x0000004c   Code   RO         3160    i.prvInsertBlockIntoFreeList  heap_4.o
    0x08005294   0x00000038   Code   RO         3448    i.prvInsertTimerInActiveList  timers.o
    0x080052cc   0x000000b4   Code   RO         3449    i.prvProcessReceivedCommands  timers.o
    0x08005380   0x0000008c   Code   RO         3450    i.prvProcessTimerOrBlockTask  timers.o
    0x0800540c   0x00000020   Code   RO         2432    i.prvResetNextTaskUnblockTime  tasks.o
    0x0800542c   0x00000028   Code   RO         3451    i.prvSampleTimeNow  timers.o
    0x08005454   0x00000060   Code   RO         3452    i.prvSwitchTimerLists  timers.o
    0x080054b4   0x00000018   Code   RO         3328    i.prvTaskExitError  port.o
    0x080054cc   0x00000014   Code   RO         3244    i.prvTestWaitCondition  event_groups.o
    0x080054e0   0x00000024   Code   RO         3453    i.prvTimerTask      timers.o
    0x08005504   0x00000064   Code   RO         2719    i.prvUnlockQueue    queue.o
    0x08005568   0x000000bc   Code   RO         3161    i.pvPortMalloc      heap_4.o
    0x08005624   0x00000018   Code   RO         2434    i.pvTaskIncrementMutexHeldCount  tasks.o
    0x0800563c   0x00000028   Code   RO         3329    i.pxPortInitialiseStack  port.o
    0x08005664   0x00000024   Code   RO         3208    i.uxListRemove      list.o
    0x08005688   0x00000018   Code   RO         2439    i.uxTaskResetEventItemValue  tasks.o
    0x080056a0   0x00000004   Code   RO         3248    i.vEventGroupSetBitsCallback  event_groups.o
    0x080056a4   0x00000016   Code   RO         3209    i.vListInitialise   list.o
    0x080056ba   0x00000006   Code   RO         3210    i.vListInitialiseItem  list.o
    0x080056c0   0x00000030   Code   RO         3211    i.vListInsert       list.o
    0x080056f0   0x00000018   Code   RO         3212    i.vListInsertEnd    list.o
    0x08005708   0x00000034   Code   RO         3331    i.vPortEnterCritical  port.o
    0x0800573c   0x00000024   Code   RO         3332    i.vPortExitCritical  port.o
    0x08005760   0x00000048   Code   RO         3162    i.vPortFree         heap_4.o
    0x080057a8   0x00000020   Code   RO         3333    i.vPortSetupTimerInterrupt  port.o
    0x080057c8   0x00000040   Code   RO         3334    i.vPortValidateInterruptPriority  port.o
    0x08005808   0x00000018   Code   RO         3335    i.vPortYield        port.o
    0x08005820   0x00000028   Code   RO         2725    i.vQueueAddToRegistry  queue.o
    0x08005848   0x00000038   Code   RO         2729    i.vQueueWaitForMessageRestricted  queue.o
    0x08005880   0x00000050   Code   RO         2440    i.vTaskDelay        tasks.o
    0x080058d0   0x0000007c   Code   RO         2441    i.vTaskDelayUntil   tasks.o
    0x0800594c   0x0000000c   Code   RO         2444    i.vTaskMissedYield  tasks.o
    0x08005958   0x00000058   Code   RO         2445    i.vTaskPlaceOnEventList  tasks.o
    0x080059b0   0x00000044   Code   RO         2446    i.vTaskPlaceOnEventListRestricted  tasks.o
    0x080059f4   0x0000006c   Code   RO         2447    i.vTaskPlaceOnUnorderedEventList  tasks.o
    0x08005a60   0x00000084   Code   RO         2448    i.vTaskPriorityInherit  tasks.o
    0x08005ae4   0x0000001c   Code   RO         2452    i.vTaskSetTimeOutState  tasks.o
    0x08005b00   0x00000054   Code   RO         2453    i.vTaskStartScheduler  tasks.o
    0x08005b54   0x00000010   Code   RO         2455    i.vTaskSuspendAll   tasks.o
    0x08005b64   0x00000054   Code   RO         2456    i.vTaskSwitchContext  tasks.o
    0x08005bb8   0x0000000c   Code   RO         4707    i.vToggleGreenLED   mavlink_task.o
    0x08005bc4   0x0000000c   Code   RO         4708    i.vToggleRedLED     mavlink_task.o
    0x08005bd0   0x0000001a   Code   RO         3251    i.xEventGroupCreate  event_groups.o
    0x08005bea   0x00000002   PAD
    0x08005bec   0x00000070   Code   RO         3253    i.xEventGroupSetBits  event_groups.o
    0x08005c5c   0x00000010   Code   RO         3254    i.xEventGroupSetBitsFromISR  event_groups.o
    0x08005c6c   0x000000c6   Code   RO         3256    i.xEventGroupWaitBits  event_groups.o
    0x08005d32   0x00000002   PAD
    0x08005d34   0x00000084   Code   RO         3336    i.xPortStartScheduler  port.o
    0x08005db8   0x00000024   Code   RO         3337    i.xPortSysTickHandler  port.o
    0x08005ddc   0x00000046   Code   RO         2732    i.xQueueGenericCreate  queue.o
    0x08005e22   0x00000002   PAD
    0x08005e24   0x0000012e   Code   RO         2733    i.xQueueGenericReceive  queue.o
    0x08005f52   0x0000006a   Code   RO         2734    i.xQueueGenericReset  queue.o
    0x08005fbc   0x00000114   Code   RO         2735    i.xQueueGenericSend  queue.o
    0x080060d0   0x00000092   Code   RO         2736    i.xQueueGenericSendFromISR  queue.o
    0x08006162   0x00000076   Code   RO         2741    i.xQueueReceiveFromISR  queue.o
    0x080061d8   0x00000058   Code   RO         2457    i.xTaskCheckForTimeOut  tasks.o
    0x08006230   0x00000184   Code   RO         2458    i.xTaskGenericCreate  tasks.o
    0x080063b4   0x0000001c   Code   RO         2460    i.xTaskGetSchedulerState  tasks.o
    0x080063d0   0x00000018   Code   RO         2461    i.xTaskGetTickCount  tasks.o
    0x080063e8   0x000000c0   Code   RO         2463    i.xTaskIncrementTick  tasks.o
    0x080064a8   0x00000078   Code   RO         2464    i.xTaskPriorityDisinherit  tasks.o
    0x08006520   0x0000006c   Code   RO         2465    i.xTaskRemoveFromEventList  tasks.o
    0x0800658c   0x00000064   Code   RO         2466    i.xTaskRemoveFromUnorderedEventList  tasks.o
    0x080065f0   0x000000ac   Code   RO         2467    i.xTaskResumeAll    tasks.o
    0x0800669c   0x00000044   Code   RO         3456    i.xTimerCreateTimerTask  timers.o
    0x080066e0   0x00000050   Code   RO         3457    i.xTimerGenericCommand  timers.o
    0x08006730   0x00000028   Code   RO         3460    i.xTimerPendFunctionCallFromISR  timers.o
    0x08006758   0x00000010   Data   RO          329    .constdata          stm32f4xx_hal_rcc.o
    0x08006768   0x0000006c   Data   RO         3619    .constdata          freertos.o
    0x080067d4   0x00000100   Data   RO         4710    .constdata          mavlink_task.o
    0x080068d4   0x0000005c   Data   RO         3620    .conststring        freertos.o
    0x08006930   0x00000020   Data   RO         4865    Region$$Table       anon$$obj.o


    Execution Region RW_IRAM1 (Base: 0x20000000, Size: 0x00004a08, Max: 0x00020000, ABSOLUTE)

    Base Addr    Size         Type   Attr      Idx    E Section Name        Object

    0x20000000   0x00000004   Data   RW          190    .data               stm32f4xx_hal.o
    0x20000004   0x00000004   Data   RW         2397    .data               system_stm32f4xx.o
    0x20000008   0x00000038   Data   RW         2470    .data               tasks.o
    0x20000040   0x00000018   Data   RW         3167    .data               heap_4.o
    0x20000058   0x0000000c   Data   RW         3338    .data               port.o
    0x20000064   0x00000010   Data   RW         3462    .data               timers.o
    0x20000074   0x00000005   Data   RW         3552    .data               stm32f4xx_it.o
    0x20000079   0x00000003   PAD
    0x2000007c   0x00000038   Data   RW         3623    .data               freertos.o
    0x200000b4   0x00000001   Data   RW         4063    .data               i2c_soft.o
    0x200000b5   0x00000002   Data   RW         4711    .data               mavlink_task.o
    0x200000b7   0x00000001   PAD
    0x200000b8   0x000000f0   Zero   RW         2469    .bss                tasks.o
    0x200001a8   0x00000040   Zero   RW         2743    .bss                queue.o
    0x200001e8   0x00003c00   Zero   RW         3166    .bss                heap_4.o
    0x20003de8   0x00000028   Zero   RW         3461    .bss                timers.o
    0x20003e10   0x00000120   Zero   RW         3618    .bss                freertos.o
    0x20003f30   0x00000058   Zero   RW         3815    .bss                spi.o
    0x20003f88   0x000000f0   Zero   RW         3860    .bss                tim.o
    0x20004078   0x00000110   Zero   RW         3920    .bss                usart.o
    0x20004188   0x00000010   Zero   RW         4552    .bss                as5600.o
    0x20004198   0x00000470   Zero   RW         4709    .bss                mavlink_task.o
    0x20004608   0x00000400   Zero   RW         3538    STACK               startup_stm32f407xx.o


==============================================================================

Image component sizes


      Code (inc. data)   RO Data    RW Data    ZI Data      Debug   Object Name

       272         24          0          0         16       2210   as5600.o
       302          8          0          0          0      14103   cmsis_os.o
        44          4          0          0          0        774   dma.o
       376          4          0          0          0       5731   event_groups.o
       832         86        200         56        288      10903   freertos.o
       208         22          0          0          0       1047   gpio.o
       412         24          0         24      15360       4159   heap_4.o
      4240        288          0          1          0      42428   i2c_soft.o
       136          0          0          0          0       3406   list.o
       332         30          0          0          0       1728   main.o
      1038         72        256          2       1136      25254   mavlink_task.o
       638         84          0         12          0       9198   port.o
      1362          6          0          0         64      14292   queue.o
       128         22          0          0         88       1569   spi.o
        36          8        392          0       1024        932   startup_stm32f407xx.o
       114         16          0          4          0       3614   stm32f4xx_hal.o
       218         14          0          0          0      30525   stm32f4xx_hal_cortex.o
      4208         58          0          0          0       4151   stm32f4xx_hal_dma.o
         0          0          0          0          0     359260   stm32f4xx_hal_flash_ramfunc.o
       456         50          0          0          0       2305   stm32f4xx_hal_gpio.o
        22          0          0          0          0        510   stm32f4xx_hal_msp.o
      1604         70         16          0          0       6059   stm32f4xx_hal_rcc.o
       132          0          0          0          0       1163   stm32f4xx_hal_spi.o
      2262        116          0          0          0      19315   stm32f4xx_hal_tim.o
       150          0          0          0          0       3138   stm32f4xx_hal_tim_ex.o
      1240         24          0          0          0       8118   stm32f4xx_hal_uart.o
       138         30          0          5          0       6425   stm32f4xx_it.o
        84         18          0          4          0       1365   system_stm32f4xx.o
      2284        186          0         56        240      33501   tasks.o
       856         98          0          0        240       4229   tim.o
       820         78          0         16         40       9075   timers.o
       372         60          0          0        272       2907   usart.o

    ----------------------------------------------------------------------
     25348       1500        896        184      18768     633394   Object Totals
         0          0         32          0          0          0   (incl. Generated)
        32          0          0          4          0          0   (incl. Padding)

    ----------------------------------------------------------------------

      Code (inc. data)   RO Data    RW Data    ZI Data      Debug   Library Member Name

         0          0          0          0          0          0   entry.o
         0          0          0          0          0          0   entry10a.o
         0          0          0          0          0          0   entry11a.o
         8          4          0          0          0          0   entry2.o
         4          0          0          0          0          0   entry5.o
         0          0          0          0          0          0   entry7b.o
         0          0          0          0          0          0   entry8b.o
         8          4          0          0          0          0   entry9a.o
        30          0          0          0          0          0   handlers.o
        36          8          0          0          0         68   init.o
         0          0          0          0          0          0   iusefp.o
        30          0          0          0          0         68   llshl.o
        32          0          0          0          0         68   llushr.o
        36          0          0          0          0         68   memcpya.o
        36          0          0          0          0        108   memseta.o
       186          0          0          0          0        176   depilogue.o
        50          0          0          0          0         76   dfixui.o
        26          0          0          0          0         76   dfltui.o
       228          0          0          0          0         96   dmul.o

    ----------------------------------------------------------------------
       716         16          0          0          0        804   Library Totals
         6          0          0          0          0          0   (incl. Padding)

    ----------------------------------------------------------------------

      Code (inc. data)   RO Data    RW Data    ZI Data      Debug   Library Name

       220         16          0          0          0        380   mc_w.l
       490          0          0          0          0        424   mf_w.l

    ----------------------------------------------------------------------
       716         16          0          0          0        804   Library Totals

    ----------------------------------------------------------------------

==============================================================================


      Code (inc. data)   RO Data    RW Data    ZI Data      Debug   

     26064       1516        896        184      18768     608938   Grand Totals
     26064       1516        896        184      18768     608938   ELF Image Totals
     26064       1516        896        184          0          0   ROM Totals

==============================================================================

    Total RO  Size (Code + RO Data)                26960 (  26.33kB)
    Total RW  Size (RW Data + ZI Data)             18952 (  18.51kB)
    Total ROM Size (Code + RO Data + RW Data)      27144 (  26.51kB)

==============================================================================

