<html>
<body>
<pre>
<h1>礦ision Build Log</h1>
<h2>Tool Versions:</h2>
IDE-Version: μVision V5.14.0.0
Copyright (C) 2015 ARM Ltd and ARM Germany GmbH. All rights reserved.
License Information: W think, CS, LIC=0VRJJ-UIB9H-PH389-4SYZB-R47U2-SMSL8
 
Tool Versions:
Toolchain:       MDK-ARM Professional  Version: 5.14.0.0
Toolchain Path:  D:\MDK\ARM\ARMCC\Bin
C Compiler:      Armcc.exe V5.05 update 1 (build 106)
Assembler:       Armasm.exe V5.05 update 1 (build 106)
Linker/Locator:  ArmLink.exe V5.05 update 1 (build 106)
Library Manager: ArmAr.exe V5.05 update 1 (build 106)
Hex Converter:   FromElf.exe V5.05 update 1 (build 106)
CPU DLL:         SARMCM3.DLL V5.14.0.0
Dialog DLL:      DCM.DLL V1.13.1.0
Target DLL:      Segger\JL2CM3.dll V2.99.13.0
Dialog DLL:      TCM.DLL V1.14.4.0
 
<h2>Project:</h2>
C:\Users\think\Desktop\stm32F407cube\windtunnel\MDK-ARM\windtunnel.uvprojx
Project File Date:  10/31/2016

<h2>Output:</h2>
Rebuild target 'windtunnel Configuration'
compiling stm32f4xx_hal_flash_ramfunc.c...
compiling stm32f4xx_hal_pwr_ex.c...
compiling stm32f4xx_hal.c...
compiling stm32f4xx_hal_rcc.c...
compiling stm32f4xx_hal_flash_ex.c...
compiling stm32f4xx_hal_pwr.c...
compiling stm32f4xx_hal_spi.c...
compiling stm32f4xx_hal_tim_ex.c...
compiling stm32f4xx_hal_cortex.c...
compiling stm32f4xx_hal_dma_ex.c...
compiling stm32f4xx_hal_gpio.c...
compiling stm32f4xx_hal_uart.c...
compiling stm32f4xx_hal_dma.c...
compiling stm32f4xx_hal_flash.c...
compiling stm32f4xx_hal_tim.c...
compiling stm32f4xx_hal_rcc_ex.c...
compiling system_stm32f4xx.c...
compiling tasks.c...
compiling queue.c...
compiling cmsis_os.c...
compiling heap_4.c...
compiling list.c...
compiling event_groups.c...
compiling port.c...
compiling croutine.c...
compiling timers.c...
assembling startup_stm32f407xx.s...
compiling stm32f4xx_it.c...
..\Src\stm32f4xx_it.c(100): warning:  #177-D: variable "uxSavedInterruptStatus" was declared but never referenced
        UBaseType_t uxSavedInterruptStatus;
..\Src\stm32f4xx_it.c: 1 warning, 0 errors
compiling freertos.c...
..\Src\freertos.c(112): warning:  #188-D: enumerated type mixed with another type
        osThreadDef(AS5600_Thread1,AS5600Thread,0,0,512);
..\Src\freertos.c(115): warning:  #188-D: enumerated type mixed with another type
        osThreadDef(StartSampleThread,StartSampleThread,1,0,512);
..\Src\freertos.c(118): warning:  #188-D: enumerated type mixed with another type
        osThreadDef(Data_Receive_Thread3,DataReceiveThread,3,0,512);
..\Src\freertos.c(121): warning:  #188-D: enumerated type mixed with another type
        osThreadDef(StartMsgSendThread, StartMsgSendThread,2, 0, 128);
..\Src\freertos.c(87): warning:  #177-D: variable "Hall" was declared but never referenced
      uint16_t Hall[4];
..\Src\freertos.c(88): warning:  #177-D: variable "data" was declared but never referenced
        uint8_t data;
..\Src\freertos.c(207): warning:  #177-D: variable "uxSavedInterruptStatus" was declared but never referenced
        UBaseType_t uxSavedInterruptStatus;
..\Src\freertos.c: 7 warnings, 0 errors
compiling main.c...
compiling stm32f4xx_hal_msp.c...
compiling gpio.c...
compiling spi.c...
compiling tim.c...
compiling usart.c...
compiling i2c_soft.c...
compiling as5600.c...
compiling dma.c...
compiling mavlink_task.c...
..\Src\mavlink_task.c(51): warning:  #177-D: variable "data" was declared but never referenced
        uint8_t data=0;
..\Src\mavlink_task.c(55): warning:  #177-D: variable "xMaxBlockTime" was declared but never referenced
        const TickType_t xMaxBlockTime = pdMS_TO_TICKS(5); /* 设置最大等待时间为10ms */
..\Src\mavlink_task.c: 2 warnings, 0 errors
linking...
Program Size: Code=26064 RO-data=896 RW-data=184 ZI-data=18768  
"windtunnel Configuration\windtunnel Configuration.axf" - 0 Error(s), 10 Warning(s).

<h2>Collection of Component include folders:</h2>
  C:\Users\think\Desktop\stm32F407cube\windtunnel\MDK-ARM\RTE
  D:\MDK\ARM\PACK\Keil\STM32F4xx_DFP\1.0.8\Device\Include

<h2>Collection of Component Files used:</h2>
</pre>
</body>
</html>
